Component: Arm Compiler for Embedded 6.19 Tool: armlink [5e73cb00]

==============================================================================

Section Cross References

    main.o(.text.main) refers to sysctl.o(i.SysCtlClockSet) for SysCtlClockSet
    main.o(.text.main) refers to port_config.o(.text.PortA_Config) for PortA_Config
    main.o(.text.main) refers to queue.o(.text.xQueueGenericCreate) for xQueueGenericCreate
    main.o(.text.main) refers to main.o(.bss.xDriverUpSem) for xDriverUpSem
    main.o(.text.main) refers to main.o(.bss.xDriverDownSem) for xDriverDownSem
    main.o(.text.main) refers to main.o(.bss.xPassengerUpSem) for xPassengerUpSem
    main.o(.text.main) refers to main.o(.bss.xPassengerDownSem) for xPassengerDownSem
    main.o(.text.main) refers to main.o(.text.ISRHandlers) for ISRHandlers
    main.o(.text.main) refers to gpio.o(i.GPIOIntRegister) for GPIOIntRegister
    main.o(.text.main) refers to gpio.o(i.GPIOIntTypeSet) for GPIOIntTypeSet
    main.o(.text.main) refers to gpio.o(i.GPIOIntEnable) for GPIOIntEnable
    main.o(.text.main) refers to interrupt.o(i.IntEnable) for IntEnable
    main.o(.text.main) refers to interrupt.o(i.IntPrioritySet) for IntPrioritySet
    main.o(.text.main) refers to main.o(.bss.xDriverWindowElevateTaskHandle) for xDriverWindowElevateTaskHandle
    main.o(.text.main) refers to main.o(.text.vDriverWindowElevateTask) for vDriverWindowElevateTask
    main.o(.text.main) refers to main.o(.rodata.str1.1) for .L.str
    main.o(.text.main) refers to tasks.o(.text.xTaskCreate) for xTaskCreate
    main.o(.text.main) refers to main.o(.bss.xDriverWindowLowerTaskHandle) for xDriverWindowLowerTaskHandle
    main.o(.text.main) refers to main.o(.text.vDriverWindowLowerTask) for vDriverWindowLowerTask
    main.o(.text.main) refers to main.o(.bss.xPassengerWindowElevateTaskHandle) for xPassengerWindowElevateTaskHandle
    main.o(.text.main) refers to main.o(.text.vPassengerWindowElevateTask) for vPassengerWindowElevateTask
    main.o(.text.main) refers to main.o(.bss.xPassengerWindowLowerTaskHandle) for xPassengerWindowLowerTaskHandle
    main.o(.text.main) refers to main.o(.text.vPassengerWindowLowerTask) for vPassengerWindowLowerTask
    main.o(.text.main) refers to main.o(.text.vDebounceTimerCallback) for vDebounceTimerCallback
    main.o(.text.main) refers to timers.o(.text.xTimerCreate) for xTimerCreate
    main.o(.text.main) refers to main.o(.bss.xDebounceTimer) for xDebounceTimer
    main.o(.text.main) refers to tasks.o(.text.vTaskStartScheduler) for vTaskStartScheduler
    main.o(.ARM.exidx.text.main) refers to main.o(.text.main) for [Anonymous Symbol]
    main.o(.text.ISRHandlers) refers to main.o(.bss.debounce_in_progress) for debounce_in_progress
    main.o(.text.ISRHandlers) refers to gpio.o(i.GPIOIntClear) for GPIOIntClear
    main.o(.text.ISRHandlers) refers to main.o(.bss.xDebounceTimer) for xDebounceTimer
    main.o(.text.ISRHandlers) refers to tasks.o(.text.xTaskGetTickCountFromISR) for xTaskGetTickCountFromISR
    main.o(.text.ISRHandlers) refers to timers.o(.text.xTimerGenericCommandFromISR) for xTimerGenericCommandFromISR
    main.o(.text.ISRHandlers) refers to gpio.o(i.GPIOIntStatus) for GPIOIntStatus
    main.o(.text.ISRHandlers) refers to main.o(.bss.last_task) for last_task
    main.o(.text.ISRHandlers) refers to main.o(.bss.xDriverUpSem) for xDriverUpSem
    main.o(.text.ISRHandlers) refers to queue.o(.text.xQueueGiveFromISR) for xQueueGiveFromISR
    main.o(.text.ISRHandlers) refers to gpio.o(i.GPIOPinWrite) for GPIOPinWrite
    main.o(.text.ISRHandlers) refers to main.o(.bss.xDriverDownSem) for xDriverDownSem
    main.o(.text.ISRHandlers) refers to main.o(.bss.lock_state) for lock_state
    main.o(.text.ISRHandlers) refers to main.o(.bss.xPassengerUpSem) for xPassengerUpSem
    main.o(.text.ISRHandlers) refers to main.o(.bss.xPassengerDownSem) for xPassengerDownSem
    main.o(.ARM.exidx.text.ISRHandlers) refers to main.o(.text.ISRHandlers) for [Anonymous Symbol]
    main.o(.text.vDriverWindowElevateTask) refers to main.o(.bss.xDriverUpSem) for xDriverUpSem
    main.o(.text.vDriverWindowElevateTask) refers to queue.o(.text.xQueueSemaphoreTake) for xQueueSemaphoreTake
    main.o(.text.vDriverWindowElevateTask) refers to tasks.o(.text.vTaskDelay) for vTaskDelay
    main.o(.text.vDriverWindowElevateTask) refers to gpio.o(i.GPIOPinRead) for GPIOPinRead
    main.o(.text.vDriverWindowElevateTask) refers to main.o(.bss.driver_elevate_button_state) for driver_elevate_button_state
    main.o(.text.vDriverWindowElevateTask) refers to main.o(.data.window_state) for window_state
    main.o(.text.vDriverWindowElevateTask) refers to gpio.o(i.GPIOPinWrite) for GPIOPinWrite
    main.o(.text.vDriverWindowElevateTask) refers to main.o(.bss.operation) for operation
    main.o(.text.vDriverWindowElevateTask) refers to main.o(.bss.last_task) for last_task
[...]
    vPortEnableVFP                           0x00002825   Thumb Code    20  port.o(.text.vPortEnableVFP)
    [Anonymous Symbol]                       0x00002824   Section        0  port.o(.text.vPortEnableVFP)
    [Anonymous Symbol]                       0x00002838   Section        0  port.o(.text.vPortEnterCritical)
    [Anonymous Symbol]                       0x00002868   Section        0  port.o(.text.vPortExitCritical)
    [Anonymous Symbol]                       0x00002890   Section        0  heap_4.o(.text.vPortFree)
    [Anonymous Symbol]                       0x00002908   Section        0  port.o(.text.vPortSetupTimerInterrupt)
    [Anonymous Symbol]                       0x0000294c   Section        0  queue.o(.text.vQueueDelete)
    [Anonymous Symbol]                       0x00002970   Section        0  queue.o(.text.vQueueWaitForMessageRestricted)
    [Anonymous Symbol]                       0x000029d4   Section        0  tasks.o(.text.vTaskDelay)
    [Anonymous Symbol]                       0x00002a20   Section        0  tasks.o(.text.vTaskInternalSetTimeOutState)
    [Anonymous Symbol]                       0x00002a44   Section        0  tasks.o(.text.vTaskMissedYield)
    [Anonymous Symbol]                       0x00002a54   Section        0  tasks.o(.text.vTaskPlaceOnEventList)
    [Anonymous Symbol]                       0x00002a7c   Section        0  tasks.o(.text.vTaskPlaceOnEventListRestricted)
    [Anonymous Symbol]                       0x00002ae0   Section        0  tasks.o(.text.vTaskPriorityDisinheritAfterTimeout)
    [Anonymous Symbol]                       0x00002c18   Section        0  tasks.o(.text.vTaskStartScheduler)
    [Anonymous Symbol]                       0x00002c8c   Section        0  tasks.o(.text.vTaskSuspendAll)
    __tagsym$$used.0                         0x00002c9c   Number         0  tasks.o(.text.vTaskSwitchContext)
    [Anonymous Symbol]                       0x00002c9c   Section        0  tasks.o(.text.vTaskSwitchContext)
    [Anonymous Symbol]                       0x00002db8   Section        0  port.o(.text.xPortStartScheduler)
    [Anonymous Symbol]                       0x00002e24   Section        0  port.o(.text.xPortSysTickHandler)
    [Anonymous Symbol]                       0x00002e64   Section        0  queue.o(.text.xQueueCreateMutex)
    [Anonymous Symbol]                       0x00002e8c   Section        0  queue.o(.text.xQueueCreateMutexStatic)
    [Anonymous Symbol]                       0x00002ec0   Section        0  queue.o(.text.xQueueGenericCreate)
    [Anonymous Symbol]                       0x00002f48   Section        0  queue.o(.text.xQueueGenericCreateStatic)
    [Anonymous Symbol]                       0x00002fb4   Section        0  queue.o(.text.xQueueGenericReset)
    [Anonymous Symbol]                       0x00003084   Section        0  queue.o(.text.xQueueGenericSend)
    [Anonymous Symbol]                       0x000031f0   Section        0  queue.o(.text.xQueueGenericSendFromISR)
    [Anonymous Symbol]                       0x000032c8   Section        0  queue.o(.text.xQueueGiveFromISR)
    [Anonymous Symbol]                       0x00003390   Section        0  queue.o(.text.xQueueReceive)
    [Anonymous Symbol]                       0x000034e4   Section        0  queue.o(.text.xQueueSemaphoreTake)
    [Anonymous Symbol]                       0x00003684   Section        0  tasks.o(.text.xTaskCheckForTimeOut)
    [Anonymous Symbol]                       0x00003748   Section        0  tasks.o(.text.xTaskCreate)
    [Anonymous Symbol]                       0x0000379c   Section        0  tasks.o(.text.xTaskCreateStatic)
    [Anonymous Symbol]                       0x000037f8   Section        0  tasks.o(.text.xTaskGetSchedulerState)
    [Anonymous Symbol]                       0x00003830   Section        0  tasks.o(.text.xTaskGetTickCount)
    [Anonymous Symbol]                       0x00003844   Section        0  tasks.o(.text.xTaskGetTickCountFromISR)
    [Anonymous Symbol]                       0x0000385c   Section        0  tasks.o(.text.xTaskIncrementTick)
    [Anonymous Symbol]                       0x00003abc   Section        0  tasks.o(.text.xTaskPriorityDisinherit)
    [Anonymous Symbol]                       0x00003bb0   Section        0  tasks.o(.text.xTaskPriorityInherit)
    [Anonymous Symbol]                       0x00003d0c   Section        0  tasks.o(.text.xTaskRemoveFromEventList)
    [Anonymous Symbol]                       0x00003ea0   Section        0  tasks.o(.text.xTaskResumeAll)
    [Anonymous Symbol]                       0x000040e0   Section        0  timers.o(.text.xTimerCreate)
    [Anonymous Symbol]                       0x0000412c   Section        0  timers.o(.text.xTimerCreateTimerTask)
    [Anonymous Symbol]                       0x000041a4   Section        0  timers.o(.text.xTimerGenericCommandFromISR)
    i.GPIODirModeSet                         0x000041fc   Section        0  gpio.o(i.GPIODirModeSet)
    i.GPIOIntClear                           0x00004224   Section        0  gpio.o(i.GPIOIntClear)
    i.GPIOIntEnable                          0x0000422a   Section        0  gpio.o(i.GPIOIntEnable)
    i.GPIOIntRegister                        0x00004238   Section        0  gpio.o(i.GPIOIntRegister)
    i.GPIOIntStatus                          0x00004290   Section        0  gpio.o(i.GPIOIntStatus)
    i.GPIOIntTypeSet                         0x0000429e   Section        0  gpio.o(i.GPIOIntTypeSet)
    i.GPIOPadConfigSet                       0x000042ee   Section        0  gpio.o(i.GPIOPadConfigSet)
    i.GPIOPinRead                            0x00004428   Section        0  gpio.o(i.GPIOPinRead)
    i.GPIOPinTypeGPIOInput                   0x0000442e   Section        0  gpio.o(i.GPIOPinTypeGPIOInput)
    i.GPIOPinTypeGPIOOutput                  0x0000444a   Section        0  gpio.o(i.GPIOPinTypeGPIOOutput)
    i.GPIOPinWrite                           0x00004466   Section        0  gpio.o(i.GPIOPinWrite)
    i.IntEnable                              0x0000446c   Section        0  interrupt.o(i.IntEnable)
    i.IntPrioritySet                         0x000044d0   Section        0  interrupt.o(i.IntPrioritySet)
    i.IntRegister                            0x000044f8   Section        0  interrupt.o(i.IntRegister)
    i.SysCtlClockSet                         0x0000452c   Section        0  sysctl.o(i.SysCtlClockSet)
    i.SysCtlPeripheralEnable                 0x0000464c   Section        0  sysctl.o(i.SysCtlPeripheralEnable)
    i.SysCtlPeripheralReady                  0x00004674   Section        0  sysctl.o(i.SysCtlPeripheralReady)
    i.SysCtlSleep                            0x000046a0   Section        0  sysctl.o(i.SysCtlSleep)
    $v0                                      0x000046a4   Number         0  fpinit.o(x$fpl$fpinit)
    x$fpl$fpinit                             0x000046a4   Section       26  fpinit.o(x$fpl$fpinit)
    g_ppui32GPIOIntMapBlizzard               0x000046c0   Data         192  gpio.o(.constdata)
    .constdata                               0x000046c0   Section      528  gpio.o(.constdata)
    g_ppui32GPIOIntMapSnowflake              0x00004780   Data         192  gpio.o(.constdata)
    g_pui32GPIOBaseAddrs                     0x00004840   Data         144  gpio.o(.constdata)
    g_pui32Priority                          0x000048d0   Data          32  interrupt.o(.constdata)
    .constdata                               0x000048d0   Section      268  interrupt.o(.constdata)
    g_pui32Regs                              0x000048f0   Data         156  interrupt.o(.constdata)
    g_pui32EnRegs                            0x0000498c   Data          20  interrupt.o(.constdata)
    g_pui32Dii16Regs                         0x000049a0   Data          20  interrupt.o(.constdata)
    g_pui32PendRegs                          0x000049b4   Data          20  interrupt.o(.constdata)
    g_pui32UnpendRegs                        0x000049c8   Data          20  interrupt.o(.constdata)
    .L.str.3                                 0x000049dc   Data           4  main.o(.rodata.str1.1)
    [Anonymous Symbol]                       0x000049dc   Section        0  main.o(.rodata.str1.1)
    .L.str.1                                 0x000049e0   Data           6  main.o(.rodata.str1.1)
    .L.str.2                                 0x000049e6   Data           4  main.o(.rodata.str1.1)
    .L.str                                   0x000049ea   Data           6  main.o(.rodata.str1.1)
    .L.str.4                                 0x000049f0   Data          14  main.o(.rodata.str1.1)
    .L.str                                   0x000049fe   Data           5  tasks.o(.rodata.str1.1)
    [Anonymous Symbol]                       0x000049fe   Section        0  tasks.o(.rodata.str1.1)
    .L.str                                   0x00004a03   Data           8  timers.o(.rodata.str1.1)
    [Anonymous Symbol]                       0x00004a03   Section        0  timers.o(.rodata.str1.1)
    uxTopUsedPriority                        0x00004a0c   Data           4  tasks.o(.rodata.uxTopUsedPriority)
    [Anonymous Symbol]                       0x00004a0c   Section        0  tasks.o(.rodata.uxTopUsedPriority)
    uxCriticalNesting                        0x20000004   Data           4  port.o(.data.uxCriticalNesting)
    [Anonymous Symbol]                       0x20000004   Section        0  port.o(.data.uxCriticalNesting)
    g_pfnRAMVectors                          0x20000400   Data         620  interrupt.o(vtable)
    vtable                                   0x20000400   Section      620  interrupt.o(vtable)
    .bss                                     0x20000670   Section       96  libspace.o(.bss)
    clib_mutex_cb                            0x200006d0   Data         400  clib_os.o(.bss.clib_mutex_cb)
    [Anonymous Symbol]                       0x200006d0   Section        0  clib_os.o(.bss.clib_mutex_cb)
    clib_mutex_id                            0x20000860   Data          20  clib_os.o(.bss.clib_mutex_id)
    [Anonymous Symbol]                       0x20000860   Section        0  clib_os.o(.bss.clib_mutex_id)
    prvCheckForValidListAndQueue.ucStaticTimerQueueStorage 0x20000880   Data          80  timers.o(.bss.prvCheckForValidListAndQueue.ucStaticTimerQueueStorage)
    [Anonymous Symbol]                       0x20000880   Section        0  timers.o(.bss.prvCheckForValidListAndQueue.ucStaticTimerQueueStorage)
    prvCheckForValidListAndQueue.xStaticTimerQueue 0x200008d0   Data          80  timers.o(.bss.prvCheckForValidListAndQueue.xStaticTimerQueue)
    [Anonymous Symbol]                       0x200008d0   Section        0  timers.o(.bss.prvCheckForValidListAndQueue.xStaticTimerQueue)
    prvSampleTimeNow.xLastTime               0x20000920   Data           4  timers.o(.bss.prvSampleTimeNow.xLastTime)
    [Anonymous Symbol]                       0x20000920   Section        0  timers.o(.bss.prvSampleTimeNow.xLastTime)
    __tagsym$$used.1                         0x20000924   Number         0  tasks.o(.bss.pxCurrentTCB)
    pxCurrentTimerList                       0x20000928   Data           4  timers.o(.bss.pxCurrentTimerList)
    [Anonymous Symbol]                       0x20000928   Section        0  timers.o(.bss.pxCurrentTimerList)
    pxDelayedTaskList                        0x2000092c   Data           4  tasks.o(.bss.pxDelayedTaskList)
    [Anonymous Symbol]                       0x2000092c   Section        0  tasks.o(.bss.pxDelayedTaskList)
    pxEnd                                    0x20000930   Data           4  heap_4.o(.bss.pxEnd)
    [Anonymous Symbol]                       0x20000930   Section        0  heap_4.o(.bss.pxEnd)
    pxOverflowDelayedTaskList                0x20000934   Data           4  tasks.o(.bss.pxOverflowDelayedTaskList)
    [Anonymous Symbol]                       0x20000934   Section        0  tasks.o(.bss.pxOverflowDelayedTaskList)
    pxOverflowTimerList                      0x20000938   Data           4  timers.o(.bss.pxOverflowTimerList)
    [Anonymous Symbol]                       0x20000938   Section        0  timers.o(.bss.pxOverflowTimerList)
    pxReadyTasksLists                        0x2000093c   Data        1120  tasks.o(.bss.pxReadyTasksLists)
    [Anonymous Symbol]                       0x2000093c   Section        0  tasks.o(.bss.pxReadyTasksLists)
    ucHeap                                   0x20000d9c   Data        8192  heap_4.o(.bss.ucHeap)
    [Anonymous Symbol]                       0x20000d9c   Section        0  heap_4.o(.bss.ucHeap)
    uxCurrentNumberOfTasks                   0x20002d9c   Data           4  tasks.o(.bss.uxCurrentNumberOfTasks)
    [Anonymous Symbol]                       0x20002d9c   Section        0  tasks.o(.bss.uxCurrentNumberOfTasks)
    uxDeletedTasksWaitingCleanUp             0x20002da0   Data           4  tasks.o(.bss.uxDeletedTasksWaitingCleanUp)
    [Anonymous Symbol]                       0x20002da0   Section        0  tasks.o(.bss.uxDeletedTasksWaitingCleanUp)
    uxSchedulerSuspended                     0x20002da4   Data           4  tasks.o(.bss.uxSchedulerSuspended)
    [Anonymous Symbol]                       0x20002da4   Section        0  tasks.o(.bss.uxSchedulerSuspended)
    uxTaskNumber                             0x20002da8   Data           4  tasks.o(.bss.uxTaskNumber)
    [Anonymous Symbol]                       0x20002da8   Section        0  tasks.o(.bss.uxTaskNumber)
    uxTopReadyPriority                       0x20002dac   Data           4  tasks.o(.bss.uxTopReadyPriority)
    [Anonymous Symbol]                       0x20002dac   Section        0  tasks.o(.bss.uxTopReadyPriority)
    vApplicationGetIdleTaskMemory.uxIdleTaskStack 0x20002db0   Data         512  tasks.o(.bss.vApplicationGetIdleTaskMemory.uxIdleTaskStack)
    [Anonymous Symbol]                       0x20002db0   Section        0  tasks.o(.bss.vApplicationGetIdleTaskMemory.uxIdleTaskStack)
    vApplicationGetIdleTaskMemory.xIdleTaskTCB 0x20002fb0   Data          92  tasks.o(.bss.vApplicationGetIdleTaskMemory.xIdleTaskTCB)
    [Anonymous Symbol]                       0x20002fb0   Section        0  tasks.o(.bss.vApplicationGetIdleTaskMemory.xIdleTaskTCB)
    vApplicationGetTimerTaskMemory.uxTimerTaskStack 0x2000300c   Data         320  tasks.o(.bss.vApplicationGetTimerTaskMemory.uxTimerTaskStack)
    [Anonymous Symbol]                       0x2000300c   Section        0  tasks.o(.bss.vApplicationGetTimerTaskMemory.uxTimerTaskStack)
    vApplicationGetTimerTaskMemory.xTimerTaskTCB 0x2000314c   Data          92  tasks.o(.bss.vApplicationGetTimerTaskMemory.xTimerTaskTCB)
    [Anonymous Symbol]                       0x2000314c   Section        0  tasks.o(.bss.vApplicationGetTimerTaskMemory.xTimerTaskTCB)
    xActiveTimerList1                        0x200031a8   Data          20  timers.o(.bss.xActiveTimerList1)
    [Anonymous Symbol]                       0x200031a8   Section        0  timers.o(.bss.xActiveTimerList1)
    xActiveTimerList2                        0x200031bc   Data          20  timers.o(.bss.xActiveTimerList2)
    [Anonymous Symbol]                       0x200031bc   Section        0  timers.o(.bss.xActiveTimerList2)
    xDelayedTaskList1                        0x200031d4   Data          20  tasks.o(.bss.xDelayedTaskList1)
    [Anonymous Symbol]                       0x200031d4   Section        0  tasks.o(.bss.xDelayedTaskList1)
    xDelayedTaskList2                        0x200031e8   Data          20  tasks.o(.bss.xDelayedTaskList2)
    [Anonymous Symbol]                       0x200031e8   Section        0  tasks.o(.bss.xDelayedTaskList2)
    xDriverDownSem                           0x200031fc   Data           4  main.o(.bss.xDriverDownSem)
    [Anonymous Symbol]                       0x200031fc   Section        0  main.o(.bss.xDriverDownSem)
    xDriverUpSem                             0x20003200   Data           4  main.o(.bss.xDriverUpSem)
    [Anonymous Symbol]                       0x20003200   Section        0  main.o(.bss.xDriverUpSem)
    xFreeBytesRemaining                      0x2000320c   Data           4  heap_4.o(.bss.xFreeBytesRemaining)
    [Anonymous Symbol]                       0x2000320c   Section        0  heap_4.o(.bss.xFreeBytesRemaining)
    xIdleTaskHandles                         0x20003210   Data           4  tasks.o(.bss.xIdleTaskHandles)
    [Anonymous Symbol]                       0x20003210   Section        0  tasks.o(.bss.xIdleTaskHandles)
    xMinimumEverFreeBytesRemaining           0x20003214   Data           4  heap_4.o(.bss.xMinimumEverFreeBytesRemaining)
    [Anonymous Symbol]                       0x20003214   Section        0  heap_4.o(.bss.xMinimumEverFreeBytesRemaining)
    xNextTaskUnblockTime                     0x20003218   Data           4  tasks.o(.bss.xNextTaskUnblockTime)
    [Anonymous Symbol]                       0x20003218   Section        0  tasks.o(.bss.xNextTaskUnblockTime)
    xNumOfOverflows                          0x2000321c   Data           4  tasks.o(.bss.xNumOfOverflows)
    [Anonymous Symbol]                       0x2000321c   Section        0  tasks.o(.bss.xNumOfOverflows)
    xNumberOfSuccessfulAllocations           0x20003220   Data           4  heap_4.o(.bss.xNumberOfSuccessfulAllocations)
    [Anonymous Symbol]                       0x20003220   Section        0  heap_4.o(.bss.xNumberOfSuccessfulAllocations)
    xNumberOfSuccessfulFrees                 0x20003224   Data           4  heap_4.o(.bss.xNumberOfSuccessfulFrees)
    [Anonymous Symbol]                       0x20003224   Section        0  heap_4.o(.bss.xNumberOfSuccessfulFrees)
    xPassengerDownSem                        0x20003228   Data           4  main.o(.bss.xPassengerDownSem)
    [Anonymous Symbol]                       0x20003228   Section        0  main.o(.bss.xPassengerDownSem)
    xPassengerUpSem                          0x2000322c   Data           4  main.o(.bss.xPassengerUpSem)
    [Anonymous Symbol]                       0x2000322c   Section        0  main.o(.bss.xPassengerUpSem)
    xPendedTicks                             0x20003238   Data           4  tasks.o(.bss.xPendedTicks)
    [Anonymous Symbol]                       0x20003238   Section        0  tasks.o(.bss.xPendedTicks)
    xPendingReadyList                        0x2000323c   Data          20  tasks.o(.bss.xPendingReadyList)
    [Anonymous Symbol]                       0x2000323c   Section        0  tasks.o(.bss.xPendingReadyList)
    xSchedulerRunning                        0x20003250   Data           4  tasks.o(.bss.xSchedulerRunning)
    [Anonymous Symbol]                       0x20003250   Section        0  tasks.o(.bss.xSchedulerRunning)
    xStart                                   0x20003254   Data           8  heap_4.o(.bss.xStart)
    [Anonymous Symbol]                       0x20003254   Section        0  heap_4.o(.bss.xStart)
    xSuspendedTaskList                       0x2000325c   Data          20  tasks.o(.bss.xSuspendedTaskList)
    [Anonymous Symbol]                       0x2000325c   Section        0  tasks.o(.bss.xSuspendedTaskList)
    xTasksWaitingTermination                 0x20003270   Data          20  tasks.o(.bss.xTasksWaitingTermination)
    [Anonymous Symbol]                       0x20003270   Section        0  tasks.o(.bss.xTasksWaitingTermination)
    xTickCount                               0x20003284   Data           4  tasks.o(.bss.xTickCount)
    [Anonymous Symbol]                       0x20003284   Section        0  tasks.o(.bss.xTickCount)
    xTimerQueue                              0x20003288   Data           4  timers.o(.bss.xTimerQueue)
    [Anonymous Symbol]                       0x20003288   Section        0  timers.o(.bss.xTimerQueue)
    xTimerTaskHandle                         0x2000328c   Data           4  timers.o(.bss.xTimerTaskHandle)
    [Anonymous Symbol]                       0x2000328c   Section        0  timers.o(.bss.xTimerTaskHandle)
    xYieldPendings                           0x20003290   Data           4  tasks.o(.bss.xYieldPendings)
    [Anonymous Symbol]                       0x20003290   Section        0  tasks.o(.bss.xYieldPendings)
    Heap_Mem                                 0x20003298   Data           0  startup_tm4c123.o(HEAP)
    Stack_Mem                                0x20003298   Data         512  startup_tm4c123.o(STACK)
    HEAP                                     0x20003298   Section        0  startup_tm4c123.o(HEAP)
    STACK                                    0x20003298   Section      512  startup_tm4c123.o(STACK)
    __initial_sp                             0x20003498   Data           0  startup_tm4c123.o(STACK)

    Global Symbols

    Symbol Name                              Value     Ov Type        Size  Object(Section)

    BuildAttributes$$THM_ISAv4$E$P$D$K$B$S$7EM$VFPi3$EXTD16$VFPS$VFMA$PE$A:L22UL41UL21$X:L11$S22US41US21$IEEE1$IW$~IW$USESV6$~STKCKD$USESV7$~SHL$OTIME$ROPI$EBA8$UX$STANDARDLIB$REQ8$PRES8$EABIv2 0x00000000   Number         0  anon$$obj.o ABSOLUTE
    __Vectors                                0x00000000   Data           4  startup_tm4c123.o(RESET)
    __ARM_exceptions_init                     - Undefined Weak Reference
    __alloca_initialize                       - Undefined Weak Reference
    __arm_preinit_                            - Undefined Weak Reference
    __arm_relocate_pie_                       - Undefined Weak Reference
    __cpp_initialize__aeabi_                  - Undefined Weak Reference
    __cxa_finalize                            - Undefined Weak Reference
    __rt_locale                               - Undefined Weak Reference
    __sigvec_lookup                           - Undefined Weak Reference
    _atexit_init                              - Undefined Weak Reference
    _call_atexit_fns                          - Undefined Weak Reference
    _clock_init                               - Undefined Weak Reference
    _fp_trap_init                             - Undefined Weak Reference
    _fp_trap_shutdown                         - Undefined Weak Reference
    _get_lc_collate                           - Undefined Weak Reference
    _get_lc_ctype                             - Undefined Weak Reference
    _get_lc_monetary                          - Undefined Weak Reference
    _get_lc_numeric                           - Undefined Weak Reference
    _get_lc_time                              - Undefined Weak Reference
    _getenv_init                              - Undefined Weak Reference
    _handle_redirection                       - Undefined Weak Reference
    _init_alloc                               - Undefined Weak Reference
    _init_user_alloc                          - Undefined Weak Reference
    _initio                                   - Undefined Weak Reference
    _rand_init                                - Undefined Weak Reference
    _signal_finish                            - Undefined Weak Reference
    _signal_init                              - Undefined Weak Reference
    _terminate_alloc                          - Undefined Weak Reference
    _terminate_user_alloc                     - Undefined Weak Reference
    _terminateio                              - Undefined Weak Reference
    __Vectors_End                            0x0000026c   Data           0  startup_tm4c123.o(RESET)
    __Vectors_Size                           0x0000026c   Number         0  startup_tm4c123.o ABSOLUTE
    __main                                   0x0000026d   Thumb Code     8  __main.o(!!!main)
    __scatterload                            0x00000275   Thumb Code     0  __scatter.o(!!!scatter)
    __scatterload_rt2                        0x00000275   Thumb Code    44  __scatter.o(!!!scatter)
    __scatterload_rt2_thumb_only             0x00000275   Thumb Code     0  __scatter.o(!!!scatter)
    __scatterload_null                       0x00000283   Thumb Code     0  __scatter.o(!!!scatter)
    __decompress                             0x000002a9   Thumb Code    58  __dczerorl.o(!!dczerorl)
    __decompress0                            0x000002a9   Thumb Code     0  __dczerorl.o(!!dczerorl)
    __scatterload_zeroinit                   0x000002e5   Thumb Code    28  __scatter_zi.o(!!handler_zi)
    __rt_lib_init                            0x00000301   Thumb Code     0  libinit.o(.ARM.Collect$$libinit$$00000000)
    __rt_lib_init_fp_1                       0x00000303   Thumb Code     0  libinit2.o(.ARM.Collect$$libinit$$00000001)
    __rt_lib_init_alloca_1                   0x00000307   Thumb Code     0  libinit2.o(.ARM.Collect$$libinit$$00000030)
    __rt_lib_init_argv_1                     0x00000307   Thumb Code     0  libinit2.o(.ARM.Collect$$libinit$$0000002E)
    __rt_lib_init_atexit_1                   0x00000307   Thumb Code     0  libinit2.o(.ARM.Collect$$libinit$$0000001D)
    __rt_lib_init_clock_1                    0x00000307   Thumb Code     0  libinit2.o(.ARM.Collect$$libinit$$00000023)
    __rt_lib_init_cpp_1                      0x00000307   Thumb Code     0  libinit2.o(.ARM.Collect$$libinit$$00000034)
    __rt_lib_init_exceptions_1               0x00000307   Thumb Code     0  libinit2.o(.ARM.Collect$$libinit$$00000032)
    __rt_lib_init_fp_trap_1                  0x00000307   Thumb Code     0  libinit2.o(.ARM.Collect$$libinit$$00000021)
    __rt_lib_init_getenv_1                   0x00000307   Thumb Code     0  libinit2.o(.ARM.Collect$$libinit$$00000025)
    __rt_lib_init_heap_1                     0x00000307   Thumb Code     0  libinit2.o(.ARM.Collect$$libinit$$0000000C)
    __rt_lib_init_lc_collate_1               0x00000307   Thumb Code     0  libinit2.o(.ARM.Collect$$libinit$$00000013)
    __rt_lib_init_lc_ctype_1                 0x00000307   Thumb Code     0  libinit2.o(.ARM.Collect$$libinit$$00000015)
    __rt_lib_init_lc_monetary_1              0x00000307   Thumb Code     0  libinit2.o(.ARM.Collect$$libinit$$00000017)
    __rt_lib_init_lc_numeric_1               0x00000307   Thumb Code     0  libinit2.o(.ARM.Collect$$libinit$$00000019)
    __rt_lib_init_lc_time_1                  0x00000307   Thumb Code     0  libinit2.o(.ARM.Collect$$libinit$$0000001B)
    __rt_lib_init_preinit_1                  0x00000307   Thumb Code     0  libinit2.o(.ARM.Collect$$libinit$$00000006)
    __rt_lib_init_rand_1                     0x00000307   Thumb Code     0  libinit2.o(.ARM.Collect$$libinit$$00000010)
    __rt_lib_init_relocate_pie_1             0x00000307   Thumb Code     0  libinit2.o(.ARM.Collect$$libinit$$00000004)
    __rt_lib_init_return                     0x00000307   Thumb Code     0  libinit2.o(.ARM.Collect$$libinit$$00000035)
    __rt_lib_init_signal_1                   0x00000307   Thumb Code     0  libinit2.o(.ARM.Collect$$libinit$$0000001F)
    __rt_lib_init_stdio_1                    0x00000307   Thumb Code     0  libinit2.o(.ARM.Collect$$libinit$$00000027)
    __rt_lib_init_user_alloc_1               0x00000307   Thumb Code     0  libinit2.o(.ARM.Collect$$libinit$$0000000E)
    __rt_lib_shutdown                        0x00000309   Thumb Code     0  libshutdown.o(.ARM.Collect$$libshutdown$$00000000)
    __rt_lib_shutdown_cpp_1                  0x0000030b   Thumb Code     0  libshutdown2.o(.ARM.Collect$$libshutdown$$00000002)
    __rt_lib_shutdown_fp_trap_1              0x0000030b   Thumb Code     0  libshutdown2.o(.ARM.Collect$$libshutdown$$00000007)
    __rt_lib_shutdown_heap_1                 0x0000030b   Thumb Code     0  libshutdown2.o(.ARM.Collect$$libshutdown$$0000000F)
    __rt_lib_shutdown_return                 0x0000030b   Thumb Code     0  libshutdown2.o(.ARM.Collect$$libshutdown$$00000010)
    __rt_lib_shutdown_signal_1               0x0000030b   Thumb Code     0  libshutdown2.o(.ARM.Collect$$libshutdown$$0000000A)
    __rt_lib_shutdown_stdio_1                0x0000030b   Thumb Code     0  libshutdown2.o(.ARM.Collect$$libshutdown$$00000004)
    __rt_lib_shutdown_user_alloc_1           0x0000030b   Thumb Code     0  libshutdown2.o(.ARM.Collect$$libshutdown$$0000000C)
    __rt_entry                               0x0000030d   Thumb Code     0  __rtentry.o(.ARM.Collect$$rtentry$$00000000)
    __rt_entry_presh_1                       0x0000030d   Thumb Code     0  __rtentry2.o(.ARM.Collect$$rtentry$$00000002)
    __rt_entry_sh                            0x0000030d   Thumb Code     0  __rtentry4.o(.ARM.Collect$$rtentry$$00000004)
    __rt_entry_postsh_1                      0x00000313   Thumb Code     0  __rtentry2.o(.ARM.Collect$$rtentry$$00000008)
    __rt_entry_li                            0x0000031b   Thumb Code     0  __rtentry2.o(.ARM.Collect$$rtentry$$0000000A)
    __rt_entry_main                          0x0000031f   Thumb Code     0  __rtentry2.o(.ARM.Collect$$rtentry$$0000000D)
    __rt_entry_postli_1                      0x0000031f   Thumb Code     0  __rtentry2.o(.ARM.Collect$$rtentry$$0000000C)
    __rt_exit                                0x00000327   Thumb Code     0  rtexit.o(.ARM.Collect$$rtexit$$00000000)
    __rt_exit_ls                             0x00000329   Thumb Code     0  rtexit2.o(.ARM.Collect$$rtexit$$00000003)
    __rt_exit_prels_1                        0x00000329   Thumb Code     0  rtexit2.o(.ARM.Collect$$rtexit$$00000002)
    __rt_exit_exit                           0x0000032d   Thumb Code     0  rtexit2.o(.ARM.Collect$$rtexit$$00000004)
    SysCtlDelay                              0x00000335   Thumb Code     6  sysctl.o(.emb_text)
    CPUcpsid                                 0x0000033d   Thumb Code     8  cpu.o(.emb_text)
    CPUprimask                               0x00000345   Thumb Code     6  cpu.o(.emb_text)
    CPUcpsie                                 0x0000034b   Thumb Code     8  cpu.o(.emb_text)
    CPUwfi                                   0x00000353   Thumb Code     4  cpu.o(.emb_text)
    CPUbasepriSet                            0x00000357   Thumb Code     6  cpu.o(.emb_text)
    CPUbasepriGet                            0x0000035d   Thumb Code     6  cpu.o(.emb_text)
    Reset_Handler                            0x00000365   Thumb Code     8  startup_tm4c123.o(.text)
    NMI_Handler                              0x0000036d   Thumb Code     2  startup_tm4c123.o(.text)
    HardFault_Handler                        0x0000036f   Thumb Code     2  startup_tm4c123.o(.text)
    MemManage_Handler                        0x00000371   Thumb Code     2  startup_tm4c123.o(.text)
    BusFault_Handler                         0x00000373   Thumb Code     2  startup_tm4c123.o(.text)
    UsageFault_Handler                       0x00000375   Thumb Code     2  startup_tm4c123.o(.text)
    DebugMon_Handler                         0x00000379   Thumb Code     2  startup_tm4c123.o(.text)
    GPIOA_Handler                            0x0000037f   Thumb Code     2  startup_tm4c123.o(.text)
    GPIOB_Handler                            0x00000381   Thumb Code     2  startup_tm4c123.o(.text)
    GPIOC_Handler                            0x00000383   Thumb Code     2  startup_tm4c123.o(.text)
    GPIOD_Handler                            0x00000385   Thumb Code     2  startup_tm4c123.o(.text)
    GPIOE_Handler                            0x00000387   Thumb Code     2  startup_tm4c123.o(.text)
    UART0_Handler                            0x00000389   Thumb Code     2  startup_tm4c123.o(.text)
    UART1_Handler                            0x0000038b   Thumb Code     2  startup_tm4c123.o(.text)
    SSI0_Handler                             0x0000038d   Thumb Code     2  startup_tm4c123.o(.text)
    I2C0_Handler                             0x0000038f   Thumb Code     2  startup_tm4c123.o(.text)
    PMW0_FAULT_Handler                       0x00000391   Thumb Code     2  startup_tm4c123.o(.text)
    PWM0_0_Handler                           0x00000393   Thumb Code     2  startup_tm4c123.o(.text)
    PWM0_1_Handler                           0x00000395   Thumb Code     2  startup_tm4c123.o(.text)
    PWM0_2_Handler                           0x00000397   Thumb Code     2  startup_tm4c123.o(.text)
    QEI0_Handler                             0x00000399   Thumb Code     2  startup_tm4c123.o(.text)
    ADC0SS0_Handler                          0x0000039b   Thumb Code     2  startup_tm4c123.o(.text)
    ADC0SS1_Handler                          0x0000039d   Thumb Code     2  startup_tm4c123.o(.text)
    ADC0SS2_Handler                          0x0000039f   Thumb Code     2  startup_tm4c123.o(.text)
    ADC0SS3_Handler                          0x000003a1   Thumb Code     2  startup_tm4c123.o(.text)
    WDT0_Handler                             0x000003a3   Thumb Code     2  startup_tm4c123.o(.text)
    TIMER0A_Handler                          0x000003a5   Thumb Code     2  startup_tm4c123.o(.text)
    TIMER0B_Handler                          0x000003a7   Thumb Code     2  startup_tm4c123.o(.text)
    TIMER1A_Handler                          0x000003a9   Thumb Code     2  startup_tm4c123.o(.text)
    TIMER1B_Handler                          0x000003ab   Thumb Code     2  startup_tm4c123.o(.text)
    TIMER2A_Handler                          0x000003ad   Thumb Code     2  startup_tm4c123.o(.text)
    TIMER2B_Handler                          0x000003af   Thumb Code     2  startup_tm4c123.o(.text)
    COMP0_Handler                            0x000003b1   Thumb Code     2  startup_tm4c123.o(.text)
    COMP1_Handler                            0x000003b3   Thumb Code     2  startup_tm4c123.o(.text)
    COMP2_Handler                            0x000003b5   Thumb Code     2  startup_tm4c123.o(.text)
    SYSCTL_Handler                           0x000003b7   Thumb Code     2  startup_tm4c123.o(.text)
    FLASH_Handler                            0x000003b9   Thumb Code     2  startup_tm4c123.o(.text)
    GPIOF_Handler                            0x000003bb   Thumb Code     2  startup_tm4c123.o(.text)
    GPIOG_Handler                            0x000003bd   Thumb Code     2  startup_tm4c123.o(.text)
    GPIOH_Handler                            0x000003bf   Thumb Code     2  startup_tm4c123.o(.text)
    UART2_Handler                            0x000003c1   Thumb Code     2  startup_tm4c123.o(.text)
    SSI1_Handler                             0x000003c3   Thumb Code     2  startup_tm4c123.o(.text)
    TIMER3A_Handler                          0x000003c5   Thumb Code     2  startup_tm4c123.o(.text)
    TIMER3B_Handler                          0x000003c7   Thumb Code     2  startup_tm4c123.o(.text)
    I2C1_Handler                             0x000003c9   Thumb Code     2  startup_tm4c123.o(.text)
    QEI1_Handler                             0x000003cb   Thumb Code     2  startup_tm4c123.o(.text)
    CAN0_Handler                             0x000003cd   Thumb Code     2  startup_tm4c123.o(.text)
    CAN1_Handler                             0x000003cf   Thumb Code     2  startup_tm4c123.o(.text)
    CAN2_Handler                             0x000003d1   Thumb Code     2  startup_tm4c123.o(.text)
    HIB_Handler                              0x000003d3   Thumb Code     2  startup_tm4c123.o(.text)
    USB0_Handler                             0x000003d5   Thumb Code     2  startup_tm4c123.o(.text)
    PWM0_3_Handler                           0x000003d7   Thumb Code     2  startup_tm4c123.o(.text)
    UDMA_Handler                             0x000003d9   Thumb Code     2  startup_tm4c123.o(.text)
    UDMAERR_Handler                          0x000003db   Thumb Code     2  startup_tm4c123.o(.text)
    ADC1SS0_Handler                          0x000003dd   Thumb Code     2  startup_tm4c123.o(.text)
    ADC1SS1_Handler                          0x000003df   Thumb Code     2  startup_tm4c123.o(.text)
    ADC1SS2_Handler                          0x000003e1   Thumb Code     2  startup_tm4c123.o(.text)
    ADC1SS3_Handler                          0x000003e3   Thumb Code     2  startup_tm4c123.o(.text)
    GPIOJ_Handler                            0x000003e5   Thumb Code     2  startup_tm4c123.o(.text)
    GPIOK_Handler                            0x000003e7   Thumb Code     2  startup_tm4c123.o(.text)
    GPIOL_Handler                            0x000003e9   Thumb Code     2  startup_tm4c123.o(.text)
    SSI2_Handler                             0x000003eb   Thumb Code     2  startup_tm4c123.o(.text)
    SSI3_Handler                             0x000003ed   Thumb Code     2  startup_tm4c123.o(.text)
    UART3_Handler                            0x000003ef   Thumb Code     2  startup_tm4c123.o(.text)
    UART4_Handler                            0x000003f1   Thumb Code     2  startup_tm4c123.o(.text)
    UART5_Handler                            0x000003f3   Thumb Code     2  startup_tm4c123.o(.text)
    UART6_Handler                            0x000003f5   Thumb Code     2  startup_tm4c123.o(.text)
    UART7_Handler                            0x000003f7   Thumb Code     2  startup_tm4c123.o(.text)
    I2C2_Handler                             0x000003f9   Thumb Code     2  startup_tm4c123.o(.text)
    I2C3_Handler                             0x000003fb   Thumb Code     2  startup_tm4c123.o(.text)
    TIMER4A_Handler                          0x000003fd   Thumb Code     2  startup_tm4c123.o(.text)
    TIMER4B_Handler                          0x000003ff   Thumb Code     2  startup_tm4c123.o(.text)
    TIMER5A_Handler                          0x00000401   Thumb Code     2  startup_tm4c123.o(.text)
    TIMER5B_Handler                          0x00000403   Thumb Code     2  startup_tm4c123.o(.text)
    WTIMER0A_Handler                         0x00000405   Thumb Code     2  startup_tm4c123.o(.text)
    WTIMER0B_Handler                         0x00000407   Thumb Code     2  startup_tm4c123.o(.text)
    WTIMER1A_Handler                         0x00000409   Thumb Code     2  startup_tm4c123.o(.text)
    WTIMER1B_Handler                         0x0000040b   Thumb Code     2  startup_tm4c123.o(.text)
    WTIMER2A_Handler                         0x0000040d   Thumb Code     2  startup_tm4c123.o(.text)
    WTIMER2B_Handler                         0x0000040f   Thumb Code     2  startup_tm4c123.o(.text)
    WTIMER3A_Handler                         0x00000411   Thumb Code     2  startup_tm4c123.o(.text)
    WTIMER3B_Handler                         0x00000413   Thumb Code     2  startup_tm4c123.o(.text)
    WTIMER4A_Handler                         0x00000415   Thumb Code     2  startup_tm4c123.o(.text)
    WTIMER4B_Handler                         0x00000417   Thumb Code     2  startup_tm4c123.o(.text)
    WTIMER5A_Handler                         0x00000419   Thumb Code     2  startup_tm4c123.o(.text)
    WTIMER5B_Handler                         0x0000041b   Thumb Code     2  startup_tm4c123.o(.text)
    FPU_Handler                              0x0000041d   Thumb Code     2  startup_tm4c123.o(.text)
    I2C4_Handler                             0x0000041f   Thumb Code     2  startup_tm4c123.o(.text)
    I2C5_Handler                             0x00000421   Thumb Code     2  startup_tm4c123.o(.text)
    GPIOM_Handler                            0x00000423   Thumb Code     2  startup_tm4c123.o(.text)
    GPION_Handler                            0x00000425   Thumb Code     2  startup_tm4c123.o(.text)
    QEI2_Handler                             0x00000427   Thumb Code     2  startup_tm4c123.o(.text)
    GPIOP0_Handler                           0x00000429   Thumb Code     2  startup_tm4c123.o(.text)
    GPIOP1_Handler                           0x0000042b   Thumb Code     2  startup_tm4c123.o(.text)
    GPIOP2_Handler                           0x0000042d   Thumb Code     2  startup_tm4c123.o(.text)
    GPIOP3_Handler                           0x0000042f   Thumb Code     2  startup_tm4c123.o(.text)
    GPIOP4_Handler                           0x00000431   Thumb Code     2  startup_tm4c123.o(.text)
    GPIOP5_Handler                           0x00000433   Thumb Code     2  startup_tm4c123.o(.text)
    GPIOP6_Handler                           0x00000435   Thumb Code     2  startup_tm4c123.o(.text)
    GPIOP7_Handler                           0x00000437   Thumb Code     2  startup_tm4c123.o(.text)
    GPIOQ0_Handler                           0x00000439   Thumb Code     2  startup_tm4c123.o(.text)
    GPIOQ1_Handler                           0x0000043b   Thumb Code     2  startup_tm4c123.o(.text)
    GPIOQ2_Handler                           0x0000043d   Thumb Code     2  startup_tm4c123.o(.text)
    GPIOQ3_Handler                           0x0000043f   Thumb Code     2  startup_tm4c123.o(.text)
    GPIOQ4_Handler                           0x00000441   Thumb Code     2  startup_tm4c123.o(.text)
    GPIOQ5_Handler                           0x00000443   Thumb Code     2  startup_tm4c123.o(.text)
    GPIOQ6_Handler                           0x00000445   Thumb Code     2  startup_tm4c123.o(.text)
    GPIOQ7_Handler                           0x00000447   Thumb Code     2  startup_tm4c123.o(.text)
    GPIOR_Handler                            0x00000449   Thumb Code     2  startup_tm4c123.o(.text)
    GPIOS_Handler                            0x0000044b   Thumb Code     2  startup_tm4c123.o(.text)
    PMW1_0_Handler                           0x0000044d   Thumb Code     2  startup_tm4c123.o(.text)
    PWM1_1_Handler                           0x0000044f   Thumb Code     2  startup_tm4c123.o(.text)
    PWM1_2_Handler                           0x00000451   Thumb Code     2  startup_tm4c123.o(.text)
    PWM1_3_Handler                           0x00000453   Thumb Code     2  startup_tm4c123.o(.text)
    PWM1_FAULT_Handler                       0x00000455   Thumb Code     2  startup_tm4c123.o(.text)
    __user_initial_stackheap                 0x00000459   Thumb Code     0  startup_tm4c123.o(.text)
    __aeabi_memcpy                           0x00000479   Thumb Code     0  rt_memcpy_v6.o(.text)
    __rt_memcpy                              0x00000479   Thumb Code   138  rt_memcpy_v6.o(.text)
    _memcpy_lastbytes                        0x000004df   Thumb Code     0  rt_memcpy_v6.o(.text)
    __aeabi_memset4                          0x00000503   Thumb Code    16  aeabi_memset4.o(.text)
    __aeabi_memset8                          0x00000503   Thumb Code     0  aeabi_memset4.o(.text)
    __aeabi_memclr                           0x00000513   Thumb Code     0  rt_memclr.o(.text)
    __rt_memclr                              0x00000513   Thumb Code     0  rt_memclr.o(.text)
    _memset                                  0x00000517   Thumb Code    64  rt_memclr.o(.text)
    __use_two_region_memory                  0x00000557   Thumb Code     2  heapauxi.o(.text)
    __rt_heap_escrow$2region                 0x00000559   Thumb Code     2  heapauxi.o(.text)
    __rt_heap_expand$2region                 0x0000055b   Thumb Code     2  heapauxi.o(.text)
    __aeabi_memcpy4                          0x0000055d   Thumb Code     0  rt_memcpy_w.o(.text)
    __aeabi_memcpy8                          0x0000055d   Thumb Code     0  rt_memcpy_w.o(.text)
    __rt_memcpy_w                            0x0000055d   Thumb Code   100  rt_memcpy_w.o(.text)
    _memcpy_lastbytes_aligned                0x000005a5   Thumb Code     0  rt_memcpy_w.o(.text)
    __aeabi_memclr4                          0x000005c1   Thumb Code     0  rt_memclr_w.o(.text)
    __aeabi_memclr8                          0x000005c1   Thumb Code     0  rt_memclr_w.o(.text)
    __rt_memclr_w                            0x000005c1   Thumb Code     0  rt_memclr_w.o(.text)
    _memset_w                                0x000005c5   Thumb Code    74  rt_memclr_w.o(.text)
    __user_setup_stackheap                   0x0000060f   Thumb Code    74  sys_stackheap_outer.o(.text)
    exit                                     0x00000659   Thumb Code    18  exit.o(.text)
    __user_libspace                          0x0000066d   Thumb Code     8  libspace.o(.text)
    __user_perproc_libspace                  0x0000066d   Thumb Code     0  libspace.o(.text)
    _sys_exit                                0x00000675   Thumb Code     8  sys_exit.o(.text)
    __I$use$semihosting                      0x00000681   Thumb Code     0  use_no_semi.o(.text)
    __use_no_semihosting_swi                 0x00000681   Thumb Code     2  use_no_semi.o(.text)
    __semihosting_library_function           0x00000683   Thumb Code     0  indicate_semi.o(.text)
    _fp_init                                 0x00000685   Thumb Code    22  clib_os.o(.text.$Sub$$_fp_init)
    ISRHandlers                              0x0000069d   Thumb Code   810  main.o(.text.ISRHandlers)
    PendSV_Handler                           0x000009d1   Thumb Code   100  port.o(.text.PendSV_Handler)
    PortA_Config                             0x00000a35   Thumb Code    60  port_config.o(.text.PortA_Config)
    SVC_Handler                              0x00000a71   Thumb Code    36  port.o(.text.SVC_Handler)
    SysTick_Handler                          0x00000a95   Thumb Code    30  cmsis_os2.o(.text.SysTick_Handler)
    SystemInit                               0x00000ab5   Thumb Code   268  system_tm4c123.o(.text.SystemInit)
    _mutex_acquire                           0x00000bc1   Thumb Code    40  clib_os.o(.text._mutex_acquire)
    _mutex_free                              0x00000be9   Thumb Code    84  clib_os.o(.text._mutex_free)
    _mutex_initialize                        0x00000c3d   Thumb Code   168  clib_os.o(.text._mutex_initialize)
    _mutex_release                           0x00000ce5   Thumb Code    42  clib_os.o(.text._mutex_release)
    _platform_post_stackheap_init            0x00000d11   Thumb Code     2  clib_os.o(.text._platform_post_stackheap_init)
    main                                     0x00000d35   Thumb Code   426  main.o(.text.main)
    pvPortMalloc                             0x00001f29   Thumb Code   438  heap_4.o(.text.pvPortMalloc)
    pvTaskIncrementMutexHeldCount            0x000020e1   Thumb Code    36  tasks.o(.text.pvTaskIncrementMutexHeldCount)
    pxPortInitialiseStack                    0x00002105   Thumb Code    94  port.o(.text.pxPortInitialiseStack)
    uxListRemove                             0x00002165   Thumb Code    72  list.o(.text.uxListRemove)
    uxTaskGetNumberOfTasks                   0x000021ad   Thumb Code    12  tasks.o(.text.uxTaskGetNumberOfTasks)
    vApplicationGetIdleTaskMemory            0x000021b9   Thumb Code    42  tasks.o(.text.vApplicationGetIdleTaskMemory)
    vApplicationGetTimerTaskMemory           0x000021e5   Thumb Code    42  tasks.o(.text.vApplicationGetTimerTaskMemory)
    vApplicationIdleHook                     0x00002211   Thumb Code     8  main.o(.text.vApplicationIdleHook)
    vApplicationStackOverflowHook            0x00002219   Thumb Code    10  cmsis_os2.o(.text.vApplicationStackOverflowHook)
    vDebounceTimerCallback                   0x00002225   Thumb Code    20  main.o(.text.vDebounceTimerCallback)
    vDriverWindowElevateTask                 0x00002239   Thumb Code   336  main.o(.text.vDriverWindowElevateTask)
    vDriverWindowLowerTask                   0x00002389   Thumb Code   338  main.o(.text.vDriverWindowLowerTask)
    vListInitialise                          0x000024dd   Thumb Code    46  list.o(.text.vListInitialise)
    vListInitialiseItem                      0x0000250d   Thumb Code    14  list.o(.text.vListInitialiseItem)
    vListInsert                              0x0000251d   Thumb Code   106  list.o(.text.vListInsert)
    vPassengerWindowElevateTask              0x00002589   Thumb Code   332  main.o(.text.vPassengerWindowElevateTask)
    vPassengerWindowLowerTask                0x000026d5   Thumb Code   334  main.o(.text.vPassengerWindowLowerTask)
    vPortEnterCritical                       0x00002839   Thumb Code    48  port.o(.text.vPortEnterCritical)
    vPortExitCritical                        0x00002869   Thumb Code    38  port.o(.text.vPortExitCritical)
    vPortFree                                0x00002891   Thumb Code   118  heap_4.o(.text.vPortFree)
    vPortSetupTimerInterrupt                 0x00002909   Thumb Code    68  port.o(.text.vPortSetupTimerInterrupt)
    vQueueDelete                             0x0000294d   Thumb Code    34  queue.o(.text.vQueueDelete)
    vQueueWaitForMessageRestricted           0x00002971   Thumb Code   100  queue.o(.text.vQueueWaitForMessageRestricted)
    vTaskDelay                               0x000029d5   Thumb Code    74  tasks.o(.text.vTaskDelay)
    vTaskInternalSetTimeOutState             0x00002a21   Thumb Code    36  tasks.o(.text.vTaskInternalSetTimeOutState)
    vTaskMissedYield                         0x00002a45   Thumb Code    14  tasks.o(.text.vTaskMissedYield)
    vTaskPlaceOnEventList                    0x00002a55   Thumb Code    38  tasks.o(.text.vTaskPlaceOnEventList)
    vTaskPlaceOnEventListRestricted          0x00002a7d   Thumb Code   100  tasks.o(.text.vTaskPlaceOnEventListRestricted)
    vTaskPriorityDisinheritAfterTimeout      0x00002ae1   Thumb Code   312  tasks.o(.text.vTaskPriorityDisinheritAfterTimeout)
    vTaskStartScheduler                      0x00002c19   Thumb Code   114  tasks.o(.text.vTaskStartScheduler)
    vTaskSuspendAll                          0x00002c8d   Thumb Code    16  tasks.o(.text.vTaskSuspendAll)
    vTaskSwitchContext                       0x00002c9d   Thumb Code   284  tasks.o(.text.vTaskSwitchContext)
    xPortStartScheduler                      0x00002db9   Thumb Code   108  port.o(.text.xPortStartScheduler)
    xPortSysTickHandler                      0x00002e25   Thumb Code    62  port.o(.text.xPortSysTickHandler)
    xQueueCreateMutex                        0x00002e65   Thumb Code    38  queue.o(.text.xQueueCreateMutex)
    xQueueCreateMutexStatic                  0x00002e8d   Thumb Code    50  queue.o(.text.xQueueCreateMutexStatic)
    xQueueGenericCreate                      0x00002ec1   Thumb Code   134  queue.o(.text.xQueueGenericCreate)
    xQueueGenericCreateStatic                0x00002f49   Thumb Code   108  queue.o(.text.xQueueGenericCreateStatic)
    xQueueGenericReset                       0x00002fb5   Thumb Code   208  queue.o(.text.xQueueGenericReset)
    xQueueGenericSend                        0x00003085   Thumb Code   362  queue.o(.text.xQueueGenericSend)
    xQueueGenericSendFromISR                 0x000031f1   Thumb Code   214  queue.o(.text.xQueueGenericSendFromISR)
    xQueueGiveFromISR                        0x000032c9   Thumb Code   198  queue.o(.text.xQueueGiveFromISR)
    xQueueReceive                            0x00003391   Thumb Code   338  queue.o(.text.xQueueReceive)
    xQueueSemaphoreTake                      0x000034e5   Thumb Code   414  queue.o(.text.xQueueSemaphoreTake)
    xTaskCheckForTimeOut                     0x00003685   Thumb Code   196  tasks.o(.text.xTaskCheckForTimeOut)
    xTaskCreate                              0x00003749   Thumb Code    82  tasks.o(.text.xTaskCreate)
    xTaskCreateStatic                        0x0000379d   Thumb Code    92  tasks.o(.text.xTaskCreateStatic)
    xTaskGetSchedulerState                   0x000037f9   Thumb Code    56  tasks.o(.text.xTaskGetSchedulerState)
    xTaskGetTickCount                        0x00003831   Thumb Code    20  tasks.o(.text.xTaskGetTickCount)
    xTaskGetTickCountFromISR                 0x00003845   Thumb Code    24  tasks.o(.text.xTaskGetTickCountFromISR)
    xTaskIncrementTick                       0x0000385d   Thumb Code   606  tasks.o(.text.xTaskIncrementTick)
    xTaskPriorityDisinherit                  0x00003abd   Thumb Code   242  tasks.o(.text.xTaskPriorityDisinherit)
    xTaskPriorityInherit                     0x00003bb1   Thumb Code   348  tasks.o(.text.xTaskPriorityInherit)
    xTaskRemoveFromEventList                 0x00003d0d   Thumb Code   404  tasks.o(.text.xTaskRemoveFromEventList)
    xTaskResumeAll                           0x00003ea1   Thumb Code   574  tasks.o(.text.xTaskResumeAll)
    xTimerCreate                             0x000040e1   Thumb Code    74  timers.o(.text.xTimerCreate)
    xTimerCreateTimerTask                    0x0000412d   Thumb Code   120  timers.o(.text.xTimerCreateTimerTask)
    xTimerGenericCommandFromISR              0x000041a5   Thumb Code    88  timers.o(.text.xTimerGenericCommandFromISR)
    GPIODirModeSet                           0x000041fd   Thumb Code    40  gpio.o(i.GPIODirModeSet)
    GPIOIntClear                             0x00004225   Thumb Code     6  gpio.o(i.GPIOIntClear)
    GPIOIntEnable                            0x0000422b   Thumb Code    14  gpio.o(i.GPIOIntEnable)
    GPIOIntRegister                          0x00004239   Thumb Code    70  gpio.o(i.GPIOIntRegister)
    GPIOIntStatus                            0x00004291   Thumb Code    14  gpio.o(i.GPIOIntStatus)
    GPIOIntTypeSet                           0x0000429f   Thumb Code    80  gpio.o(i.GPIOIntTypeSet)
    GPIOPadConfigSet                         0x000042ef   Thumb Code   314  gpio.o(i.GPIOPadConfigSet)
    GPIOPinRead                              0x00004429   Thumb Code     6  gpio.o(i.GPIOPinRead)
    GPIOPinTypeGPIOInput                     0x0000442f   Thumb Code    28  gpio.o(i.GPIOPinTypeGPIOInput)
    GPIOPinTypeGPIOOutput                    0x0000444b   Thumb Code    28  gpio.o(i.GPIOPinTypeGPIOOutput)
    GPIOPinWrite                             0x00004467   Thumb Code     6  gpio.o(i.GPIOPinWrite)
    IntEnable                                0x0000446d   Thumb Code    92  interrupt.o(i.IntEnable)
    IntPrioritySet                           0x000044d1   Thumb Code    36  interrupt.o(i.IntPrioritySet)
    IntRegister                              0x000044f9   Thumb Code    44  interrupt.o(i.IntRegister)
    SysCtlClockSet                           0x0000452d   Thumb Code   270  sysctl.o(i.SysCtlClockSet)
    SysCtlPeripheralEnable                   0x0000464d   Thumb Code    36  sysctl.o(i.SysCtlPeripheralEnable)
    SysCtlPeripheralReady                    0x00004675   Thumb Code    40  sysctl.o(i.SysCtlPeripheralReady)
    SysCtlSleep                              0x000046a1   Thumb Code     4  sysctl.o(i.SysCtlSleep)
    $Super$$_fp_init                         0x000046a5   Thumb Code    26  fpinit.o(x$fpl$fpinit)
    __fplib_config_fpu_vfp                   0x000046bd   Thumb Code     0  fpinit.o(x$fpl$fpinit)
    __fplib_config_pureend_doubles           0x000046bd   Thumb Code     0  fpinit.o(x$fpl$fpinit)
    Region$$Table$$Base                      0x00004a10   Number         0  anon$$obj.o(Region$$Table)
    Region$$Table$$Limit                     0x00004a30   Number         0  anon$$obj.o(Region$$Table)
    SystemCoreClock                          0x20000000   Data           4  system_tm4c123.o(.data.SystemCoreClock)
    window_state                             0x20000008   Data           4  main.o(.data.window_state)
    __libspace_start                         0x20000670   Data          96  libspace.o(.bss)
    __temporary_stack_top$libspace           0x200006d0   Data           0  libspace.o(.bss)
    debounce_in_progress                     0x20000874   Data           1  main.o(.bss.debounce_in_progress)
    driver_elevate_button_state              0x20000875   Data           1  main.o(.bss.driver_elevate_button_state)
    driver_lower_button_state                0x20000876   Data           1  main.o(.bss.driver_lower_button_state)
    last_task                                0x20000878   Data           4  main.o(.bss.last_task)
    lock_state                               0x2000087c   Data           1  main.o(.bss.lock_state)
    operation                                0x2000087d   Data           1  main.o(.bss.operation)
    passenger_elevate_button_state           0x2000087e   Data           1  main.o(.bss.passenger_elevate_button_state)
    passenger_lower_button_state             0x2000087f   Data           1  main.o(.bss.passenger_lower_button_state)
    pxCurrentTCB                             0x20000924   Data           4  tasks.o(.bss.pxCurrentTCB)
    xDebounceTimer                           0x200031d0   Data           4  main.o(.bss.xDebounceTimer)
    xDriverWindowElevateTaskHandle           0x20003204   Data           4  main.o(.bss.xDriverWindowElevateTaskHandle)
    xDriverWindowLowerTaskHandle             0x20003208   Data           4  main.o(.bss.xDriverWindowLowerTaskHandle)
    xPassengerWindowElevateTaskHandle        0x20003230   Data           4  main.o(.bss.xPassengerWindowElevateTaskHandle)
    xPassengerWindowLowerTaskHandle          0x20003234   Data           4  main.o(.bss.xPassengerWindowLowerTaskHandle)



==============================================================================

Memory Map of the image

  Image Entry point : 0x00000365

  Load Region LR_1 (Base: 0x00000000, Size: 0x0000526c, Max: 0xffffffff, ABSOLUTE, COMPRESSED[0x00004c18])

    Execution Region ER_RO (Exec base: 0x00000000, Load base: 0x00000000, Size: 0x00004a30, Max: 0xffffffff, ABSOLUTE)

    Exec Addr    Load Addr    Size         Type   Attr      Idx    E Section Name        Object

    0x00000000   0x00000000   0x0000026c   Data   RO          313    RESET               startup_tm4c123.o
    0x0000026c   0x0000026c   0x00000008   Code   RO         1612  * !!!main             c_w.l(__main.o)
    0x00000274   0x00000274   0x00000034   Code   RO         1781    !!!scatter          c_w.l(__scatter.o)
    0x000002a8   0x000002a8   0x0000003a   Code   RO         1779    !!dczerorl          c_w.l(__dczerorl.o)
    0x000002e2   0x000002e2   0x00000002   PAD
    0x000002e4   0x000002e4   0x0000001c   Code   RO         1783    !!handler_zi        c_w.l(__scatter_zi.o)
    0x00000300   0x00000300   0x00000002   Code   RO         1643    .ARM.Collect$$libinit$$00000000  c_w.l(libinit.o)
    0x00000302   0x00000302   0x00000004   Code   RO         1649    .ARM.Collect$$libinit$$00000001  c_w.l(libinit2.o)
    0x00000306   0x00000306   0x00000000   Code   RO         1652    .ARM.Collect$$libinit$$00000004  c_w.l(libinit2.o)
    0x00000306   0x00000306   0x00000000   Code   RO         1654    .ARM.Collect$$libinit$$00000006  c_w.l(libinit2.o)
    0x00000306   0x00000306   0x00000000   Code   RO         1657    .ARM.Collect$$libinit$$0000000C  c_w.l(libinit2.o)
    0x00000306   0x00000306   0x00000000   Code   RO         1659    .ARM.Collect$$libinit$$0000000E  c_w.l(libinit2.o)
    0x00000306   0x00000306   0x00000000   Code   RO         1661    .ARM.Collect$$libinit$$00000010  c_w.l(libinit2.o)
    0x00000306   0x00000306   0x00000000   Code   RO         1664    .ARM.Collect$$libinit$$00000013  c_w.l(libinit2.o)
    0x00000306   0x00000306   0x00000000   Code   RO         1666    .ARM.Collect$$libinit$$00000015  c_w.l(libinit2.o)
    0x00000306   0x00000306   0x00000000   Code   RO         1668    .ARM.Collect$$libinit$$00000017  c_w.l(libinit2.o)
    0x00000306   0x00000306   0x00000000   Code   RO         1670    .ARM.Collect$$libinit$$00000019  c_w.l(libinit2.o)
    0x00000306   0x00000306   0x00000000   Code   RO         1672    .ARM.Collect$$libinit$$0000001B  c_w.l(libinit2.o)
    0x00000306   0x00000306   0x00000000   Code   RO         1674    .ARM.Collect$$libinit$$0000001D  c_w.l(libinit2.o)
    0x00000306   0x00000306   0x00000000   Code   RO         1676    .ARM.Collect$$libinit$$0000001F  c_w.l(libinit2.o)
    0x00000306   0x00000306   0x00000000   Code   RO         1678    .ARM.Collect$$libinit$$00000021  c_w.l(libinit2.o)
    0x00000306   0x00000306   0x00000000   Code   RO         1680    .ARM.Collect$$libinit$$00000023  c_w.l(libinit2.o)
    0x00000306   0x00000306   0x00000000   Code   RO         1682    .ARM.Collect$$libinit$$00000025  c_w.l(libinit2.o)
    0x00000306   0x00000306   0x00000000   Code   RO         1684    .ARM.Collect$$libinit$$00000027  c_w.l(libinit2.o)
    0x00000306   0x00000306   0x00000000   Code   RO         1688    .ARM.Collect$$libinit$$0000002E  c_w.l(libinit2.o)
    0x00000306   0x00000306   0x00000000   Code   RO         1690    .ARM.Collect$$libinit$$00000030  c_w.l(libinit2.o)
    0x00000306   0x00000306   0x00000000   Code   RO         1692    .ARM.Collect$$libinit$$00000032  c_w.l(libinit2.o)
    0x00000306   0x00000306   0x00000000   Code   RO         1694    .ARM.Collect$$libinit$$00000034  c_w.l(libinit2.o)
    0x00000306   0x00000306   0x00000002   Code   RO         1695    .ARM.Collect$$libinit$$00000035  c_w.l(libinit2.o)
    0x00000308   0x00000308   0x00000002   Code   RO         1715    .ARM.Collect$$libshutdown$$00000000  c_w.l(libshutdown.o)
    0x0000030a   0x0000030a   0x00000000   Code   RO         1730    .ARM.Collect$$libshutdown$$00000002  c_w.l(libshutdown2.o)
    0x0000030a   0x0000030a   0x00000000   Code   RO         1732    .ARM.Collect$$libshutdown$$00000004  c_w.l(libshutdown2.o)
    0x0000030a   0x0000030a   0x00000000   Code   RO         1735    .ARM.Collect$$libshutdown$$00000007  c_w.l(libshutdown2.o)
    0x0000030a   0x0000030a   0x00000000   Code   RO         1738    .ARM.Collect$$libshutdown$$0000000A  c_w.l(libshutdown2.o)
    0x0000030a   0x0000030a   0x00000000   Code   RO         1740    .ARM.Collect$$libshutdown$$0000000C  c_w.l(libshutdown2.o)
    0x0000030a   0x0000030a   0x00000000   Code   RO         1743    .ARM.Collect$$libshutdown$$0000000F  c_w.l(libshutdown2.o)
    0x0000030a   0x0000030a   0x00000002   Code   RO         1744    .ARM.Collect$$libshutdown$$00000010  c_w.l(libshutdown2.o)
    0x0000030c   0x0000030c   0x00000000   Code   RO         1616    .ARM.Collect$$rtentry$$00000000  c_w.l(__rtentry.o)
    0x0000030c   0x0000030c   0x00000000   Code   RO         1622    .ARM.Collect$$rtentry$$00000002  c_w.l(__rtentry2.o)
    0x0000030c   0x0000030c   0x00000006   Code   RO         1634    .ARM.Collect$$rtentry$$00000004  c_w.l(__rtentry4.o)
    0x00000312   0x00000312   0x00000008   Code   RO         1623    .ARM.Collect$$rtentry$$00000008  c_w.l(__rtentry2.o)
    0x0000031a   0x0000031a   0x00000004   Code   RO         1625    .ARM.Collect$$rtentry$$0000000A  c_w.l(__rtentry2.o)
    0x0000031e   0x0000031e   0x00000000   Code   RO         1627    .ARM.Collect$$rtentry$$0000000C  c_w.l(__rtentry2.o)
    0x0000031e   0x0000031e   0x00000008   Code   RO         1628    .ARM.Collect$$rtentry$$0000000D  c_w.l(__rtentry2.o)
    0x00000326   0x00000326   0x00000002   Code   RO         1647    .ARM.Collect$$rtexit$$00000000  c_w.l(rtexit.o)
    0x00000328   0x00000328   0x00000000   Code   RO         1697    .ARM.Collect$$rtexit$$00000002  c_w.l(rtexit2.o)
    0x00000328   0x00000328   0x00000004   Code   RO         1698    .ARM.Collect$$rtexit$$00000003  c_w.l(rtexit2.o)
    0x0000032c   0x0000032c   0x00000006   Code   RO         1699    .ARM.Collect$$rtexit$$00000004  c_w.l(rtexit2.o)
    0x00000332   0x00000332   0x00000002   PAD
    0x00000334   0x00000334   0x00000006   Code   RO         1248    .emb_text           driverlib.lib(sysctl.o)
    0x0000033a   0x0000033a   0x00000002   PAD
    0x0000033c   0x0000033c   0x00000026   Code   RO         1590    .emb_text           driverlib.lib(cpu.o)
    0x00000362   0x00000362   0x00000002   PAD
    0x00000364   0x00000364   0x00000114   Code   RO          314  * .text               startup_tm4c123.o
    0x00000478   0x00000478   0x0000008a   Code   RO         1602    .text               c_w.l(rt_memcpy_v6.o)
    0x00000502   0x00000502   0x00000010   Code   RO         1604    .text               c_w.l(aeabi_memset4.o)
    0x00000512   0x00000512   0x00000044   Code   RO         1606    .text               c_w.l(rt_memclr.o)
    0x00000556   0x00000556   0x00000006   Code   RO         1610    .text               c_w.l(heapauxi.o)
    0x0000055c   0x0000055c   0x00000064   Code   RO         1617    .text               c_w.l(rt_memcpy_w.o)
    0x000005c0   0x000005c0   0x0000004e   Code   RO         1619    .text               c_w.l(rt_memclr_w.o)
    0x0000060e   0x0000060e   0x0000004a   Code   RO         1636    .text               c_w.l(sys_stackheap_outer.o)
    0x00000658   0x00000658   0x00000012   Code   RO         1638    .text               c_w.l(exit.o)
    0x0000066a   0x0000066a   0x00000002   PAD
    0x0000066c   0x0000066c   0x00000008   Code   RO         1644    .text               c_w.l(libspace.o)
    0x00000674   0x00000674   0x0000000c   Code   RO         1705    .text               c_w.l(sys_exit.o)
    0x00000680   0x00000680   0x00000002   Code   RO         1720    .text               c_w.l(use_no_semi.o)
    0x00000682   0x00000682   0x00000000   Code   RO         1722    .text               c_w.l(indicate_semi.o)
    0x00000682   0x00000682   0x00000002   PAD
    0x00000684   0x00000684   0x00000016   Code   RO           58    .text.$Sub$$_fp_init  clib_os.o
    0x0000069a   0x0000069a   0x00000002   PAD
    0x0000069c   0x0000069c   0x0000032a   Code   RO            4    .text.ISRHandlers   main.o
    0x000009c6   0x000009c6   0x0000000a   PAD
    0x000009d0   0x000009d0   0x00000064   Code   RO          412    .text.PendSV_Handler  port.o
    0x00000a34   0x00000a34   0x0000003c   Code   RO           45    .text.PortA_Config  port_config.o
    0x00000a70   0x00000a70   0x00000024   Code   RO          396    .text.SVC_Handler   port.o
    0x00000a94   0x00000a94   0x0000001e   Code   RO           85    .text.SysTick_Handler  cmsis_os2.o
    0x00000ab2   0x00000ab2   0x00000002   PAD
    0x00000ab4   0x00000ab4   0x0000010c   Code   RO          325    .text.SystemInit    system_tm4c123.o
    0x00000bc0   0x00000bc0   0x00000028   Code   RO           66    .text._mutex_acquire  clib_os.o
    0x00000be8   0x00000be8   0x00000054   Code   RO           72    .text._mutex_free   clib_os.o
    0x00000c3c   0x00000c3c   0x000000a8   Code   RO           64    .text._mutex_initialize  clib_os.o
    0x00000ce4   0x00000ce4   0x0000002a   Code   RO           70    .text._mutex_release  clib_os.o
    0x00000d0e   0x00000d0e   0x00000002   PAD
    0x00000d10   0x00000d10   0x00000002   Code   RO           56    .text._platform_post_stackheap_init  clib_os.o
    0x00000d12   0x00000d12   0x00000002   PAD
    0x00000d14   0x00000d14   0x00000020   Code   RO           68    .text.is_thread_mode  clib_os.o
    0x00000d34   0x00000d34   0x000001aa   Code   RO            2    .text.main          main.o
    0x00000ede   0x00000ede   0x00000002   PAD
    0x00000ee0   0x00000ee0   0x00000020   Code   RO           62    .text.os_kernel_is_active  clib_os.o
    0x00000f00   0x00000f00   0x0000010e   Code   RO          565    .text.prvAddCurrentTaskToDelayedList  tasks.o
    0x0000100e   0x0000100e   0x00000002   PAD
    0x00001010   0x00001010   0x00000170   Code   RO          549    .text.prvAddNewTaskToReadyList  tasks.o
    0x00001180   0x00001180   0x0000007e   Code   RO          727    .text.prvCheckForValidListAndQueue  timers.o
    0x000011fe   0x000011fe   0x00000002   PAD
    0x00001200   0x00001200   0x0000005a   Code   RO          599    .text.prvCheckTasksWaitingTermination  tasks.o
    0x0000125a   0x0000125a   0x00000002   PAD
    0x0000125c   0x0000125c   0x00000042   Code   RO          502    .text.prvCopyDataFromQueue  queue.o
    0x0000129e   0x0000129e   0x00000002   PAD
    0x000012a0   0x000012a0   0x000000cc   Code   RO          490    .text.prvCopyDataToQueue  queue.o
    0x0000136c   0x0000136c   0x000000c8   Code   RO          595    .text.prvCreateIdleTasks  tasks.o
    0x00001434   0x00001434   0x00000078   Code   RO          547    .text.prvCreateStaticTask  tasks.o
    0x000014ac   0x000014ac   0x0000008e   Code   RO          553    .text.prvCreateTask  tasks.o
    0x0000153a   0x0000153a   0x00000002   PAD
    0x0000153c   0x0000153c   0x0000003c   Code   RO          559    .text.prvDeleteTCB  tasks.o
    0x00001578   0x00001578   0x00000026   Code   RO          506    .text.prvGetDisinheritPriorityAfterTimeout  queue.o
    0x0000159e   0x0000159e   0x00000002   PAD
    0x000015a0   0x000015a0   0x00000040   Code   RO          773    .text.prvGetNextExpireTime  timers.o
    0x000015e0   0x000015e0   0x000000aa   Code   RO          426    .text.prvHeapInit   heap_4.o
    0x0000168a   0x0000168a   0x00000002   PAD
    0x0000168c   0x0000168c   0x0000003c   Code   RO          689    .text.prvIdleTask   tasks.o
    0x000016c8   0x000016c8   0x0000002c   Code   RO          470    .text.prvInitialiseMutex  queue.o
    0x000016f4   0x000016f4   0x00000048   Code   RO          462    .text.prvInitialiseNewQueue  queue.o
    0x0000173c   0x0000173c   0x000000e6   Code   RO          685    .text.prvInitialiseNewTask  tasks.o
    0x00001822   0x00001822   0x00000002   PAD
    0x00001824   0x00001824   0x00000052   Code   RO          733    .text.prvInitialiseNewTimer  timers.o
    0x00001876   0x00001876   0x00000002   PAD
    0x00001878   0x00001878   0x0000008e   Code   RO          687    .text.prvInitialiseTaskLists  tasks.o
    0x00001906   0x00001906   0x00000002   PAD
    0x00001908   0x00001908   0x000000d8   Code   RO          430    .text.prvInsertBlockIntoFreeList  heap_4.o
    0x000019e0   0x000019e0   0x00000086   Code   RO          787    .text.prvInsertTimerInActiveList  timers.o
    0x00001a66   0x00001a66   0x00000002   PAD
    0x00001a68   0x00001a68   0x00000028   Code   RO          504    .text.prvIsQueueEmpty  queue.o
    0x00001a90   0x00001a90   0x0000002e   Code   RO          492    .text.prvIsQueueFull  queue.o
    0x00001abe   0x00001abe   0x00000002   PAD
    0x00001ac0   0x00001ac0   0x00000028   Code   RO          404    .text.prvPortStartFirstTask  port.o
    0x00001ae8   0x00001ae8   0x00000054   Code   RO          781    .text.prvProcessExpiredTimer  timers.o
    0x00001b3c   0x00001b3c   0x0000014e   Code   RO          777    .text.prvProcessReceivedCommands  timers.o
    0x00001c8a   0x00001c8a   0x00000002   PAD
    0x00001c8c   0x00001c8c   0x0000009a   Code   RO          775    .text.prvProcessTimerOrBlockTask  timers.o
    0x00001d26   0x00001d26   0x00000002   PAD
    0x00001d28   0x00001d28   0x00000034   Code   RO          785    .text.prvReloadTimer  timers.o
    0x00001d5c   0x00001d5c   0x0000003c   Code   RO          557    .text.prvResetNextTaskUnblockTime  tasks.o
    0x00001d98   0x00001d98   0x00000044   Code   RO          779    .text.prvSampleTimeNow  timers.o
    0x00001ddc   0x00001ddc   0x00000052   Code   RO          783    .text.prvSwitchTimerLists  timers.o
    0x00001e2e   0x00001e2e   0x00000002   PAD
    0x00001e30   0x00001e30   0x00000026   Code   RO          394    .text.prvTaskExitError  port.o
    0x00001e56   0x00001e56   0x00000002   PAD
    0x00001e58   0x00001e58   0x0000001e   Code   RO          729    .text.prvTimerTask  timers.o
    0x00001e76   0x00001e76   0x00000002   PAD
    0x00001e78   0x00001e78   0x000000ae   Code   RO          494    .text.prvUnlockQueue  queue.o
    0x00001f26   0x00001f26   0x00000002   PAD
    0x00001f28   0x00001f28   0x000001b6   Code   RO          424    .text.pvPortMalloc  heap_4.o
    0x000020de   0x000020de   0x00000002   PAD
    0x000020e0   0x000020e0   0x00000024   Code   RO          663    .text.pvTaskIncrementMutexHeldCount  tasks.o
    0x00002104   0x00002104   0x0000005e   Code   RO          392    .text.pxPortInitialiseStack  port.o
    0x00002162   0x00002162   0x00000002   PAD
    0x00002164   0x00002164   0x00000048   Code   RO          383    .text.uxListRemove  list.o
    0x000021ac   0x000021ac   0x0000000c   Code   RO          607    .text.uxTaskGetNumberOfTasks  tasks.o
    0x000021b8   0x000021b8   0x0000002a   Code   RO          679    .text.vApplicationGetIdleTaskMemory  tasks.o
    0x000021e2   0x000021e2   0x00000002   PAD
    0x000021e4   0x000021e4   0x0000002a   Code   RO          681    .text.vApplicationGetTimerTaskMemory  tasks.o
    0x0000220e   0x0000220e   0x00000002   PAD
    0x00002210   0x00002210   0x00000008   Code   RO           16    .text.vApplicationIdleHook  main.o
    0x00002218   0x00002218   0x0000000a   Code   RO          241    .text.vApplicationStackOverflowHook  cmsis_os2.o
    0x00002222   0x00002222   0x00000002   PAD
    0x00002224   0x00002224   0x00000014   Code   RO           14    .text.vDebounceTimerCallback  main.o
    0x00002238   0x00002238   0x00000150   Code   RO            6    .text.vDriverWindowElevateTask  main.o
    0x00002388   0x00002388   0x00000152   Code   RO            8    .text.vDriverWindowLowerTask  main.o
    0x000024da   0x000024da   0x00000002   PAD
    0x000024dc   0x000024dc   0x0000002e   Code   RO          375    .text.vListInitialise  list.o
    0x0000250a   0x0000250a   0x00000002   PAD
    0x0000250c   0x0000250c   0x0000000e   Code   RO          377    .text.vListInitialiseItem  list.o
    0x0000251a   0x0000251a   0x00000002   PAD
    0x0000251c   0x0000251c   0x0000006a   Code   RO          381    .text.vListInsert   list.o
    0x00002586   0x00002586   0x00000002   PAD
    0x00002588   0x00002588   0x0000014c   Code   RO           10    .text.vPassengerWindowElevateTask  main.o
    0x000026d4   0x000026d4   0x0000014e   Code   RO           12    .text.vPassengerWindowLowerTask  main.o
    0x00002822   0x00002822   0x00000002   PAD
    0x00002824   0x00002824   0x00000014   Code   RO          402    .text.vPortEnableVFP  port.o
    0x00002838   0x00002838   0x00000030   Code   RO          408    .text.vPortEnterCritical  port.o
    0x00002868   0x00002868   0x00000026   Code   RO          410    .text.vPortExitCritical  port.o
    0x0000288e   0x0000288e   0x00000002   PAD
    0x00002890   0x00002890   0x00000076   Code   RO          428    .text.vPortFree     heap_4.o
    0x00002906   0x00002906   0x00000002   PAD
    0x00002908   0x00002908   0x00000044   Code   RO          400    .text.vPortSetupTimerInterrupt  port.o
    0x0000294c   0x0000294c   0x00000022   Code   RO          520    .text.vQueueDelete  queue.o
    0x0000296e   0x0000296e   0x00000002   PAD
    0x00002970   0x00002970   0x00000064   Code   RO          536    .text.vQueueWaitForMessageRestricted  queue.o
    0x000029d4   0x000029d4   0x0000004a   Code   RO          569    .text.vTaskDelay    tasks.o
    0x00002a1e   0x00002a1e   0x00000002   PAD
    0x00002a20   0x00002a20   0x00000024   Code   RO          633    .text.vTaskInternalSetTimeOutState  tasks.o
    0x00002a44   0x00002a44   0x0000000e   Code   RO          637    .text.vTaskMissedYield  tasks.o
    0x00002a52   0x00002a52   0x00000002   PAD
    0x00002a54   0x00002a54   0x00000026   Code   RO          621    .text.vTaskPlaceOnEventList  tasks.o
    0x00002a7a   0x00002a7a   0x00000002   PAD
    0x00002a7c   0x00002a7c   0x00000064   Code   RO          625    .text.vTaskPlaceOnEventListRestricted  tasks.o
    0x00002ae0   0x00002ae0   0x00000138   Code   RO          659    .text.vTaskPriorityDisinheritAfterTimeout  tasks.o
    0x00002c18   0x00002c18   0x00000072   Code   RO          593    .text.vTaskStartScheduler  tasks.o
    0x00002c8a   0x00002c8a   0x00000002   PAD
    0x00002c8c   0x00002c8c   0x00000010   Code   RO          563    .text.vTaskSuspendAll  tasks.o
    0x00002c9c   0x00002c9c   0x0000011c   Code   RO          585    .text.vTaskSwitchContext  tasks.o
    0x00002db8   0x00002db8   0x0000006c   Code   RO          398    .text.xPortStartScheduler  port.o
    0x00002e24   0x00002e24   0x0000003e   Code   RO          414    .text.xPortSysTickHandler  port.o
    0x00002e62   0x00002e62   0x00000002   PAD
    0x00002e64   0x00002e64   0x00000026   Code   RO          468    .text.xQueueCreateMutex  queue.o
    0x00002e8a   0x00002e8a   0x00000002   PAD
    0x00002e8c   0x00002e8c   0x00000032   Code   RO          472    .text.xQueueCreateMutexStatic  queue.o
    0x00002ebe   0x00002ebe   0x00000002   PAD
    0x00002ec0   0x00002ec0   0x00000086   Code   RO          466    .text.xQueueGenericCreate  queue.o
    0x00002f46   0x00002f46   0x00000002   PAD
    0x00002f48   0x00002f48   0x0000006c   Code   RO          460    .text.xQueueGenericCreateStatic  queue.o
    0x00002fb4   0x00002fb4   0x000000d0   Code   RO          458    .text.xQueueGenericReset  queue.o
    0x00003084   0x00003084   0x0000016a   Code   RO          480    .text.xQueueGenericSend  queue.o
    0x000031ee   0x000031ee   0x00000002   PAD
    0x000031f0   0x000031f0   0x000000d6   Code   RO          496    .text.xQueueGenericSendFromISR  queue.o
    0x000032c6   0x000032c6   0x00000002   PAD
    0x000032c8   0x000032c8   0x000000c6   Code   RO          498    .text.xQueueGiveFromISR  queue.o
    0x0000338e   0x0000338e   0x00000002   PAD
    0x00003390   0x00003390   0x00000152   Code   RO          500    .text.xQueueReceive  queue.o
    0x000034e2   0x000034e2   0x00000002   PAD
    0x000034e4   0x000034e4   0x0000019e   Code   RO          484    .text.xQueueSemaphoreTake  queue.o
    0x00003682   0x00003682   0x00000002   PAD
    0x00003684   0x00003684   0x000000c4   Code   RO          635    .text.xTaskCheckForTimeOut  tasks.o
    0x00003748   0x00003748   0x00000052   Code   RO          551    .text.xTaskCreate   tasks.o
    0x0000379a   0x0000379a   0x00000002   PAD
    0x0000379c   0x0000379c   0x0000005c   Code   RO          545    .text.xTaskCreateStatic  tasks.o
    0x000037f8   0x000037f8   0x00000038   Code   RO          653    .text.xTaskGetSchedulerState  tasks.o
    0x00003830   0x00003830   0x00000014   Code   RO          603    .text.xTaskGetTickCount  tasks.o
    0x00003844   0x00003844   0x00000018   Code   RO          605    .text.xTaskGetTickCountFromISR  tasks.o
    0x0000385c   0x0000385c   0x0000025e   Code   RO          601    .text.xTaskIncrementTick  tasks.o
    0x00003aba   0x00003aba   0x00000002   PAD
    0x00003abc   0x00003abc   0x000000f2   Code   RO          657    .text.xTaskPriorityDisinherit  tasks.o
    0x00003bae   0x00003bae   0x00000002   PAD
    0x00003bb0   0x00003bb0   0x0000015c   Code   RO          655    .text.xTaskPriorityInherit  tasks.o
    0x00003d0c   0x00003d0c   0x00000194   Code   RO          627    .text.xTaskRemoveFromEventList  tasks.o
    0x00003ea0   0x00003ea0   0x0000023e   Code   RO          567    .text.xTaskResumeAll  tasks.o
    0x000040de   0x000040de   0x00000002   PAD
    0x000040e0   0x000040e0   0x0000004a   Code   RO          731    .text.xTimerCreate  timers.o
    0x0000412a   0x0000412a   0x00000002   PAD
    0x0000412c   0x0000412c   0x00000078   Code   RO          725    .text.xTimerCreateTimerTask  timers.o
    0x000041a4   0x000041a4   0x00000058   Code   RO          739    .text.xTimerGenericCommandFromISR  timers.o
    0x000041fc   0x000041fc   0x00000028   Code   RO          810    i.GPIODirModeSet    driverlib.lib(gpio.o)
    0x00004224   0x00004224   0x00000006   Code   RO          811    i.GPIOIntClear      driverlib.lib(gpio.o)
    0x0000422a   0x0000422a   0x0000000e   Code   RO          813    i.GPIOIntEnable     driverlib.lib(gpio.o)
    0x00004238   0x00004238   0x00000058   Code   RO          814    i.GPIOIntRegister   driverlib.lib(gpio.o)
    0x00004290   0x00004290   0x0000000e   Code   RO          815    i.GPIOIntStatus     driverlib.lib(gpio.o)
    0x0000429e   0x0000429e   0x00000050   Code   RO          817    i.GPIOIntTypeSet    driverlib.lib(gpio.o)
    0x000042ee   0x000042ee   0x0000013a   Code   RO          820    i.GPIOPadConfigSet  driverlib.lib(gpio.o)
    0x00004428   0x00004428   0x00000006   Code   RO          822    i.GPIOPinRead       driverlib.lib(gpio.o)
    0x0000442e   0x0000442e   0x0000001c   Code   RO          830    i.GPIOPinTypeGPIOInput  driverlib.lib(gpio.o)
    0x0000444a   0x0000444a   0x0000001c   Code   RO          831    i.GPIOPinTypeGPIOOutput  driverlib.lib(gpio.o)
    0x00004466   0x00004466   0x00000006   Code   RO          852    i.GPIOPinWrite      driverlib.lib(gpio.o)
    0x0000446c   0x0000446c   0x00000064   Code   RO         1133    i.IntEnable         driverlib.lib(interrupt.o)
    0x000044d0   0x000044d0   0x00000028   Code   RO         1144    i.IntPrioritySet    driverlib.lib(interrupt.o)
    0x000044f8   0x000044f8   0x00000034   Code   RO         1145    i.IntRegister       driverlib.lib(interrupt.o)
    0x0000452c   0x0000452c   0x00000120   Code   RO         1253    i.SysCtlClockSet    driverlib.lib(sysctl.o)
    0x0000464c   0x0000464c   0x00000028   Code   RO         1282    i.SysCtlPeripheralEnable  driverlib.lib(sysctl.o)
    0x00004674   0x00004674   0x0000002c   Code   RO         1286    i.SysCtlPeripheralReady  driverlib.lib(sysctl.o)
    0x000046a0   0x000046a0   0x00000004   Code   RO         1296    i.SysCtlSleep       driverlib.lib(sysctl.o)
    0x000046a4   0x000046a4   0x0000001a   Code   RO         1614    x$fpl$fpinit        fz_wm.l(fpinit.o)
    0x000046be   0x000046be   0x00000002   PAD
    0x000046c0   0x000046c0   0x00000210   Data   RO          853    .constdata          driverlib.lib(gpio.o)
    0x000048d0   0x000048d0   0x0000010c   Data   RO         1149    .constdata          driverlib.lib(interrupt.o)
    0x000049dc   0x000049dc   0x00000022   Data   RO           29    .rodata.str1.1      main.o
    0x000049fe   0x000049fe   0x00000005   Data   RO          717    .rodata.str1.1      tasks.o
    0x00004a03   0x00004a03   0x00000008   Data   RO          790    .rodata.str1.1      timers.o
    0x00004a0b   0x00004a0b   0x00000001   PAD
    0x00004a0c   0x00004a0c   0x00000004   Data   RO          708    .rodata.uxTopUsedPriority  tasks.o
    0x00004a10   0x00004a10   0x00000020   Data   RO         1778    Region$$Table       anon$$obj.o


    Execution Region ER_RW (Exec base: 0x20000000, Load base: 0x00004c00, Size: 0x0000066c, Max: 0xffffffff, ABSOLUTE, COMPRESSED[0x00000018])

    Exec Addr    Load Addr    Size         Type   Attr      Idx    E Section Name        Object

    0x20000000   COMPRESSED   0x00000004   Data   RW          327    .data.SystemCoreClock  system_tm4c123.o
    0x20000004   COMPRESSED   0x00000004   Data   RW          416    .data.uxCriticalNesting  port.o
    0x20000008   COMPRESSED   0x00000004   Data   RW           18    .data.window_state  main.o
    0x2000000c   COMPRESSED   0x000003f4   PAD
    0x20000400   COMPRESSED   0x0000026c   Data   RW         1150    vtable              driverlib.lib(interrupt.o)


    Execution Region ER_ZI (Exec base: 0x20000670, Load base: 0x00004c18, Size: 0x00002e28, Max: 0xffffffff, ABSOLUTE)

    Exec Addr    Load Addr    Size         Type   Attr      Idx    E Section Name        Object

    0x20000670        -       0x00000060   Zero   RW         1645    .bss                c_w.l(libspace.o)
    0x200006d0        -       0x00000190   Zero   RW           77    .bss.clib_mutex_cb  clib_os.o
    0x20000860        -       0x00000014   Zero   RW           76    .bss.clib_mutex_id  clib_os.o
    0x20000874        -       0x00000001   Zero   RW           20    .bss.debounce_in_progress  main.o
    0x20000875        -       0x00000001   Zero   RW           31    .bss.driver_elevate_button_state  main.o
    0x20000876        -       0x00000001   Zero   RW           33    .bss.driver_lower_button_state  main.o
    0x20000877   0x00004c18   0x00000001   PAD
    0x20000878        -       0x00000004   Zero   RW           19    .bss.last_task      main.o
    0x2000087c        -       0x00000001   Zero   RW           36    .bss.lock_state     main.o
    0x2000087d        -       0x00000001   Zero   RW           32    .bss.operation      main.o
    0x2000087e        -       0x00000001   Zero   RW           34    .bss.passenger_elevate_button_state  main.o
    0x2000087f        -       0x00000001   Zero   RW           35    .bss.passenger_lower_button_state  main.o
    0x20000880        -       0x00000050   Zero   RW          798    .bss.prvCheckForValidListAndQueue.ucStaticTimerQueueStorage  timers.o
    0x200008d0        -       0x00000050   Zero   RW          797    .bss.prvCheckForValidListAndQueue.xStaticTimerQueue  timers.o
    0x20000920        -       0x00000004   Zero   RW          794    .bss.prvSampleTimeNow.xLastTime  timers.o
    0x20000924        -       0x00000004   Zero   RW          691    .bss.pxCurrentTCB   tasks.o
    0x20000928        -       0x00000004   Zero   RW          792    .bss.pxCurrentTimerList  timers.o
    0x2000092c        -       0x00000004   Zero   RW          698    .bss.pxDelayedTaskList  tasks.o
    0x20000930        -       0x00000004   Zero   RW          444    .bss.pxEnd          heap_4.o
    0x20000934        -       0x00000004   Zero   RW          699    .bss.pxOverflowDelayedTaskList  tasks.o
    0x20000938        -       0x00000004   Zero   RW          793    .bss.pxOverflowTimerList  timers.o
    0x2000093c        -       0x00000460   Zero   RW          702    .bss.pxReadyTasksLists  tasks.o
    0x20000d9c        -       0x00002000   Zero   RW          450    .bss.ucHeap         heap_4.o
    0x20002d9c        -       0x00000004   Zero   RW          696    .bss.uxCurrentNumberOfTasks  tasks.o
    0x20002da0        -       0x00000004   Zero   RW          695    .bss.uxDeletedTasksWaitingCleanUp  tasks.o
    0x20002da4        -       0x00000004   Zero   RW          704    .bss.uxSchedulerSuspended  tasks.o
    0x20002da8        -       0x00000004   Zero   RW          692    .bss.uxTaskNumber   tasks.o
    0x20002dac        -       0x00000004   Zero   RW          703    .bss.uxTopReadyPriority  tasks.o
    0x20002db0        -       0x00000200   Zero   RW          712    .bss.vApplicationGetIdleTaskMemory.uxIdleTaskStack  tasks.o
    0x20002fb0        -       0x0000005c   Zero   RW          711    .bss.vApplicationGetIdleTaskMemory.xIdleTaskTCB  tasks.o
    0x2000300c        -       0x00000140   Zero   RW          714    .bss.vApplicationGetTimerTaskMemory.uxTimerTaskStack  tasks.o
    0x2000314c        -       0x0000005c   Zero   RW          713    .bss.vApplicationGetTimerTaskMemory.xTimerTaskTCB  tasks.o
    0x200031a8        -       0x00000014   Zero   RW          795    .bss.xActiveTimerList1  timers.o
    0x200031bc        -       0x00000014   Zero   RW          796    .bss.xActiveTimerList2  timers.o
    0x200031d0        -       0x00000004   Zero   RW           30    .bss.xDebounceTimer  main.o
    0x200031d4        -       0x00000014   Zero   RW          715    .bss.xDelayedTaskList1  tasks.o
    0x200031e8        -       0x00000014   Zero   RW          716    .bss.xDelayedTaskList2  tasks.o
    0x200031fc        -       0x00000004   Zero   RW           26    .bss.xDriverDownSem  main.o
    0x20003200        -       0x00000004   Zero   RW           25    .bss.xDriverUpSem   main.o
    0x20003204        -       0x00000004   Zero   RW           21    .bss.xDriverWindowElevateTaskHandle  main.o
    0x20003208        -       0x00000004   Zero   RW           22    .bss.xDriverWindowLowerTaskHandle  main.o
    0x2000320c        -       0x00000004   Zero   RW          445    .bss.xFreeBytesRemaining  heap_4.o
    0x20003210        -       0x00000004   Zero   RW          707    .bss.xIdleTaskHandles  tasks.o
    0x20003214        -       0x00000004   Zero   RW          447    .bss.xMinimumEverFreeBytesRemaining  heap_4.o
    0x20003218        -       0x00000004   Zero   RW          706    .bss.xNextTaskUnblockTime  tasks.o
    0x2000321c        -       0x00000004   Zero   RW          710    .bss.xNumOfOverflows  tasks.o
    0x20003220        -       0x00000004   Zero   RW          448    .bss.xNumberOfSuccessfulAllocations  heap_4.o
    0x20003224        -       0x00000004   Zero   RW          449    .bss.xNumberOfSuccessfulFrees  heap_4.o
    0x20003228        -       0x00000004   Zero   RW           28    .bss.xPassengerDownSem  main.o
    0x2000322c        -       0x00000004   Zero   RW           27    .bss.xPassengerUpSem  main.o
    0x20003230        -       0x00000004   Zero   RW           23    .bss.xPassengerWindowElevateTaskHandle  main.o
    0x20003234        -       0x00000004   Zero   RW           24    .bss.xPassengerWindowLowerTaskHandle  main.o
    0x20003238        -       0x00000004   Zero   RW          709    .bss.xPendedTicks   tasks.o
    0x2000323c        -       0x00000014   Zero   RW          700    .bss.xPendingReadyList  tasks.o
    0x20003250        -       0x00000004   Zero   RW          693    .bss.xSchedulerRunning  tasks.o
    0x20003254        -       0x00000008   Zero   RW          446    .bss.xStart         heap_4.o
    0x2000325c        -       0x00000014   Zero   RW          701    .bss.xSuspendedTaskList  tasks.o
    0x20003270        -       0x00000014   Zero   RW          694    .bss.xTasksWaitingTermination  tasks.o
    0x20003284        -       0x00000004   Zero   RW          697    .bss.xTickCount     tasks.o
    0x20003288        -       0x00000004   Zero   RW          789    .bss.xTimerQueue    timers.o
    0x2000328c        -       0x00000004   Zero   RW          791    .bss.xTimerTaskHandle  timers.o
    0x20003290        -       0x00000004   Zero   RW          705    .bss.xYieldPendings  tasks.o
    0x20003294   0x00004c18   0x00000004   PAD
    0x20003298        -       0x00000000   Zero   RW          312    HEAP                startup_tm4c123.o
    0x20003298        -       0x00000200   Zero   RW          311    STACK               startup_tm4c123.o


==============================================================================

Image component sizes


      Code (inc. data)   RO Data    RW Data    ZI Data      Debug   Object Name

       422          0          0          0        420       4424   clib_os.o
        40          0          0          0          0      30100   cmsis_os2.o
       942          0          0          0       8220       4647   heap_4.o
       238          0          0          0          0       2462   list.o
      2604          0         34          4         47       4208   main.o
       652         16          0          4          0       3069   port.o
        60          0          0          0          0        617   port_config.o
      2882          0          0          0          0      15010   queue.o
       276         24        620          0        512       5600   startup_tm4c123.o
       268          0          0          4          0       6920   system_tm4c123.o
      5506          0          9          0       2296      27502   tasks.o
      1492         10          8          0        220      11328   timers.o

    ----------------------------------------------------------------------
     15500         50        704       1024      11720     115887   Object Totals
         0          0         32          0          0          0   (incl. Generated)
       118          0          1       1012          5          0   (incl. Padding)

    ----------------------------------------------------------------------

      Code (inc. data)   RO Data    RW Data    ZI Data      Debug   Library Member Name

        58          0          0          0          0          0   __dczerorl.o
         8          0          0          0          0         68   __main.o
         0          0          0          0          0          0   __rtentry.o
        20          0          0          0          0          0   __rtentry2.o
         6          0          0          0          0          0   __rtentry4.o
        52          8          0          0          0          0   __scatter.o
        28          0          0          0          0          0   __scatter_zi.o
        16          0          0          0          0         68   aeabi_memset4.o
        18          0          0          0          0         80   exit.o
         6          0          0          0          0        152   heapauxi.o
         0          0          0          0          0          0   indicate_semi.o
         2          0          0          0          0          0   libinit.o
         6          0          0          0          0          0   libinit2.o
         2          0          0          0          0          0   libshutdown.o
         2          0          0          0          0          0   libshutdown2.o
         8          4          0          0         96         68   libspace.o
        68          0          0          0          0         68   rt_memclr.o
        78          0          0          0          0         80   rt_memclr_w.o
       138          0          0          0          0         68   rt_memcpy_v6.o
       100          0          0          0          0         80   rt_memcpy_w.o
         2          0          0          0          0          0   rtexit.o
        10          0          0          0          0          0   rtexit2.o
        12          4          0          0          0         68   sys_exit.o
        74          0          0          0          0         80   sys_stackheap_outer.o
         2          0          0          0          0         68   use_no_semi.o
        38          0          0          0          0        504   cpu.o
       624         18        528          0          0      10690   gpio.o
       192         20        268        620          0       2355   interrupt.o
       382         26          0          0          0       2396   sysctl.o
        26          0          0          0          0        116   fpinit.o

    ----------------------------------------------------------------------
      1992         80        796        620         96      17009   Library Totals
        14          0          0          0          0          0   (incl. Padding)

    ----------------------------------------------------------------------

      Code (inc. data)   RO Data    RW Data    ZI Data      Debug   Library Name

       716         16          0          0         96        948   c_w.l
      1236         64        796        620          0      15945   driverlib.lib
        26          0          0          0          0        116   fz_wm.l

    ----------------------------------------------------------------------
      1992         80        796        620         96      17009   Library Totals

    ----------------------------------------------------------------------

==============================================================================


      Code (inc. data)   RO Data    RW Data    ZI Data      Debug   

     17492        130       1500       1644      11816     130780   Grand Totals
     17492        130       1500         24      11816     130780   ELF Image Totals (compressed)
     17492        130       1500         24          0          0   ROM Totals

==============================================================================

    Total RO  Size (Code + RO Data)                18992 (  18.55kB)
    Total RW  Size (RW Data + ZI Data)             13460 (  13.14kB)
    Total ROM Size (Code + RO Data + RW Data)      19016 (  18.57kB)

==============================================================================

