Component: Arm Compiler for Embedded 6.19 Tool: armlink [5e73cb00]

==============================================================================

Section Cross References

    main.o(.text.main) refers to sysctl.o(i.SysCtlClockSet) for SysCtlClockSet
    main.o(.text.main) refers to port_config.o(.text.PortA_Config) for PortA_Config
    main.o(.text.main) refers to port_config.o(.text.PortB_Config) for PortB_Config
    main.o(.text.main) refers to port_config.o(.text.PortC_Config) for PortC_Config
    main.o(.text.main) refers to sysctl.o(i.SysCtlClockGet) for SysCtlClockGet
    main.o(.text.main) refers to i2c.o(i.I2CMasterInitExpClk) for I2CMasterInitExpClk
    main.o(.text.main) refers to lcd_i2c.o(.text.LCD_I2C_Init) for LCD_I2C_Init
    main.o(.text.main) refers to main.o(.rodata.lockChar) for lockChar
    main.o(.text.main) refers to lcd_i2c.o(.text.LCD_I2C_CreateChar) for LCD_I2C_CreateChar
    main.o(.text.main) refers to main.o(.rodata.unlockChar) for unlockChar
    main.o(.text.main) refers to queue.o(.text.xQueueGenericCreate) for xQueueGenericCreate
    main.o(.text.main) refers to main.o(.bss.xStatusQueue) for xStatusQueue
    main.o(.text.main) refers to main.o(.text.vLCDTask) for vLCDTask
    main.o(.text.main) refers to main.o(.rodata.str1.1) for .L.str
    main.o(.text.main) refers to tasks.o(.text.xTaskCreate) for xTaskCreate
    main.o(.text.main) refers to main.o(.text.vStatusProducerTask) for vStatusProducerTask
    main.o(.text.main) refers to main.o(.bss.xDriverUpSem) for xDriverUpSem
    main.o(.text.main) refers to main.o(.bss.xDriverDownSem) for xDriverDownSem
    main.o(.text.main) refers to main.o(.bss.xPassengerUpSem) for xPassengerUpSem
    main.o(.text.main) refers to main.o(.bss.xPassengerDownSem) for xPassengerDownSem
    main.o(.text.main) refers to main.o(.bss.xLockWindowsSem) for xLockWindowsSem
    main.o(.text.main) refers to main.o(.bss.xUpperLimitSem) for xUpperLimitSem
    main.o(.text.main) refers to main.o(.bss.xLowerLimitSem) for xLowerLimitSem
    main.o(.text.main) refers to main.o(.text.ISRHandlers) for ISRHandlers
    main.o(.text.main) refers to gpio.o(i.GPIOIntRegister) for GPIOIntRegister
    main.o(.text.main) refers to gpio.o(i.GPIOIntTypeSet) for GPIOIntTypeSet
    main.o(.text.main) refers to gpio.o(i.GPIOIntEnable) for GPIOIntEnable
    main.o(.text.main) refers to interrupt.o(i.IntEnable) for IntEnable
    main.o(.text.main) refers to interrupt.o(i.IntPrioritySet) for IntPrioritySet
    main.o(.text.main) refers to main.o(.bss.xDriverWindowElevateTaskHandle) for xDriverWindowElevateTaskHandle
    main.o(.text.main) refers to main.o(.text.vDriverWindowElevateTask) for vDriverWindowElevateTask
    main.o(.text.main) refers to main.o(.bss.xDriverWindowLowerTaskHandle) for xDriverWindowLowerTaskHandle
    main.o(.text.main) refers to main.o(.text.vDriverWindowLowerTask) for vDriverWindowLowerTask
    main.o(.text.main) refers to main.o(.bss.xPassengerWindowElevateTaskHandle) for xPassengerWindowElevateTaskHandle
    main.o(.text.main) refers to main.o(.text.vPassengerWindowElevateTask) for vPassengerWindowElevateTask
    main.o(.text.main) refers to main.o(.bss.xPassengerWindowLowerTaskHandle) for xPassengerWindowLowerTaskHandle
    main.o(.text.main) refers to main.o(.text.vPassengerWindowLowerTask) for vPassengerWindowLowerTask
    main.o(.text.main) refers to main.o(.bss.xLockWindowsTaskHandle) for xLockWindowsTaskHandle
    main.o(.text.main) refers to main.o(.text.vLockWindowsTask) for vLockWindowsTask
    main.o(.text.main) refers to main.o(.bss.xUpperLimitTaskHandle) for xUpperLimitTaskHandle
    main.o(.text.main) refers to main.o(.text.vUpperLimitTask) for vUpperLimitTask
    main.o(.text.main) refers to main.o(.bss.xLowerLimitTaskHandle) for xLowerLimitTaskHandle
    main.o(.text.main) refers to main.o(.text.vLowerLimitTask) for vLowerLimitTask
    main.o(.text.main) refers to main.o(.text.vDebounceTimerCallback) for vDebounceTimerCallback
    main.o(.text.main) refers to timers.o(.text.xTimerCreate) for xTimerCreate
    main.o(.text.main) refers to main.o(.bss.xDebounceTimer) for xDebounceTimer
    main.o(.text.main) refers to tasks.o(.text.vTaskStartScheduler) for vTaskStartScheduler
    main.o(.ARM.exidx.text.main) refers to main.o(.text.main) for [Anonymous Symbol]
    main.o(.text.vLCDTask) refers to main.o(.bss.xStatusQueue) for xStatusQueue
    main.o(.text.vLCDTask) refers to queue.o(.text.xQueueReceive) for xQueueReceive
    main.o(.text.vLCDTask) refers to lcd_i2c.o(.text.LCD_I2C_Clear) for LCD_I2C_Clear
    main.o(.text.vLCDTask) refers to lcd_i2c.o(.text.LCD_I2C_SetCursor) for LCD_I2C_SetCursor
    main.o(.text.vLCDTask) refers to main.o(.rodata.str1.1) for .L.str.10
    main.o(.text.vLCDTask) refers to lcd_i2c.o(.text.LCD_I2C_Print) for LCD_I2C_Print
    main.o(.text.vLCDTask) refers to main.o(.data.window_state) for window_state
    main.o(.text.vLCDTask) refers to lcd_i2c.o(.text.LCD_I2C_WriteChar) for LCD_I2C_WriteChar
[...]
    __rt_entry                               0x000003b9   Thumb Code     0  __rtentry.o(.ARM.Collect$$rtentry$$00000000)
    __rt_entry_presh_1                       0x000003b9   Thumb Code     0  __rtentry2.o(.ARM.Collect$$rtentry$$00000002)
    __rt_entry_sh                            0x000003b9   Thumb Code     0  __rtentry4.o(.ARM.Collect$$rtentry$$00000004)
    __rt_entry_postsh_1                      0x000003bf   Thumb Code     0  __rtentry2.o(.ARM.Collect$$rtentry$$00000008)
    __rt_entry_li                            0x000003c7   Thumb Code     0  __rtentry2.o(.ARM.Collect$$rtentry$$0000000A)
    __rt_entry_main                          0x000003cb   Thumb Code     0  __rtentry2.o(.ARM.Collect$$rtentry$$0000000D)
    __rt_entry_postli_1                      0x000003cb   Thumb Code     0  __rtentry2.o(.ARM.Collect$$rtentry$$0000000C)
    __rt_exit                                0x000003d3   Thumb Code     0  rtexit.o(.ARM.Collect$$rtexit$$00000000)
    __rt_exit_ls                             0x000003d5   Thumb Code     0  rtexit2.o(.ARM.Collect$$rtexit$$00000003)
    __rt_exit_prels_1                        0x000003d5   Thumb Code     0  rtexit2.o(.ARM.Collect$$rtexit$$00000002)
    __rt_exit_exit                           0x000003d9   Thumb Code     0  rtexit2.o(.ARM.Collect$$rtexit$$00000004)
    SysCtlDelay                              0x000003e1   Thumb Code     6  sysctl.o(.emb_text)
    CPUcpsid                                 0x000003e9   Thumb Code     8  cpu.o(.emb_text)
    CPUprimask                               0x000003f1   Thumb Code     6  cpu.o(.emb_text)
    CPUcpsie                                 0x000003f7   Thumb Code     8  cpu.o(.emb_text)
    CPUwfi                                   0x000003ff   Thumb Code     4  cpu.o(.emb_text)
    CPUbasepriSet                            0x00000403   Thumb Code     6  cpu.o(.emb_text)
    CPUbasepriGet                            0x00000409   Thumb Code     6  cpu.o(.emb_text)
    Reset_Handler                            0x00000411   Thumb Code     8  startup_tm4c123.o(.text)
    NMI_Handler                              0x00000419   Thumb Code     2  startup_tm4c123.o(.text)
    HardFault_Handler                        0x0000041b   Thumb Code     2  startup_tm4c123.o(.text)
    MemManage_Handler                        0x0000041d   Thumb Code     2  startup_tm4c123.o(.text)
    BusFault_Handler                         0x0000041f   Thumb Code     2  startup_tm4c123.o(.text)
    UsageFault_Handler                       0x00000421   Thumb Code     2  startup_tm4c123.o(.text)
    DebugMon_Handler                         0x00000425   Thumb Code     2  startup_tm4c123.o(.text)
    GPIOA_Handler                            0x0000042b   Thumb Code     2  startup_tm4c123.o(.text)
    GPIOB_Handler                            0x0000042d   Thumb Code     2  startup_tm4c123.o(.text)
    GPIOC_Handler                            0x0000042f   Thumb Code     2  startup_tm4c123.o(.text)
    GPIOD_Handler                            0x00000431   Thumb Code     2  startup_tm4c123.o(.text)
    GPIOE_Handler                            0x00000433   Thumb Code     2  startup_tm4c123.o(.text)
    UART0_Handler                            0x00000435   Thumb Code     2  startup_tm4c123.o(.text)
    UART1_Handler                            0x00000437   Thumb Code     2  startup_tm4c123.o(.text)
    SSI0_Handler                             0x00000439   Thumb Code     2  startup_tm4c123.o(.text)
    I2C0_Handler                             0x0000043b   Thumb Code     2  startup_tm4c123.o(.text)
    PMW0_FAULT_Handler                       0x0000043d   Thumb Code     2  startup_tm4c123.o(.text)
    PWM0_0_Handler                           0x0000043f   Thumb Code     2  startup_tm4c123.o(.text)
    PWM0_1_Handler                           0x00000441   Thumb Code     2  startup_tm4c123.o(.text)
    PWM0_2_Handler                           0x00000443   Thumb Code     2  startup_tm4c123.o(.text)
    QEI0_Handler                             0x00000445   Thumb Code     2  startup_tm4c123.o(.text)
    ADC0SS0_Handler                          0x00000447   Thumb Code     2  startup_tm4c123.o(.text)
    ADC0SS1_Handler                          0x00000449   Thumb Code     2  startup_tm4c123.o(.text)
    ADC0SS2_Handler                          0x0000044b   Thumb Code     2  startup_tm4c123.o(.text)
    ADC0SS3_Handler                          0x0000044d   Thumb Code     2  startup_tm4c123.o(.text)
    WDT0_Handler                             0x0000044f   Thumb Code     2  startup_tm4c123.o(.text)
    TIMER0A_Handler                          0x00000451   Thumb Code     2  startup_tm4c123.o(.text)
    TIMER0B_Handler                          0x00000453   Thumb Code     2  startup_tm4c123.o(.text)
    TIMER1A_Handler                          0x00000455   Thumb Code     2  startup_tm4c123.o(.text)
    TIMER1B_Handler                          0x00000457   Thumb Code     2  startup_tm4c123.o(.text)
    TIMER2A_Handler                          0x00000459   Thumb Code     2  startup_tm4c123.o(.text)
    TIMER2B_Handler                          0x0000045b   Thumb Code     2  startup_tm4c123.o(.text)
    COMP0_Handler                            0x0000045d   Thumb Code     2  startup_tm4c123.o(.text)
    COMP1_Handler                            0x0000045f   Thumb Code     2  startup_tm4c123.o(.text)
    COMP2_Handler                            0x00000461   Thumb Code     2  startup_tm4c123.o(.text)
    SYSCTL_Handler                           0x00000463   Thumb Code     2  startup_tm4c123.o(.text)
    FLASH_Handler                            0x00000465   Thumb Code     2  startup_tm4c123.o(.text)
    GPIOF_Handler                            0x00000467   Thumb Code     2  startup_tm4c123.o(.text)
    GPIOG_Handler                            0x00000469   Thumb Code     2  startup_tm4c123.o(.text)
    GPIOH_Handler                            0x0000046b   Thumb Code     2  startup_tm4c123.o(.text)
    UART2_Handler                            0x0000046d   Thumb Code     2  startup_tm4c123.o(.text)
    SSI1_Handler                             0x0000046f   Thumb Code     2  startup_tm4c123.o(.text)
    TIMER3A_Handler                          0x00000471   Thumb Code     2  startup_tm4c123.o(.text)
    TIMER3B_Handler                          0x00000473   Thumb Code     2  startup_tm4c123.o(.text)
    I2C1_Handler                             0x00000475   Thumb Code     2  startup_tm4c123.o(.text)
    QEI1_Handler                             0x00000477   Thumb Code     2  startup_tm4c123.o(.text)
    CAN0_Handler                             0x00000479   Thumb Code     2  startup_tm4c123.o(.text)
    CAN1_Handler                             0x0000047b   Thumb Code     2  startup_tm4c123.o(.text)
    CAN2_Handler                             0x0000047d   Thumb Code     2  startup_tm4c123.o(.text)
    HIB_Handler                              0x0000047f   Thumb Code     2  startup_tm4c123.o(.text)
    USB0_Handler                             0x00000481   Thumb Code     2  startup_tm4c123.o(.text)
    PWM0_3_Handler                           0x00000483   Thumb Code     2  startup_tm4c123.o(.text)
    UDMA_Handler                             0x00000485   Thumb Code     2  startup_tm4c123.o(.text)
    UDMAERR_Handler                          0x00000487   Thumb Code     2  startup_tm4c123.o(.text)
    ADC1SS0_Handler                          0x00000489   Thumb Code     2  startup_tm4c123.o(.text)
    ADC1SS1_Handler                          0x0000048b   Thumb Code     2  startup_tm4c123.o(.text)
    ADC1SS2_Handler                          0x0000048d   Thumb Code     2  startup_tm4c123.o(.text)
    ADC1SS3_Handler                          0x0000048f   Thumb Code     2  startup_tm4c123.o(.text)
    GPIOJ_Handler                            0x00000491   Thumb Code     2  startup_tm4c123.o(.text)
    GPIOK_Handler                            0x00000493   Thumb Code     2  startup_tm4c123.o(.text)
    GPIOL_Handler                            0x00000495   Thumb Code     2  startup_tm4c123.o(.text)
    SSI2_Handler                             0x00000497   Thumb Code     2  startup_tm4c123.o(.text)
    SSI3_Handler                             0x00000499   Thumb Code     2  startup_tm4c123.o(.text)
    UART3_Handler                            0x0000049b   Thumb Code     2  startup_tm4c123.o(.text)
    UART4_Handler                            0x0000049d   Thumb Code     2  startup_tm4c123.o(.text)
    UART5_Handler                            0x0000049f   Thumb Code     2  startup_tm4c123.o(.text)
    UART6_Handler                            0x000004a1   Thumb Code     2  startup_tm4c123.o(.text)
    UART7_Handler                            0x000004a3   Thumb Code     2  startup_tm4c123.o(.text)
    I2C2_Handler                             0x000004a5   Thumb Code     2  startup_tm4c123.o(.text)
    I2C3_Handler                             0x000004a7   Thumb Code     2  startup_tm4c123.o(.text)
    TIMER4A_Handler                          0x000004a9   Thumb Code     2  startup_tm4c123.o(.text)
    TIMER4B_Handler                          0x000004ab   Thumb Code     2  startup_tm4c123.o(.text)
    TIMER5A_Handler                          0x000004ad   Thumb Code     2  startup_tm4c123.o(.text)
    TIMER5B_Handler                          0x000004af   Thumb Code     2  startup_tm4c123.o(.text)
    WTIMER0A_Handler                         0x000004b1   Thumb Code     2  startup_tm4c123.o(.text)
    WTIMER0B_Handler                         0x000004b3   Thumb Code     2  startup_tm4c123.o(.text)
    WTIMER1A_Handler                         0x000004b5   Thumb Code     2  startup_tm4c123.o(.text)
    WTIMER1B_Handler                         0x000004b7   Thumb Code     2  startup_tm4c123.o(.text)
    WTIMER2A_Handler                         0x000004b9   Thumb Code     2  startup_tm4c123.o(.text)
    WTIMER2B_Handler                         0x000004bb   Thumb Code     2  startup_tm4c123.o(.text)
    WTIMER3A_Handler                         0x000004bd   Thumb Code     2  startup_tm4c123.o(.text)
    WTIMER3B_Handler                         0x000004bf   Thumb Code     2  startup_tm4c123.o(.text)
    WTIMER4A_Handler                         0x000004c1   Thumb Code     2  startup_tm4c123.o(.text)
    WTIMER4B_Handler                         0x000004c3   Thumb Code     2  startup_tm4c123.o(.text)
    WTIMER5A_Handler                         0x000004c5   Thumb Code     2  startup_tm4c123.o(.text)
    WTIMER5B_Handler                         0x000004c7   Thumb Code     2  startup_tm4c123.o(.text)
    FPU_Handler                              0x000004c9   Thumb Code     2  startup_tm4c123.o(.text)
    I2C4_Handler                             0x000004cb   Thumb Code     2  startup_tm4c123.o(.text)
    I2C5_Handler                             0x000004cd   Thumb Code     2  startup_tm4c123.o(.text)
    GPIOM_Handler                            0x000004cf   Thumb Code     2  startup_tm4c123.o(.text)
    GPION_Handler                            0x000004d1   Thumb Code     2  startup_tm4c123.o(.text)
    QEI2_Handler                             0x000004d3   Thumb Code     2  startup_tm4c123.o(.text)
    GPIOP0_Handler                           0x000004d5   Thumb Code     2  startup_tm4c123.o(.text)
    GPIOP1_Handler                           0x000004d7   Thumb Code     2  startup_tm4c123.o(.text)
    GPIOP2_Handler                           0x000004d9   Thumb Code     2  startup_tm4c123.o(.text)
    GPIOP3_Handler                           0x000004db   Thumb Code     2  startup_tm4c123.o(.text)
    GPIOP4_Handler                           0x000004dd   Thumb Code     2  startup_tm4c123.o(.text)
    GPIOP5_Handler                           0x000004df   Thumb Code     2  startup_tm4c123.o(.text)
    GPIOP6_Handler                           0x000004e1   Thumb Code     2  startup_tm4c123.o(.text)
    GPIOP7_Handler                           0x000004e3   Thumb Code     2  startup_tm4c123.o(.text)
    GPIOQ0_Handler                           0x000004e5   Thumb Code     2  startup_tm4c123.o(.text)
    GPIOQ1_Handler                           0x000004e7   Thumb Code     2  startup_tm4c123.o(.text)
    GPIOQ2_Handler                           0x000004e9   Thumb Code     2  startup_tm4c123.o(.text)
    GPIOQ3_Handler                           0x000004eb   Thumb Code     2  startup_tm4c123.o(.text)
    GPIOQ4_Handler                           0x000004ed   Thumb Code     2  startup_tm4c123.o(.text)
    GPIOQ5_Handler                           0x000004ef   Thumb Code     2  startup_tm4c123.o(.text)
    GPIOQ6_Handler                           0x000004f1   Thumb Code     2  startup_tm4c123.o(.text)
    GPIOQ7_Handler                           0x000004f3   Thumb Code     2  startup_tm4c123.o(.text)
    GPIOR_Handler                            0x000004f5   Thumb Code     2  startup_tm4c123.o(.text)
    GPIOS_Handler                            0x000004f7   Thumb Code     2  startup_tm4c123.o(.text)
    PMW1_0_Handler                           0x000004f9   Thumb Code     2  startup_tm4c123.o(.text)
    PWM1_1_Handler                           0x000004fb   Thumb Code     2  startup_tm4c123.o(.text)
    PWM1_2_Handler                           0x000004fd   Thumb Code     2  startup_tm4c123.o(.text)
    PWM1_3_Handler                           0x000004ff   Thumb Code     2  startup_tm4c123.o(.text)
    PWM1_FAULT_Handler                       0x00000501   Thumb Code     2  startup_tm4c123.o(.text)
    __user_initial_stackheap                 0x00000505   Thumb Code     0  startup_tm4c123.o(.text)
    snprintf                                 0x00000525   Thumb Code    58  snprintf.o(.text)
    __aeabi_memcpy                           0x00000565   Thumb Code     0  rt_memcpy_v6.o(.text)
    __rt_memcpy                              0x00000565   Thumb Code   138  rt_memcpy_v6.o(.text)
    _memcpy_lastbytes                        0x000005cb   Thumb Code     0  rt_memcpy_v6.o(.text)
    __aeabi_memset4                          0x000005ef   Thumb Code    16  aeabi_memset4.o(.text)
    __aeabi_memset8                          0x000005ef   Thumb Code     0  aeabi_memset4.o(.text)
    __aeabi_memclr                           0x000005ff   Thumb Code     0  rt_memclr.o(.text)
    __rt_memclr                              0x000005ff   Thumb Code     0  rt_memclr.o(.text)
    _memset                                  0x00000603   Thumb Code    64  rt_memclr.o(.text)
    strcmp                                   0x00000649   Thumb Code   124  strcmpv7em.o(.text)
    __use_two_region_memory                  0x000006c5   Thumb Code     2  heapauxi.o(.text)
    __rt_heap_escrow$2region                 0x000006c7   Thumb Code     2  heapauxi.o(.text)
    __rt_heap_expand$2region                 0x000006c9   Thumb Code     2  heapauxi.o(.text)
    _printf_pre_padding                      0x000006cb   Thumb Code    44  _printf_pad.o(.text)
    _printf_post_padding                     0x000006f7   Thumb Code    34  _printf_pad.o(.text)
    _printf_truncate_signed                  0x00000719   Thumb Code    18  _printf_truncate.o(.text)
    _printf_truncate_unsigned                0x0000072b   Thumb Code    18  _printf_truncate.o(.text)
    _printf_str                              0x0000073d   Thumb Code    82  _printf_str.o(.text)
    _printf_int_dec                          0x00000791   Thumb Code   104  _printf_dec.o(.text)
    _printf_charcount                        0x00000809   Thumb Code    40  _printf_charcount.o(.text)
    _printf_char_common                      0x0000083b   Thumb Code    32  _printf_char_common.o(.text)
    _snputc                                  0x00000861   Thumb Code    16  _snputc.o(.text)
    _printf_wctomb                           0x00000871   Thumb Code   182  _printf_wctomb.o(.text)
    _printf_longlong_dec                     0x0000092d   Thumb Code   108  _printf_longlong_dec.o(.text)
    _printf_longlong_oct                     0x000009a9   Thumb Code    68  _printf_oct_int_ll.o(.text)
    _printf_int_oct                          0x000009ed   Thumb Code    24  _printf_oct_int_ll.o(.text)
    _printf_ll_oct                           0x00000a05   Thumb Code    12  _printf_oct_int_ll.o(.text)
    _printf_longlong_hex                     0x00000a19   Thumb Code    86  _printf_hex_int_ll_ptr.o(.text)
    _printf_int_hex                          0x00000a6f   Thumb Code    28  _printf_hex_int_ll_ptr.o(.text)
    _printf_ll_hex                           0x00000a8b   Thumb Code    12  _printf_hex_int_ll_ptr.o(.text)
    _printf_hex_ptr                          0x00000a97   Thumb Code    18  _printf_hex_int_ll_ptr.o(.text)
    __printf                                 0x00000aad   Thumb Code   388  __printf_flags_ss_wp.o(.text)
    __aeabi_memcpy4                          0x00000c35   Thumb Code     0  rt_memcpy_w.o(.text)
    __aeabi_memcpy8                          0x00000c35   Thumb Code     0  rt_memcpy_w.o(.text)
    __rt_memcpy_w                            0x00000c35   Thumb Code   100  rt_memcpy_w.o(.text)
    _memcpy_lastbytes_aligned                0x00000c7d   Thumb Code     0  rt_memcpy_w.o(.text)
    __aeabi_memclr4                          0x00000c99   Thumb Code     0  rt_memclr_w.o(.text)
    __aeabi_memclr8                          0x00000c99   Thumb Code     0  rt_memclr_w.o(.text)
    __rt_memclr_w                            0x00000c99   Thumb Code     0  rt_memclr_w.o(.text)
    _memset_w                                0x00000c9d   Thumb Code    74  rt_memclr_w.o(.text)
    _ll_udiv10                               0x00000ce7   Thumb Code   138  lludiv10.o(.text)
    _printf_int_common                       0x00000d71   Thumb Code   178  _printf_intcommon.o(.text)
    _printf_fp_dec_real                      0x00000fd3   Thumb Code   620  _printf_fp_dec.o(.text)
    _printf_fp_hex_real                      0x00001241   Thumb Code   756  _printf_fp_hex.o(.text)
    _printf_cs_common                        0x0000153d   Thumb Code    20  _printf_char.o(.text)
    _printf_char                             0x00001551   Thumb Code    16  _printf_char.o(.text)
    _printf_string                           0x00001561   Thumb Code     8  _printf_char.o(.text)
    _printf_lcs_common                       0x00001569   Thumb Code    20  _printf_wchar.o(.text)
    _printf_wchar                            0x0000157d   Thumb Code    16  _printf_wchar.o(.text)
    _printf_wstring                          0x0000158d   Thumb Code     8  _printf_wchar.o(.text)
    _c16rtomb                                0x00001595   Thumb Code    72  _c16rtomb.o(.text)
    _wcrtomb                                 0x00001595   Thumb Code     0  _c16rtomb.o(.text)
    __user_setup_stackheap                   0x000015dd   Thumb Code    74  sys_stackheap_outer.o(.text)
    __rt_ctype_table                         0x00001629   Thumb Code    16  rt_ctype_table.o(.text)
    __rt_locale                              0x00001639   Thumb Code    10  rt_locale_twolibspace.o(.text)
    _printf_fp_infnan                        0x00001645   Thumb Code   112  _printf_fp_infnan.o(.text)
    _btod_etento                             0x000016c5   Thumb Code   224  bigflt0.o(.text)
    exit                                     0x000017a9   Thumb Code    18  exit.o(.text)
    __user_libspace                          0x000017bd   Thumb Code     8  libspace.o(.text)
    __user_perproc_libspace                  0x000017bd   Thumb Code     0  libspace.o(.text)
    _sys_exit                                0x000017c5   Thumb Code     8  sys_exit.o(.text)
    __I$use$semihosting                      0x000017d1   Thumb Code     0  use_no_semi.o(.text)
    __use_no_semihosting_swi                 0x000017d1   Thumb Code     2  use_no_semi.o(.text)
    __semihosting_library_function           0x000017d3   Thumb Code     0  indicate_semi.o(.text)
    _fp_init                                 0x000017d5   Thumb Code    22  clib_os.o(.text.$Sub$$_fp_init)
    ISRHandlers                              0x000017ed   Thumb Code   948  main.o(.text.ISRHandlers)
    LCD_I2C_Clear                            0x00001ba1   Thumb Code    34  lcd_i2c.o(.text.LCD_I2C_Clear)
    LCD_I2C_CreateChar                       0x00001bc5   Thumb Code    70  lcd_i2c.o(.text.LCD_I2C_CreateChar)
    LCD_I2C_Init                             0x00001c0d   Thumb Code    84  lcd_i2c.o(.text.LCD_I2C_Init)
    LCD_I2C_Print                            0x00001c61   Thumb Code    36  lcd_i2c.o(.text.LCD_I2C_Print)
    LCD_I2C_SetCursor                        0x00001c85   Thumb Code    56  lcd_i2c.o(.text.LCD_I2C_SetCursor)
    LCD_I2C_WriteChar                        0x00001cbd   Thumb Code    22  lcd_i2c.o(.text.LCD_I2C_WriteChar)
    PendSV_Handler                           0x00001ce1   Thumb Code   100  port.o(.text.PendSV_Handler)
    PortA_Config                             0x00001d45   Thumb Code    60  port_config.o(.text.PortA_Config)
    PortB_Config                             0x00001d81   Thumb Code   132  port_config.o(.text.PortB_Config)
    PortC_Config                             0x00001e05   Thumb Code    50  port_config.o(.text.PortC_Config)
    SVC_Handler                              0x00001e41   Thumb Code    36  port.o(.text.SVC_Handler)
    SysTick_Handler                          0x00001e65   Thumb Code    30  cmsis_os2.o(.text.SysTick_Handler)
    SystemInit                               0x00001e85   Thumb Code   268  system_tm4c123.o(.text.SystemInit)
    _mutex_acquire                           0x00001f91   Thumb Code    40  clib_os.o(.text._mutex_acquire)
    _mutex_free                              0x00001fb9   Thumb Code    84  clib_os.o(.text._mutex_free)
    _mutex_initialize                        0x0000200d   Thumb Code   168  clib_os.o(.text._mutex_initialize)
    _mutex_release                           0x000020b5   Thumb Code    42  clib_os.o(.text._mutex_release)
    _platform_post_stackheap_init            0x000020e1   Thumb Code     2  clib_os.o(.text._platform_post_stackheap_init)
    main                                     0x00002139   Thumb Code   844  main.o(.text.main)
    pvPortMalloc                             0x00003549   Thumb Code   438  heap_4.o(.text.pvPortMalloc)
    pvTaskIncrementMutexHeldCount            0x00003701   Thumb Code    36  tasks.o(.text.pvTaskIncrementMutexHeldCount)
    pxPortInitialiseStack                    0x00003725   Thumb Code    94  port.o(.text.pxPortInitialiseStack)
    uxListRemove                             0x00003811   Thumb Code    72  list.o(.text.uxListRemove)
    uxTaskGetNumberOfTasks                   0x00003859   Thumb Code    12  tasks.o(.text.uxTaskGetNumberOfTasks)
    vApplicationGetIdleTaskMemory            0x00003865   Thumb Code    42  tasks.o(.text.vApplicationGetIdleTaskMemory)
    vApplicationGetTimerTaskMemory           0x00003891   Thumb Code    42  tasks.o(.text.vApplicationGetTimerTaskMemory)
    vApplicationIdleHook                     0x000038bd   Thumb Code    78  main.o(.text.vApplicationIdleHook)
    vApplicationStackOverflowHook            0x0000390d   Thumb Code    10  cmsis_os2.o(.text.vApplicationStackOverflowHook)
    vDebounceTimerCallback                   0x00003919   Thumb Code    20  main.o(.text.vDebounceTimerCallback)
    vDriverWindowElevateTask                 0x0000392d   Thumb Code   346  main.o(.text.vDriverWindowElevateTask)
    vDriverWindowLowerTask                   0x00003a89   Thumb Code   348  main.o(.text.vDriverWindowLowerTask)
    vLCDTask                                 0x00003be5   Thumb Code   264  main.o(.text.vLCDTask)
    vListInitialise                          0x00003ced   Thumb Code    46  list.o(.text.vListInitialise)
    vListInitialiseItem                      0x00003d1d   Thumb Code    14  list.o(.text.vListInitialiseItem)
    vListInsert                              0x00003d2d   Thumb Code   106  list.o(.text.vListInsert)
    vListInsertEnd                           0x00003d99   Thumb Code    58  list.o(.text.vListInsertEnd)
    vLockWindowsTask                         0x00003dd5   Thumb Code   204  main.o(.text.vLockWindowsTask)
    vLowerLimitTask                          0x00003ea1   Thumb Code   198  main.o(.text.vLowerLimitTask)
    vPassengerWindowElevateTask              0x00003f69   Thumb Code   342  main.o(.text.vPassengerWindowElevateTask)
    vPassengerWindowLowerTask                0x000040c1   Thumb Code   344  main.o(.text.vPassengerWindowLowerTask)
    vPortEnterCritical                       0x0000422d   Thumb Code    48  port.o(.text.vPortEnterCritical)
    vPortExitCritical                        0x0000425d   Thumb Code    38  port.o(.text.vPortExitCritical)
    vPortFree                                0x00004285   Thumb Code   118  heap_4.o(.text.vPortFree)
    vPortSetupTimerInterrupt                 0x000042fd   Thumb Code    68  port.o(.text.vPortSetupTimerInterrupt)
    vQueueDelete                             0x00004341   Thumb Code    34  queue.o(.text.vQueueDelete)
    vQueueWaitForMessageRestricted           0x00004365   Thumb Code   100  queue.o(.text.vQueueWaitForMessageRestricted)
    vStatusProducerTask                      0x000043c9   Thumb Code   140  main.o(.text.vStatusProducerTask)
    vTaskDelay                               0x00004455   Thumb Code    74  tasks.o(.text.vTaskDelay)
    vTaskInternalSetTimeOutState             0x000044a1   Thumb Code    36  tasks.o(.text.vTaskInternalSetTimeOutState)
    vTaskMissedYield                         0x000044c5   Thumb Code    14  tasks.o(.text.vTaskMissedYield)
    vTaskPlaceOnEventList                    0x000044d5   Thumb Code    38  tasks.o(.text.vTaskPlaceOnEventList)
    vTaskPlaceOnEventListRestricted          0x000044fd   Thumb Code   100  tasks.o(.text.vTaskPlaceOnEventListRestricted)
    vTaskPriorityDisinheritAfterTimeout      0x00004561   Thumb Code   312  tasks.o(.text.vTaskPriorityDisinheritAfterTimeout)
    vTaskResume                              0x00004699   Thumb Code   264  tasks.o(.text.vTaskResume)
    vTaskStartScheduler                      0x000047a1   Thumb Code   114  tasks.o(.text.vTaskStartScheduler)
    vTaskSuspend                             0x00004815   Thumb Code   296  tasks.o(.text.vTaskSuspend)
    vTaskSuspendAll                          0x0000493d   Thumb Code    16  tasks.o(.text.vTaskSuspendAll)
    vTaskSwitchContext                       0x0000494d   Thumb Code   284  tasks.o(.text.vTaskSwitchContext)
    vUpperLimitTask                          0x00004a69   Thumb Code   196  main.o(.text.vUpperLimitTask)
    xPortStartScheduler                      0x00004b6d   Thumb Code   108  port.o(.text.xPortStartScheduler)
    xPortSysTickHandler                      0x00004bd9   Thumb Code    62  port.o(.text.xPortSysTickHandler)
    xQueueCreateMutex                        0x00004c19   Thumb Code    38  queue.o(.text.xQueueCreateMutex)
    xQueueCreateMutexStatic                  0x00004c41   Thumb Code    50  queue.o(.text.xQueueCreateMutexStatic)
    xQueueGenericCreate                      0x00004c75   Thumb Code   134  queue.o(.text.xQueueGenericCreate)
    xQueueGenericCreateStatic                0x00004cfd   Thumb Code   108  queue.o(.text.xQueueGenericCreateStatic)
    xQueueGenericReset                       0x00004d69   Thumb Code   208  queue.o(.text.xQueueGenericReset)
    xQueueGenericSend                        0x00004e39   Thumb Code   362  queue.o(.text.xQueueGenericSend)
    xQueueGenericSendFromISR                 0x00004fa5   Thumb Code   214  queue.o(.text.xQueueGenericSendFromISR)
    xQueueGiveFromISR                        0x0000507d   Thumb Code   198  queue.o(.text.xQueueGiveFromISR)
    xQueueReceive                            0x00005145   Thumb Code   338  queue.o(.text.xQueueReceive)
    xQueueSemaphoreTake                      0x00005299   Thumb Code   414  queue.o(.text.xQueueSemaphoreTake)
    xTaskCheckForTimeOut                     0x00005439   Thumb Code   196  tasks.o(.text.xTaskCheckForTimeOut)
    xTaskCreate                              0x000054fd   Thumb Code    82  tasks.o(.text.xTaskCreate)
    xTaskCreateStatic                        0x00005551   Thumb Code    92  tasks.o(.text.xTaskCreateStatic)
    xTaskGetSchedulerState                   0x000055ad   Thumb Code    56  tasks.o(.text.xTaskGetSchedulerState)
    xTaskGetTickCount                        0x000055e5   Thumb Code    20  tasks.o(.text.xTaskGetTickCount)
    xTaskGetTickCountFromISR                 0x000055f9   Thumb Code    24  tasks.o(.text.xTaskGetTickCountFromISR)
    xTaskIncrementTick                       0x00005611   Thumb Code   606  tasks.o(.text.xTaskIncrementTick)
    xTaskPriorityDisinherit                  0x00005871   Thumb Code   242  tasks.o(.text.xTaskPriorityDisinherit)
    xTaskPriorityInherit                     0x00005965   Thumb Code   348  tasks.o(.text.xTaskPriorityInherit)
    xTaskRemoveFromEventList                 0x00005ac1   Thumb Code   404  tasks.o(.text.xTaskRemoveFromEventList)
    xTaskResumeAll                           0x00005c55   Thumb Code   574  tasks.o(.text.xTaskResumeAll)
    xTimerCreate                             0x00005e95   Thumb Code    74  timers.o(.text.xTimerCreate)
    xTimerCreateTimerTask                    0x00005ee1   Thumb Code   120  timers.o(.text.xTimerCreateTimerTask)
    xTimerGenericCommandFromISR              0x00005f59   Thumb Code    88  timers.o(.text.xTimerGenericCommandFromISR)
    _btod_d2e                                0x00005fb1   Thumb Code    62  btod.o(CL$$btod_d2e)
    _d2e_denorm_low                          0x00005fef   Thumb Code    70  btod.o(CL$$btod_d2e_denorm_low)
    _d2e_norm_op1                            0x00006035   Thumb Code    96  btod.o(CL$$btod_d2e_norm_op1)
    __btod_div_common                        0x00006095   Thumb Code   696  btod.o(CL$$btod_div_common)
    _e2e                                     0x000063cd   Thumb Code   220  btod.o(CL$$btod_e2e)
    _btod_ediv                               0x000064a9   Thumb Code    42  btod.o(CL$$btod_ediv)
    _btod_emul                               0x000064d3   Thumb Code    42  btod.o(CL$$btod_emul)
    __btod_mult_common                       0x000064fd   Thumb Code   580  btod.o(CL$$btod_mult_common)
    GPIODirModeSet                           0x00006741   Thumb Code    40  gpio.o(i.GPIODirModeSet)
    GPIOIntClear                             0x00006769   Thumb Code     6  gpio.o(i.GPIOIntClear)
    GPIOIntEnable                            0x0000676f   Thumb Code    14  gpio.o(i.GPIOIntEnable)
    GPIOIntRegister                          0x0000677d   Thumb Code    70  gpio.o(i.GPIOIntRegister)
    GPIOIntStatus                            0x000067d5   Thumb Code    14  gpio.o(i.GPIOIntStatus)
    GPIOIntTypeSet                           0x000067e3   Thumb Code    80  gpio.o(i.GPIOIntTypeSet)
    GPIOPadConfigSet                         0x00006833   Thumb Code   314  gpio.o(i.GPIOPadConfigSet)
    GPIOPinConfigure                         0x0000696d   Thumb Code    64  gpio.o(i.GPIOPinConfigure)
    GPIOPinRead                              0x000069b5   Thumb Code     6  gpio.o(i.GPIOPinRead)
    GPIOPinTypeGPIOInput                     0x000069bb   Thumb Code    28  gpio.o(i.GPIOPinTypeGPIOInput)
    GPIOPinTypeGPIOOutput                    0x000069d7   Thumb Code    28  gpio.o(i.GPIOPinTypeGPIOOutput)
    GPIOPinTypeI2C                           0x000069f3   Thumb Code    28  gpio.o(i.GPIOPinTypeI2C)
    GPIOPinTypeI2CSCL                        0x00006a0f   Thumb Code    28  gpio.o(i.GPIOPinTypeI2CSCL)
    GPIOPinWrite                             0x00006a2b   Thumb Code     6  gpio.o(i.GPIOPinWrite)
    I2CMasterBusy                            0x00006a31   Thumb Code    12  i2c.o(i.I2CMasterBusy)
    I2CMasterControl                         0x00006a3d   Thumb Code     4  i2c.o(i.I2CMasterControl)
    I2CMasterDataPut                         0x00006a41   Thumb Code     4  i2c.o(i.I2CMasterDataPut)
    I2CMasterInitExpClk                      0x00006a45   Thumb Code    72  i2c.o(i.I2CMasterInitExpClk)
    I2CMasterSlaveAddrSet                    0x00006a99   Thumb Code     8  i2c.o(i.I2CMasterSlaveAddrSet)
    IntEnable                                0x00006aa1   Thumb Code    92  interrupt.o(i.IntEnable)
    IntPrioritySet                           0x00006b05   Thumb Code    36  interrupt.o(i.IntPrioritySet)
    IntRegister                              0x00006b2d   Thumb Code    44  interrupt.o(i.IntRegister)
    SysCtlClockGet                           0x00006b61   Thumb Code   314  sysctl.o(i.SysCtlClockGet)
    SysCtlClockSet                           0x00006cc5   Thumb Code   270  sysctl.o(i.SysCtlClockSet)
    SysCtlPeripheralEnable                   0x00006de5   Thumb Code    36  sysctl.o(i.SysCtlPeripheralEnable)
    SysCtlPeripheralReady                    0x00006e0d   Thumb Code    40  sysctl.o(i.SysCtlPeripheralReady)
    SysCtlSleep                              0x00006e39   Thumb Code     4  sysctl.o(i.SysCtlSleep)
    __ARM_fpclassify                         0x00006e3d   Thumb Code    48  fpclassify.o(i.__ARM_fpclassify)
    _is_digit                                0x00006e6d   Thumb Code    14  __printf_wp.o(i._is_digit)
    _get_lc_numeric                          0x00006e7d   Thumb Code    44  lc_numeric_c.o(locale$$code)
    _get_lc_ctype                            0x00006ea9   Thumb Code    44  lc_ctype_c.o(locale$$code)
    $Super$$_fp_init                         0x00006ed5   Thumb Code    26  fpinit.o(x$fpl$fpinit)
    __fplib_config_fpu_vfp                   0x00006eed   Thumb Code     0  fpinit.o(x$fpl$fpinit)
    __fplib_config_pureend_doubles           0x00006eed   Thumb Code     0  fpinit.o(x$fpl$fpinit)
    _printf_fp_dec                           0x00006eef   Thumb Code     4  printf1.o(x$fpl$printf1)
    _printf_fp_hex                           0x00006ef3   Thumb Code     4  printf2.o(x$fpl$printf2)
    __I$use$fp                               0x00006ef6   Number         0  usenofp.o(x$fpl$usenofp)
    Region$$Table$$Base                      0x000075a8   Number         0  anon$$obj.o(Region$$Table)
    Region$$Table$$Limit                     0x000075c8   Number         0  anon$$obj.o(Region$$Table)
    __ctype                                  0x000075f1   Data           0  lc_ctype_c.o(locale$$data)
    SystemCoreClock                          0x20000000   Data           4  system_tm4c123.o(.data.SystemCoreClock)
    window_state                             0x20000008   Data           4  main.o(.data.window_state)
    __libspace_start                         0x20000670   Data          96  libspace.o(.bss)
    __temporary_stack_top$libspace           0x200006d0   Data           0  libspace.o(.bss)
    debounce_in_progress                     0x20000874   Data           1  main.o(.bss.debounce_in_progress)
    driver_elevate_button_state              0x20000875   Data           1  main.o(.bss.driver_elevate_button_state)
    driver_lower_button_state                0x20000876   Data           1  main.o(.bss.driver_lower_button_state)
    last_task                                0x20000878   Data           4  main.o(.bss.last_task)
    lock_state                               0x2000087c   Data           1  main.o(.bss.lock_state)
    lower_limit_switch_state                 0x2000087d   Data           1  main.o(.bss.lower_limit_switch_state)
    operation                                0x2000087e   Data           1  main.o(.bss.operation)
    passenger_elevate_button_state           0x2000087f   Data           1  main.o(.bss.passenger_elevate_button_state)
    passenger_lower_button_state             0x20000880   Data           1  main.o(.bss.passenger_lower_button_state)
    pxCurrentTCB                             0x20000928   Data           4  tasks.o(.bss.pxCurrentTCB)
    upper_limit_switch_state                 0x20002da0   Data           1  main.o(.bss.upper_limit_switch_state)
    xDebounceTimer                           0x200031d8   Data           4  main.o(.bss.xDebounceTimer)
    xDriverDownSem                           0x20003204   Data           4  main.o(.bss.xDriverDownSem)
    xDriverUpSem                             0x20003208   Data           4  main.o(.bss.xDriverUpSem)
    xDriverWindowElevateTaskHandle           0x2000320c   Data           4  main.o(.bss.xDriverWindowElevateTaskHandle)
    xDriverWindowLowerTaskHandle             0x20003210   Data           4  main.o(.bss.xDriverWindowLowerTaskHandle)
    xLockWindowsSem                          0x2000321c   Data           4  main.o(.bss.xLockWindowsSem)
    xLockWindowsTaskHandle                   0x20003220   Data           4  main.o(.bss.xLockWindowsTaskHandle)
    xLowerLimitSem                           0x20003224   Data           4  main.o(.bss.xLowerLimitSem)
    xLowerLimitTaskHandle                    0x20003228   Data           4  main.o(.bss.xLowerLimitTaskHandle)
    xPassengerDownSem                        0x20003240   Data           4  main.o(.bss.xPassengerDownSem)
    xPassengerUpSem                          0x20003244   Data           4  main.o(.bss.xPassengerUpSem)
    xPassengerWindowElevateTaskHandle        0x20003248   Data           4  main.o(.bss.xPassengerWindowElevateTaskHandle)
    xPassengerWindowLowerTaskHandle          0x2000324c   Data           4  main.o(.bss.xPassengerWindowLowerTaskHandle)
    xUpperLimitSem                           0x200032ac   Data           4  main.o(.bss.xUpperLimitSem)
    xUpperLimitTaskHandle                    0x200032b0   Data           4  main.o(.bss.xUpperLimitTaskHandle)



==============================================================================

Memory Map of the image

  Image Entry point : 0x00000411

  Load Region LR_1 (Base: 0x00000000, Size: 0x00007e6c, Max: 0xffffffff, ABSOLUTE, COMPRESSED[0x00007818])

    Execution Region ER_RO (Exec base: 0x00000000, Load base: 0x00000000, Size: 0x000076f4, Max: 0xffffffff, ABSOLUTE)

    Exec Addr    Load Addr    Size         Type   Attr      Idx    E Section Name        Object

    0x00000000   0x00000000   0x0000026c   Data   RO          365    RESET               startup_tm4c123.o
    0x0000026c   0x0000026c   0x00000008   Code   RO         1997  * !!!main             c_w.l(__main.o)
    0x00000274   0x00000274   0x00000034   Code   RO         2338    !!!scatter          c_w.l(__scatter.o)
    0x000002a8   0x000002a8   0x0000003a   Code   RO         2336    !!dczerorl          c_w.l(__dczerorl.o)
    0x000002e2   0x000002e2   0x00000002   PAD
    0x000002e4   0x000002e4   0x0000001c   Code   RO         2340    !!handler_zi        c_w.l(__scatter_zi.o)
    0x00000300   0x00000300   0x00000000   Code   RO         2083    .ARM.Collect$$_printf_percent$$00000000  c_w.l(_printf_percent.o)
    0x00000300   0x00000300   0x00000006   Code   RO         2072    .ARM.Collect$$_printf_percent$$00000001  c_w.l(_printf_n.o)
    0x00000306   0x00000306   0x00000006   Code   RO         2074    .ARM.Collect$$_printf_percent$$00000002  c_w.l(_printf_p.o)
    0x0000030c   0x0000030c   0x00000006   Code   RO         2079    .ARM.Collect$$_printf_percent$$00000003  c_w.l(_printf_f.o)
    0x00000312   0x00000312   0x00000006   Code   RO         2080    .ARM.Collect$$_printf_percent$$00000004  c_w.l(_printf_e.o)
    0x00000318   0x00000318   0x00000006   Code   RO         2081    .ARM.Collect$$_printf_percent$$00000005  c_w.l(_printf_g.o)
    0x0000031e   0x0000031e   0x00000006   Code   RO         2082    .ARM.Collect$$_printf_percent$$00000006  c_w.l(_printf_a.o)
    0x00000324   0x00000324   0x0000000a   Code   RO         2087    .ARM.Collect$$_printf_percent$$00000007  c_w.l(_printf_ll.o)
    0x0000032e   0x0000032e   0x00000006   Code   RO         2076    .ARM.Collect$$_printf_percent$$00000008  c_w.l(_printf_i.o)
    0x00000334   0x00000334   0x00000006   Code   RO         2077    .ARM.Collect$$_printf_percent$$00000009  c_w.l(_printf_d.o)
    0x0000033a   0x0000033a   0x00000006   Code   RO         2078    .ARM.Collect$$_printf_percent$$0000000A  c_w.l(_printf_u.o)
    0x00000340   0x00000340   0x00000006   Code   RO         2075    .ARM.Collect$$_printf_percent$$0000000B  c_w.l(_printf_o.o)
    0x00000346   0x00000346   0x00000006   Code   RO         2073    .ARM.Collect$$_printf_percent$$0000000C  c_w.l(_printf_x.o)
    0x0000034c   0x0000034c   0x00000006   Code   RO         2084    .ARM.Collect$$_printf_percent$$0000000D  c_w.l(_printf_lli.o)
    0x00000352   0x00000352   0x00000006   Code   RO         2085    .ARM.Collect$$_printf_percent$$0000000E  c_w.l(_printf_lld.o)
    0x00000358   0x00000358   0x00000006   Code   RO         2086    .ARM.Collect$$_printf_percent$$0000000F  c_w.l(_printf_llu.o)
    0x0000035e   0x0000035e   0x00000006   Code   RO         2091    .ARM.Collect$$_printf_percent$$00000010  c_w.l(_printf_llo.o)
    0x00000364   0x00000364   0x00000006   Code   RO         2092    .ARM.Collect$$_printf_percent$$00000011  c_w.l(_printf_llx.o)
    0x0000036a   0x0000036a   0x0000000a   Code   RO         2088    .ARM.Collect$$_printf_percent$$00000012  c_w.l(_printf_l.o)
    0x00000374   0x00000374   0x00000006   Code   RO         2070    .ARM.Collect$$_printf_percent$$00000013  c_w.l(_printf_c.o)
    0x0000037a   0x0000037a   0x00000006   Code   RO         2071    .ARM.Collect$$_printf_percent$$00000014  c_w.l(_printf_s.o)
    0x00000380   0x00000380   0x00000006   Code   RO         2089    .ARM.Collect$$_printf_percent$$00000015  c_w.l(_printf_lc.o)
    0x00000386   0x00000386   0x00000006   Code   RO         2090    .ARM.Collect$$_printf_percent$$00000016  c_w.l(_printf_ls.o)
    0x0000038c   0x0000038c   0x00000004   Code   RO         2137    .ARM.Collect$$_printf_percent$$00000017  c_w.l(_printf_percent_end.o)
    0x00000390   0x00000390   0x00000002   Code   RO         2188    .ARM.Collect$$libinit$$00000000  c_w.l(libinit.o)
    0x00000392   0x00000392   0x00000004   Code   RO         2204    .ARM.Collect$$libinit$$00000001  c_w.l(libinit2.o)
    0x00000396   0x00000396   0x00000000   Code   RO         2207    .ARM.Collect$$libinit$$00000004  c_w.l(libinit2.o)
    0x00000396   0x00000396   0x00000000   Code   RO         2209    .ARM.Collect$$libinit$$00000006  c_w.l(libinit2.o)
    0x00000396   0x00000396   0x00000000   Code   RO         2212    .ARM.Collect$$libinit$$0000000C  c_w.l(libinit2.o)
    0x00000396   0x00000396   0x00000000   Code   RO         2214    .ARM.Collect$$libinit$$0000000E  c_w.l(libinit2.o)
    0x00000396   0x00000396   0x00000000   Code   RO         2216    .ARM.Collect$$libinit$$00000010  c_w.l(libinit2.o)
    0x00000396   0x00000396   0x00000006   Code   RO         2217    .ARM.Collect$$libinit$$00000011  c_w.l(libinit2.o)
    0x0000039c   0x0000039c   0x00000000   Code   RO         2219    .ARM.Collect$$libinit$$00000013  c_w.l(libinit2.o)
    0x0000039c   0x0000039c   0x0000000c   Code   RO         2220    .ARM.Collect$$libinit$$00000014  c_w.l(libinit2.o)
    0x000003a8   0x000003a8   0x00000000   Code   RO         2221    .ARM.Collect$$libinit$$00000015  c_w.l(libinit2.o)
    0x000003a8   0x000003a8   0x00000000   Code   RO         2223    .ARM.Collect$$libinit$$00000017  c_w.l(libinit2.o)
    0x000003a8   0x000003a8   0x0000000a   Code   RO         2224    .ARM.Collect$$libinit$$00000018  c_w.l(libinit2.o)
    0x000003b2   0x000003b2   0x00000000   Code   RO         2225    .ARM.Collect$$libinit$$00000019  c_w.l(libinit2.o)
    0x000003b2   0x000003b2   0x00000000   Code   RO         2227    .ARM.Collect$$libinit$$0000001B  c_w.l(libinit2.o)
    0x000003b2   0x000003b2   0x00000000   Code   RO         2229    .ARM.Collect$$libinit$$0000001D  c_w.l(libinit2.o)
    0x000003b2   0x000003b2   0x00000000   Code   RO         2231    .ARM.Collect$$libinit$$0000001F  c_w.l(libinit2.o)
    0x000003b2   0x000003b2   0x00000000   Code   RO         2233    .ARM.Collect$$libinit$$00000021  c_w.l(libinit2.o)
    0x000003b2   0x000003b2   0x00000000   Code   RO         2235    .ARM.Collect$$libinit$$00000023  c_w.l(libinit2.o)
    0x000003b2   0x000003b2   0x00000000   Code   RO         2237    .ARM.Collect$$libinit$$00000025  c_w.l(libinit2.o)
    0x000003b2   0x000003b2   0x00000000   Code   RO         2239    .ARM.Collect$$libinit$$00000027  c_w.l(libinit2.o)
    0x000003b2   0x000003b2   0x00000000   Code   RO         2243    .ARM.Collect$$libinit$$0000002E  c_w.l(libinit2.o)
    0x000003b2   0x000003b2   0x00000000   Code   RO         2245    .ARM.Collect$$libinit$$00000030  c_w.l(libinit2.o)
    0x000003b2   0x000003b2   0x00000000   Code   RO         2247    .ARM.Collect$$libinit$$00000032  c_w.l(libinit2.o)
    0x000003b2   0x000003b2   0x00000000   Code   RO         2249    .ARM.Collect$$libinit$$00000034  c_w.l(libinit2.o)
    0x000003b2   0x000003b2   0x00000002   Code   RO         2250    .ARM.Collect$$libinit$$00000035  c_w.l(libinit2.o)
    0x000003b4   0x000003b4   0x00000002   Code   RO         2272    .ARM.Collect$$libshutdown$$00000000  c_w.l(libshutdown.o)
    0x000003b6   0x000003b6   0x00000000   Code   RO         2287    .ARM.Collect$$libshutdown$$00000002  c_w.l(libshutdown2.o)
    0x000003b6   0x000003b6   0x00000000   Code   RO         2289    .ARM.Collect$$libshutdown$$00000004  c_w.l(libshutdown2.o)
    0x000003b6   0x000003b6   0x00000000   Code   RO         2292    .ARM.Collect$$libshutdown$$00000007  c_w.l(libshutdown2.o)
    0x000003b6   0x000003b6   0x00000000   Code   RO         2295    .ARM.Collect$$libshutdown$$0000000A  c_w.l(libshutdown2.o)
    0x000003b6   0x000003b6   0x00000000   Code   RO         2297    .ARM.Collect$$libshutdown$$0000000C  c_w.l(libshutdown2.o)
    0x000003b6   0x000003b6   0x00000000   Code   RO         2300    .ARM.Collect$$libshutdown$$0000000F  c_w.l(libshutdown2.o)
    0x000003b6   0x000003b6   0x00000002   Code   RO         2301    .ARM.Collect$$libshutdown$$00000010  c_w.l(libshutdown2.o)
    0x000003b8   0x000003b8   0x00000000   Code   RO         2001    .ARM.Collect$$rtentry$$00000000  c_w.l(__rtentry.o)
    0x000003b8   0x000003b8   0x00000000   Code   RO         2106    .ARM.Collect$$rtentry$$00000002  c_w.l(__rtentry2.o)
    0x000003b8   0x000003b8   0x00000006   Code   RO         2118    .ARM.Collect$$rtentry$$00000004  c_w.l(__rtentry4.o)
    0x000003be   0x000003be   0x00000008   Code   RO         2107    .ARM.Collect$$rtentry$$00000008  c_w.l(__rtentry2.o)
    0x000003c6   0x000003c6   0x00000004   Code   RO         2109    .ARM.Collect$$rtentry$$0000000A  c_w.l(__rtentry2.o)
    0x000003ca   0x000003ca   0x00000000   Code   RO         2111    .ARM.Collect$$rtentry$$0000000C  c_w.l(__rtentry2.o)
    0x000003ca   0x000003ca   0x00000008   Code   RO         2112    .ARM.Collect$$rtentry$$0000000D  c_w.l(__rtentry2.o)
    0x000003d2   0x000003d2   0x00000002   Code   RO         2197    .ARM.Collect$$rtexit$$00000000  c_w.l(rtexit.o)
    0x000003d4   0x000003d4   0x00000000   Code   RO         2252    .ARM.Collect$$rtexit$$00000002  c_w.l(rtexit2.o)
    0x000003d4   0x000003d4   0x00000004   Code   RO         2253    .ARM.Collect$$rtexit$$00000003  c_w.l(rtexit2.o)
    0x000003d8   0x000003d8   0x00000006   Code   RO         2254    .ARM.Collect$$rtexit$$00000004  c_w.l(rtexit2.o)
    0x000003de   0x000003de   0x00000002   PAD
    0x000003e0   0x000003e0   0x00000006   Code   RO         1631    .emb_text           driverlib.lib(sysctl.o)
    0x000003e6   0x000003e6   0x00000002   PAD
    0x000003e8   0x000003e8   0x00000026   Code   RO         1973    .emb_text           driverlib.lib(cpu.o)
    0x0000040e   0x0000040e   0x00000002   PAD
    0x00000410   0x00000410   0x00000114   Code   RO          366  * .text               startup_tm4c123.o
    0x00000524   0x00000524   0x00000040   Code   RO         1985    .text               c_w.l(snprintf.o)
    0x00000564   0x00000564   0x0000008a   Code   RO         1987    .text               c_w.l(rt_memcpy_v6.o)
    0x000005ee   0x000005ee   0x00000010   Code   RO         1989    .text               c_w.l(aeabi_memset4.o)
    0x000005fe   0x000005fe   0x00000044   Code   RO         1991    .text               c_w.l(rt_memclr.o)
    0x00000642   0x00000642   0x00000006   PAD
    0x00000648   0x00000648   0x0000007c   Code   RO         1993    .text               c_w.l(strcmpv7em.o)
    0x000006c4   0x000006c4   0x00000006   Code   RO         1995    .text               c_w.l(heapauxi.o)
    0x000006ca   0x000006ca   0x0000004e   Code   RO         2004    .text               c_w.l(_printf_pad.o)
    0x00000718   0x00000718   0x00000024   Code   RO         2006    .text               c_w.l(_printf_truncate.o)
    0x0000073c   0x0000073c   0x00000052   Code   RO         2008    .text               c_w.l(_printf_str.o)
    0x0000078e   0x0000078e   0x00000002   PAD
    0x00000790   0x00000790   0x00000078   Code   RO         2010    .text               c_w.l(_printf_dec.o)
    0x00000808   0x00000808   0x00000028   Code   RO         2012    .text               c_w.l(_printf_charcount.o)
    0x00000830   0x00000830   0x00000030   Code   RO         2014    .text               c_w.l(_printf_char_common.o)
    0x00000860   0x00000860   0x00000010   Code   RO         2016    .text               c_w.l(_snputc.o)
    0x00000870   0x00000870   0x000000bc   Code   RO         2018    .text               c_w.l(_printf_wctomb.o)
    0x0000092c   0x0000092c   0x0000007c   Code   RO         2021    .text               c_w.l(_printf_longlong_dec.o)
    0x000009a8   0x000009a8   0x00000070   Code   RO         2027    .text               c_w.l(_printf_oct_int_ll.o)
    0x00000a18   0x00000a18   0x00000094   Code   RO         2047    .text               c_w.l(_printf_hex_int_ll_ptr.o)
    0x00000aac   0x00000aac   0x00000188   Code   RO         2067    .text               c_w.l(__printf_flags_ss_wp.o)
    0x00000c34   0x00000c34   0x00000064   Code   RO         2093    .text               c_w.l(rt_memcpy_w.o)
    0x00000c98   0x00000c98   0x0000004e   Code   RO         2095    .text               c_w.l(rt_memclr_w.o)
    0x00000ce6   0x00000ce6   0x0000008a   Code   RO         2120    .text               c_w.l(lludiv10.o)
    0x00000d70   0x00000d70   0x000000b2   Code   RO         2122    .text               c_w.l(_printf_intcommon.o)
    0x00000e22   0x00000e22   0x0000041c   Code   RO         2124    .text               c_w.l(_printf_fp_dec.o)
    0x0000123e   0x0000123e   0x00000002   PAD
    0x00001240   0x00001240   0x000002fc   Code   RO         2128    .text               c_w.l(_printf_fp_hex.o)
    0x0000153c   0x0000153c   0x0000002c   Code   RO         2133    .text               c_w.l(_printf_char.o)
    0x00001568   0x00001568   0x0000002c   Code   RO         2135    .text               c_w.l(_printf_wchar.o)
    0x00001594   0x00001594   0x00000048   Code   RO         2138    .text               c_w.l(_c16rtomb.o)
    0x000015dc   0x000015dc   0x0000004a   Code   RO         2140    .text               c_w.l(sys_stackheap_outer.o)
    0x00001626   0x00001626   0x00000002   PAD
    0x00001628   0x00001628   0x00000010   Code   RO         2142    .text               c_w.l(rt_ctype_table.o)
    0x00001638   0x00001638   0x0000000a   Code   RO         2149    .text               c_w.l(rt_locale_twolibspace.o)
    0x00001642   0x00001642   0x00000002   PAD
    0x00001644   0x00001644   0x00000080   Code   RO         2151    .text               c_w.l(_printf_fp_infnan.o)
    0x000016c4   0x000016c4   0x000000e4   Code   RO         2153    .text               c_w.l(bigflt0.o)
    0x000017a8   0x000017a8   0x00000012   Code   RO         2183    .text               c_w.l(exit.o)
    0x000017ba   0x000017ba   0x00000002   PAD
    0x000017bc   0x000017bc   0x00000008   Code   RO         2194    .text               c_w.l(libspace.o)
    0x000017c4   0x000017c4   0x0000000c   Code   RO         2262    .text               c_w.l(sys_exit.o)
    0x000017d0   0x000017d0   0x00000002   Code   RO         2277    .text               c_w.l(use_no_semi.o)
    0x000017d2   0x000017d2   0x00000000   Code   RO         2279    .text               c_w.l(indicate_semi.o)
    0x000017d2   0x000017d2   0x00000002   PAD
    0x000017d4   0x000017d4   0x00000016   Code   RO          110    .text.$Sub$$_fp_init  clib_os.o
    0x000017ea   0x000017ea   0x00000002   PAD
    0x000017ec   0x000017ec   0x000003b4   Code   RO            8    .text.ISRHandlers   main.o
    0x00001ba0   0x00001ba0   0x00000022   Code   RO           86    .text.LCD_I2C_Clear  lcd_i2c.o
    0x00001bc2   0x00001bc2   0x00000002   PAD
    0x00001bc4   0x00001bc4   0x00000046   Code   RO           84    .text.LCD_I2C_CreateChar  lcd_i2c.o
    0x00001c0a   0x00001c0a   0x00000002   PAD
    0x00001c0c   0x00001c0c   0x00000054   Code   RO           80    .text.LCD_I2C_Init  lcd_i2c.o
    0x00001c60   0x00001c60   0x00000024   Code   RO           90    .text.LCD_I2C_Print  lcd_i2c.o
    0x00001c84   0x00001c84   0x00000038   Code   RO           88    .text.LCD_I2C_SetCursor  lcd_i2c.o
    0x00001cbc   0x00001cbc   0x00000016   Code   RO           92    .text.LCD_I2C_WriteChar  lcd_i2c.o
    0x00001cd2   0x00001cd2   0x0000000e   PAD
    0x00001ce0   0x00001ce0   0x00000064   Code   RO          464    .text.PendSV_Handler  port.o
    0x00001d44   0x00001d44   0x0000003c   Code   RO           67    .text.PortA_Config  port_config.o
    0x00001d80   0x00001d80   0x00000084   Code   RO           69    .text.PortB_Config  port_config.o
    0x00001e04   0x00001e04   0x00000032   Code   RO           71    .text.PortC_Config  port_config.o
    0x00001e36   0x00001e36   0x0000000a   PAD
    0x00001e40   0x00001e40   0x00000024   Code   RO          448    .text.SVC_Handler   port.o
    0x00001e64   0x00001e64   0x0000001e   Code   RO          137    .text.SysTick_Handler  cmsis_os2.o
    0x00001e82   0x00001e82   0x00000002   PAD
    0x00001e84   0x00001e84   0x0000010c   Code   RO          377    .text.SystemInit    system_tm4c123.o
    0x00001f90   0x00001f90   0x00000028   Code   RO          118    .text._mutex_acquire  clib_os.o
    0x00001fb8   0x00001fb8   0x00000054   Code   RO          124    .text._mutex_free   clib_os.o
    0x0000200c   0x0000200c   0x000000a8   Code   RO          116    .text._mutex_initialize  clib_os.o
    0x000020b4   0x000020b4   0x0000002a   Code   RO          122    .text._mutex_release  clib_os.o
    0x000020de   0x000020de   0x00000002   PAD
    0x000020e0   0x000020e0   0x00000002   Code   RO          108    .text._platform_post_stackheap_init  clib_os.o
    0x000020e2   0x000020e2   0x00000002   PAD
    0x000020e4   0x000020e4   0x00000032   Code   RO           98    .text.delay_us      lcd_i2c.o
    0x00002116   0x00002116   0x00000002   PAD
    0x00002118   0x00002118   0x00000020   Code   RO          120    .text.is_thread_mode  clib_os.o
    0x00002138   0x00002138   0x0000034c   Code   RO            2    .text.main          main.o
    0x00002484   0x00002484   0x00000020   Code   RO          114    .text.os_kernel_is_active  clib_os.o
    0x000024a4   0x000024a4   0x0000010e   Code   RO          617    .text.prvAddCurrentTaskToDelayedList  tasks.o
    0x000025b2   0x000025b2   0x00000002   PAD
    0x000025b4   0x000025b4   0x00000170   Code   RO          601    .text.prvAddNewTaskToReadyList  tasks.o
    0x00002724   0x00002724   0x0000007e   Code   RO          779    .text.prvCheckForValidListAndQueue  timers.o
    0x000027a2   0x000027a2   0x00000002   PAD
    0x000027a4   0x000027a4   0x0000005a   Code   RO          651    .text.prvCheckTasksWaitingTermination  tasks.o
    0x000027fe   0x000027fe   0x00000002   PAD
    0x00002800   0x00002800   0x00000042   Code   RO          554    .text.prvCopyDataFromQueue  queue.o
    0x00002842   0x00002842   0x00000002   PAD
    0x00002844   0x00002844   0x000000cc   Code   RO          542    .text.prvCopyDataToQueue  queue.o
    0x00002910   0x00002910   0x000000c8   Code   RO          647    .text.prvCreateIdleTasks  tasks.o
    0x000029d8   0x000029d8   0x00000078   Code   RO          599    .text.prvCreateStaticTask  tasks.o
    0x00002a50   0x00002a50   0x0000008e   Code   RO          605    .text.prvCreateTask  tasks.o
    0x00002ade   0x00002ade   0x00000002   PAD
    0x00002ae0   0x00002ae0   0x0000003c   Code   RO          611    .text.prvDeleteTCB  tasks.o
    0x00002b1c   0x00002b1c   0x00000026   Code   RO          558    .text.prvGetDisinheritPriorityAfterTimeout  queue.o
    0x00002b42   0x00002b42   0x00000002   PAD
    0x00002b44   0x00002b44   0x00000040   Code   RO          825    .text.prvGetNextExpireTime  timers.o
    0x00002b84   0x00002b84   0x000000aa   Code   RO          478    .text.prvHeapInit   heap_4.o
    0x00002c2e   0x00002c2e   0x00000002   PAD
    0x00002c30   0x00002c30   0x0000003c   Code   RO          741    .text.prvIdleTask   tasks.o
    0x00002c6c   0x00002c6c   0x0000002c   Code   RO          522    .text.prvInitialiseMutex  queue.o
    0x00002c98   0x00002c98   0x00000048   Code   RO          514    .text.prvInitialiseNewQueue  queue.o
    0x00002ce0   0x00002ce0   0x000000e6   Code   RO          737    .text.prvInitialiseNewTask  tasks.o
    0x00002dc6   0x00002dc6   0x00000002   PAD
    0x00002dc8   0x00002dc8   0x00000052   Code   RO          785    .text.prvInitialiseNewTimer  timers.o
    0x00002e1a   0x00002e1a   0x00000002   PAD
    0x00002e1c   0x00002e1c   0x0000008e   Code   RO          739    .text.prvInitialiseTaskLists  tasks.o
    0x00002eaa   0x00002eaa   0x00000002   PAD
    0x00002eac   0x00002eac   0x000000d8   Code   RO          482    .text.prvInsertBlockIntoFreeList  heap_4.o
    0x00002f84   0x00002f84   0x00000086   Code   RO          839    .text.prvInsertTimerInActiveList  timers.o
    0x0000300a   0x0000300a   0x00000002   PAD
    0x0000300c   0x0000300c   0x00000028   Code   RO          556    .text.prvIsQueueEmpty  queue.o
    0x00003034   0x00003034   0x0000002e   Code   RO          544    .text.prvIsQueueFull  queue.o
    0x00003062   0x00003062   0x00000002   PAD
    0x00003064   0x00003064   0x00000028   Code   RO          456    .text.prvPortStartFirstTask  port.o
    0x0000308c   0x0000308c   0x00000054   Code   RO          833    .text.prvProcessExpiredTimer  timers.o
    0x000030e0   0x000030e0   0x0000014e   Code   RO          829    .text.prvProcessReceivedCommands  timers.o
    0x0000322e   0x0000322e   0x00000002   PAD
    0x00003230   0x00003230   0x0000009a   Code   RO          827    .text.prvProcessTimerOrBlockTask  timers.o
    0x000032ca   0x000032ca   0x00000002   PAD
    0x000032cc   0x000032cc   0x00000034   Code   RO          837    .text.prvReloadTimer  timers.o
    0x00003300   0x00003300   0x0000003c   Code   RO          609    .text.prvResetNextTaskUnblockTime  tasks.o
    0x0000333c   0x0000333c   0x00000044   Code   RO          831    .text.prvSampleTimeNow  timers.o
    0x00003380   0x00003380   0x00000052   Code   RO          835    .text.prvSwitchTimerLists  timers.o
    0x000033d2   0x000033d2   0x00000002   PAD
    0x000033d4   0x000033d4   0x00000026   Code   RO          446    .text.prvTaskExitError  port.o
    0x000033fa   0x000033fa   0x00000002   PAD
    0x000033fc   0x000033fc   0x0000007c   Code   RO          641    .text.prvTaskIsTaskSuspended  tasks.o
    0x00003478   0x00003478   0x0000001e   Code   RO          781    .text.prvTimerTask  timers.o
    0x00003496   0x00003496   0x00000002   PAD
    0x00003498   0x00003498   0x000000ae   Code   RO          546    .text.prvUnlockQueue  queue.o
    0x00003546   0x00003546   0x00000002   PAD
    0x00003548   0x00003548   0x000001b6   Code   RO          476    .text.pvPortMalloc  heap_4.o
    0x000036fe   0x000036fe   0x00000002   PAD
    0x00003700   0x00003700   0x00000024   Code   RO          715    .text.pvTaskIncrementMutexHeldCount  tasks.o
    0x00003724   0x00003724   0x0000005e   Code   RO          444    .text.pxPortInitialiseStack  port.o
    0x00003782   0x00003782   0x00000002   PAD
    0x00003784   0x00003784   0x0000005a   Code   RO           82    .text.sendByte      lcd_i2c.o
    0x000037de   0x000037de   0x00000002   PAD
    0x000037e0   0x000037e0   0x00000030   Code   RO           96    .text.strobe        lcd_i2c.o
    0x00003810   0x00003810   0x00000048   Code   RO          435    .text.uxListRemove  list.o
    0x00003858   0x00003858   0x0000000c   Code   RO          659    .text.uxTaskGetNumberOfTasks  tasks.o
    0x00003864   0x00003864   0x0000002a   Code   RO          731    .text.vApplicationGetIdleTaskMemory  tasks.o
    0x0000388e   0x0000388e   0x00000002   PAD
    0x00003890   0x00003890   0x0000002a   Code   RO          733    .text.vApplicationGetTimerTaskMemory  tasks.o
    0x000038ba   0x000038ba   0x00000002   PAD
    0x000038bc   0x000038bc   0x0000004e   Code   RO           26    .text.vApplicationIdleHook  main.o
    0x0000390a   0x0000390a   0x00000002   PAD
    0x0000390c   0x0000390c   0x0000000a   Code   RO          293    .text.vApplicationStackOverflowHook  cmsis_os2.o
    0x00003916   0x00003916   0x00000002   PAD
    0x00003918   0x00003918   0x00000014   Code   RO           24    .text.vDebounceTimerCallback  main.o
    0x0000392c   0x0000392c   0x0000015a   Code   RO           10    .text.vDriverWindowElevateTask  main.o
    0x00003a86   0x00003a86   0x00000002   PAD
    0x00003a88   0x00003a88   0x0000015c   Code   RO           12    .text.vDriverWindowLowerTask  main.o
    0x00003be4   0x00003be4   0x00000108   Code   RO            4    .text.vLCDTask      main.o
    0x00003cec   0x00003cec   0x0000002e   Code   RO          427    .text.vListInitialise  list.o
    0x00003d1a   0x00003d1a   0x00000002   PAD
    0x00003d1c   0x00003d1c   0x0000000e   Code   RO          429    .text.vListInitialiseItem  list.o
    0x00003d2a   0x00003d2a   0x00000002   PAD
    0x00003d2c   0x00003d2c   0x0000006a   Code   RO          433    .text.vListInsert   list.o
    0x00003d96   0x00003d96   0x00000002   PAD
    0x00003d98   0x00003d98   0x0000003a   Code   RO          431    .text.vListInsertEnd  list.o
    0x00003dd2   0x00003dd2   0x00000002   PAD
    0x00003dd4   0x00003dd4   0x000000cc   Code   RO           18    .text.vLockWindowsTask  main.o
    0x00003ea0   0x00003ea0   0x000000c6   Code   RO           22    .text.vLowerLimitTask  main.o
    0x00003f66   0x00003f66   0x00000002   PAD
    0x00003f68   0x00003f68   0x00000156   Code   RO           14    .text.vPassengerWindowElevateTask  main.o
    0x000040be   0x000040be   0x00000002   PAD
    0x000040c0   0x000040c0   0x00000158   Code   RO           16    .text.vPassengerWindowLowerTask  main.o
    0x00004218   0x00004218   0x00000014   Code   RO          454    .text.vPortEnableVFP  port.o
    0x0000422c   0x0000422c   0x00000030   Code   RO          460    .text.vPortEnterCritical  port.o
    0x0000425c   0x0000425c   0x00000026   Code   RO          462    .text.vPortExitCritical  port.o
    0x00004282   0x00004282   0x00000002   PAD
    0x00004284   0x00004284   0x00000076   Code   RO          480    .text.vPortFree     heap_4.o
    0x000042fa   0x000042fa   0x00000002   PAD
    0x000042fc   0x000042fc   0x00000044   Code   RO          452    .text.vPortSetupTimerInterrupt  port.o
    0x00004340   0x00004340   0x00000022   Code   RO          572    .text.vQueueDelete  queue.o
    0x00004362   0x00004362   0x00000002   PAD
    0x00004364   0x00004364   0x00000064   Code   RO          588    .text.vQueueWaitForMessageRestricted  queue.o
    0x000043c8   0x000043c8   0x0000008c   Code   RO            6    .text.vStatusProducerTask  main.o
    0x00004454   0x00004454   0x0000004a   Code   RO          621    .text.vTaskDelay    tasks.o
    0x0000449e   0x0000449e   0x00000002   PAD
    0x000044a0   0x000044a0   0x00000024   Code   RO          685    .text.vTaskInternalSetTimeOutState  tasks.o
    0x000044c4   0x000044c4   0x0000000e   Code   RO          689    .text.vTaskMissedYield  tasks.o
    0x000044d2   0x000044d2   0x00000002   PAD
    0x000044d4   0x000044d4   0x00000026   Code   RO          673    .text.vTaskPlaceOnEventList  tasks.o
    0x000044fa   0x000044fa   0x00000002   PAD
    0x000044fc   0x000044fc   0x00000064   Code   RO          677    .text.vTaskPlaceOnEventListRestricted  tasks.o
    0x00004560   0x00004560   0x00000138   Code   RO          711    .text.vTaskPriorityDisinheritAfterTimeout  tasks.o
    0x00004698   0x00004698   0x00000108   Code   RO          639    .text.vTaskResume   tasks.o
    0x000047a0   0x000047a0   0x00000072   Code   RO          645    .text.vTaskStartScheduler  tasks.o
    0x00004812   0x00004812   0x00000002   PAD
    0x00004814   0x00004814   0x00000128   Code   RO          635    .text.vTaskSuspend  tasks.o
    0x0000493c   0x0000493c   0x00000010   Code   RO          615    .text.vTaskSuspendAll  tasks.o
    0x0000494c   0x0000494c   0x0000011c   Code   RO          637    .text.vTaskSwitchContext  tasks.o
    0x00004a68   0x00004a68   0x000000c4   Code   RO           20    .text.vUpperLimitTask  main.o
    0x00004b2c   0x00004b2c   0x00000040   Code   RO           94    .text.writeExp      lcd_i2c.o
    0x00004b6c   0x00004b6c   0x0000006c   Code   RO          450    .text.xPortStartScheduler  port.o
    0x00004bd8   0x00004bd8   0x0000003e   Code   RO          466    .text.xPortSysTickHandler  port.o
    0x00004c16   0x00004c16   0x00000002   PAD
    0x00004c18   0x00004c18   0x00000026   Code   RO          520    .text.xQueueCreateMutex  queue.o
    0x00004c3e   0x00004c3e   0x00000002   PAD
    0x00004c40   0x00004c40   0x00000032   Code   RO          524    .text.xQueueCreateMutexStatic  queue.o
    0x00004c72   0x00004c72   0x00000002   PAD
    0x00004c74   0x00004c74   0x00000086   Code   RO          518    .text.xQueueGenericCreate  queue.o
    0x00004cfa   0x00004cfa   0x00000002   PAD
    0x00004cfc   0x00004cfc   0x0000006c   Code   RO          512    .text.xQueueGenericCreateStatic  queue.o
    0x00004d68   0x00004d68   0x000000d0   Code   RO          510    .text.xQueueGenericReset  queue.o
    0x00004e38   0x00004e38   0x0000016a   Code   RO          532    .text.xQueueGenericSend  queue.o
    0x00004fa2   0x00004fa2   0x00000002   PAD
    0x00004fa4   0x00004fa4   0x000000d6   Code   RO          548    .text.xQueueGenericSendFromISR  queue.o
    0x0000507a   0x0000507a   0x00000002   PAD
    0x0000507c   0x0000507c   0x000000c6   Code   RO          550    .text.xQueueGiveFromISR  queue.o
    0x00005142   0x00005142   0x00000002   PAD
    0x00005144   0x00005144   0x00000152   Code   RO          552    .text.xQueueReceive  queue.o
    0x00005296   0x00005296   0x00000002   PAD
    0x00005298   0x00005298   0x0000019e   Code   RO          536    .text.xQueueSemaphoreTake  queue.o
    0x00005436   0x00005436   0x00000002   PAD
    0x00005438   0x00005438   0x000000c4   Code   RO          687    .text.xTaskCheckForTimeOut  tasks.o
    0x000054fc   0x000054fc   0x00000052   Code   RO          603    .text.xTaskCreate   tasks.o
    0x0000554e   0x0000554e   0x00000002   PAD
    0x00005550   0x00005550   0x0000005c   Code   RO          597    .text.xTaskCreateStatic  tasks.o
    0x000055ac   0x000055ac   0x00000038   Code   RO          705    .text.xTaskGetSchedulerState  tasks.o
    0x000055e4   0x000055e4   0x00000014   Code   RO          655    .text.xTaskGetTickCount  tasks.o
    0x000055f8   0x000055f8   0x00000018   Code   RO          657    .text.xTaskGetTickCountFromISR  tasks.o
    0x00005610   0x00005610   0x0000025e   Code   RO          653    .text.xTaskIncrementTick  tasks.o
    0x0000586e   0x0000586e   0x00000002   PAD
    0x00005870   0x00005870   0x000000f2   Code   RO          709    .text.xTaskPriorityDisinherit  tasks.o
    0x00005962   0x00005962   0x00000002   PAD
    0x00005964   0x00005964   0x0000015c   Code   RO          707    .text.xTaskPriorityInherit  tasks.o
    0x00005ac0   0x00005ac0   0x00000194   Code   RO          679    .text.xTaskRemoveFromEventList  tasks.o
    0x00005c54   0x00005c54   0x0000023e   Code   RO          619    .text.xTaskResumeAll  tasks.o
    0x00005e92   0x00005e92   0x00000002   PAD
    0x00005e94   0x00005e94   0x0000004a   Code   RO          783    .text.xTimerCreate  timers.o
    0x00005ede   0x00005ede   0x00000002   PAD
    0x00005ee0   0x00005ee0   0x00000078   Code   RO          777    .text.xTimerCreateTimerTask  timers.o
    0x00005f58   0x00005f58   0x00000058   Code   RO          791    .text.xTimerGenericCommandFromISR  timers.o
    0x00005fb0   0x00005fb0   0x0000003e   Code   RO         2156    CL$$btod_d2e        c_w.l(btod.o)
    0x00005fee   0x00005fee   0x00000046   Code   RO         2158    CL$$btod_d2e_denorm_low  c_w.l(btod.o)
    0x00006034   0x00006034   0x00000060   Code   RO         2157    CL$$btod_d2e_norm_op1  c_w.l(btod.o)
    0x00006094   0x00006094   0x00000338   Code   RO         2166    CL$$btod_div_common  c_w.l(btod.o)
    0x000063cc   0x000063cc   0x000000dc   Code   RO         2163    CL$$btod_e2e        c_w.l(btod.o)
    0x000064a8   0x000064a8   0x0000002a   Code   RO         2160    CL$$btod_ediv       c_w.l(btod.o)
    0x000064d2   0x000064d2   0x0000002a   Code   RO         2159    CL$$btod_emul       c_w.l(btod.o)
    0x000064fc   0x000064fc   0x00000244   Code   RO         2165    CL$$btod_mult_common  c_w.l(btod.o)
    0x00006740   0x00006740   0x00000028   Code   RO          862    i.GPIODirModeSet    driverlib.lib(gpio.o)
    0x00006768   0x00006768   0x00000006   Code   RO          863    i.GPIOIntClear      driverlib.lib(gpio.o)
    0x0000676e   0x0000676e   0x0000000e   Code   RO          865    i.GPIOIntEnable     driverlib.lib(gpio.o)
    0x0000677c   0x0000677c   0x00000058   Code   RO          866    i.GPIOIntRegister   driverlib.lib(gpio.o)
    0x000067d4   0x000067d4   0x0000000e   Code   RO          867    i.GPIOIntStatus     driverlib.lib(gpio.o)
    0x000067e2   0x000067e2   0x00000050   Code   RO          869    i.GPIOIntTypeSet    driverlib.lib(gpio.o)
    0x00006832   0x00006832   0x0000013a   Code   RO          872    i.GPIOPadConfigSet  driverlib.lib(gpio.o)
    0x0000696c   0x0000696c   0x00000048   Code   RO          873    i.GPIOPinConfigure  driverlib.lib(gpio.o)
    0x000069b4   0x000069b4   0x00000006   Code   RO          874    i.GPIOPinRead       driverlib.lib(gpio.o)
    0x000069ba   0x000069ba   0x0000001c   Code   RO          882    i.GPIOPinTypeGPIOInput  driverlib.lib(gpio.o)
    0x000069d6   0x000069d6   0x0000001c   Code   RO          883    i.GPIOPinTypeGPIOOutput  driverlib.lib(gpio.o)
    0x000069f2   0x000069f2   0x0000001c   Code   RO          885    i.GPIOPinTypeI2C    driverlib.lib(gpio.o)
    0x00006a0e   0x00006a0e   0x0000001c   Code   RO          886    i.GPIOPinTypeI2CSCL  driverlib.lib(gpio.o)
    0x00006a2a   0x00006a2a   0x00000006   Code   RO          904    i.GPIOPinWrite      driverlib.lib(gpio.o)
    0x00006a30   0x00006a30   0x0000000c   Code   RO         1194    i.I2CMasterBusy     driverlib.lib(i2c.o)
    0x00006a3c   0x00006a3c   0x00000004   Code   RO         1195    i.I2CMasterControl  driverlib.lib(i2c.o)
    0x00006a40   0x00006a40   0x00000004   Code   RO         1197    i.I2CMasterDataPut  driverlib.lib(i2c.o)
    0x00006a44   0x00006a44   0x00000054   Code   RO         1202    i.I2CMasterInitExpClk  driverlib.lib(i2c.o)
    0x00006a98   0x00006a98   0x00000008   Code   RO         1212    i.I2CMasterSlaveAddrSet  driverlib.lib(i2c.o)
    0x00006aa0   0x00006aa0   0x00000064   Code   RO         1516    i.IntEnable         driverlib.lib(interrupt.o)
    0x00006b04   0x00006b04   0x00000028   Code   RO         1527    i.IntPrioritySet    driverlib.lib(interrupt.o)
    0x00006b2c   0x00006b2c   0x00000034   Code   RO         1528    i.IntRegister       driverlib.lib(interrupt.o)
    0x00006b60   0x00006b60   0x00000164   Code   RO         1634    i.SysCtlClockGet    driverlib.lib(sysctl.o)
    0x00006cc4   0x00006cc4   0x00000120   Code   RO         1636    i.SysCtlClockSet    driverlib.lib(sysctl.o)
    0x00006de4   0x00006de4   0x00000028   Code   RO         1665    i.SysCtlPeripheralEnable  driverlib.lib(sysctl.o)
    0x00006e0c   0x00006e0c   0x0000002c   Code   RO         1669    i.SysCtlPeripheralReady  driverlib.lib(sysctl.o)
    0x00006e38   0x00006e38   0x00000004   Code   RO         1679    i.SysCtlSleep       driverlib.lib(sysctl.o)
    0x00006e3c   0x00006e3c   0x00000030   Code   RO         2192    i.__ARM_fpclassify  m_wm.l(fpclassify.o)
    0x00006e6c   0x00006e6c   0x0000000e   Code   RO         2060    i._is_digit         c_w.l(__printf_wp.o)
    0x00006e7a   0x00006e7a   0x00000002   PAD
    0x00006e7c   0x00006e7c   0x0000002c   Code   RO         2181    locale$$code        c_w.l(lc_numeric_c.o)
    0x00006ea8   0x00006ea8   0x0000002c   Code   RO         2202    locale$$code        c_w.l(lc_ctype_c.o)
    0x00006ed4   0x00006ed4   0x0000001a   Code   RO         1999    x$fpl$fpinit        fz_wm.l(fpinit.o)
    0x00006eee   0x00006eee   0x00000004   Code   RO         2097    x$fpl$printf1       fz_wm.l(printf1.o)
    0x00006ef2   0x00006ef2   0x00000004   Code   RO         2099    x$fpl$printf2       fz_wm.l(printf2.o)
    0x00006ef6   0x00006ef6   0x00000000   Code   RO         2191    x$fpl$usenofp       fz_wm.l(usenofp.o)
    0x00006ef6   0x00006ef6   0x00000002   PAD
    0x00006ef8   0x00006ef8   0x00000210   Data   RO          905    .constdata          driverlib.lib(gpio.o)
    0x00007108   0x00007108   0x0000010c   Data   RO         1532    .constdata          driverlib.lib(interrupt.o)
    0x00007214   0x00007214   0x000001c4   Data   RO         1686    .constdata          driverlib.lib(sysctl.o)
    0x000073d8   0x000073d8   0x00000008   Data   RO         2019    .constdata          c_w.l(_printf_wctomb.o)
    0x000073e0   0x000073e0   0x00000028   Data   RO         2048    .constdata          c_w.l(_printf_hex_int_ll_ptr.o)
    0x00007408   0x00007408   0x00000011   Data   RO         2068    .constdata          c_w.l(__printf_flags_ss_wp.o)
    0x00007419   0x00007419   0x00000026   Data   RO         2129    .constdata          c_w.l(_printf_fp_hex.o)
    0x0000743f   0x0000743f   0x00000001   PAD
    0x00007440   0x00007440   0x00000094   Data   RO         2154    .constdata          c_w.l(bigflt0.o)
    0x000074d4   0x000074d4   0x00000004   Data   RO          100    .rodata.LCD_I2C_SetCursor.offsets  lcd_i2c.o
    0x000074d8   0x000074d8   0x00000008   Data   RO           45    .rodata.lockChar    main.o
    0x000074e0   0x000074e0   0x000000ae   Data   RO           48    .rodata.str1.1      main.o
    0x0000758e   0x0000758e   0x00000005   Data   RO          769    .rodata.str1.1      tasks.o
    0x00007593   0x00007593   0x00000008   Data   RO          842    .rodata.str1.1      timers.o
    0x0000759b   0x0000759b   0x00000008   Data   RO           46    .rodata.unlockChar  main.o
    0x000075a3   0x000075a3   0x00000001   PAD
    0x000075a4   0x000075a4   0x00000004   Data   RO          760    .rodata.uxTopUsedPriority  tasks.o
    0x000075a8   0x000075a8   0x00000020   Data   RO         2335    Region$$Table       anon$$obj.o
    0x000075c8   0x000075c8   0x0000001c   Data   RO         2180    locale$$data        c_w.l(lc_numeric_c.o)
    0x000075e4   0x000075e4   0x00000110   Data   RO         2201    locale$$data        c_w.l(lc_ctype_c.o)


    Execution Region ER_RW (Exec base: 0x20000000, Load base: 0x00007800, Size: 0x0000066c, Max: 0xffffffff, ABSOLUTE, COMPRESSED[0x00000018])

    Exec Addr    Load Addr    Size         Type   Attr      Idx    E Section Name        Object

    0x20000000   COMPRESSED   0x00000004   Data   RW          379    .data.SystemCoreClock  system_tm4c123.o
    0x20000004   COMPRESSED   0x00000004   Data   RW          468    .data.uxCriticalNesting  port.o
    0x20000008   COMPRESSED   0x00000004   Data   RW           28    .data.window_state  main.o
    0x2000000c   COMPRESSED   0x000003f4   PAD
    0x20000400   COMPRESSED   0x0000026c   Data   RW         1533    vtable              driverlib.lib(interrupt.o)


    Execution Region ER_ZI (Exec base: 0x20000670, Load base: 0x00007818, Size: 0x00002e48, Max: 0xffffffff, ABSOLUTE)

    Exec Addr    Load Addr    Size         Type   Attr      Idx    E Section Name        Object

    0x20000670        -       0x00000060   Zero   RW         2195    .bss                c_w.l(libspace.o)
    0x200006d0        -       0x00000190   Zero   RW          129    .bss.clib_mutex_cb  clib_os.o
    0x20000860        -       0x00000014   Zero   RW          128    .bss.clib_mutex_id  clib_os.o
    0x20000874        -       0x00000001   Zero   RW           30    .bss.debounce_in_progress  main.o
    0x20000875        -       0x00000001   Zero   RW           52    .bss.driver_elevate_button_state  main.o
    0x20000876        -       0x00000001   Zero   RW           54    .bss.driver_lower_button_state  main.o
    0x20000877   0x00007818   0x00000001   PAD
    0x20000878        -       0x00000004   Zero   RW           29    .bss.last_task      main.o
    0x2000087c        -       0x00000001   Zero   RW           51    .bss.lock_state     main.o
    0x2000087d        -       0x00000001   Zero   RW           58    .bss.lower_limit_switch_state  main.o
    0x2000087e        -       0x00000001   Zero   RW           53    .bss.operation      main.o
    0x2000087f        -       0x00000001   Zero   RW           55    .bss.passenger_elevate_button_state  main.o
    0x20000880        -       0x00000001   Zero   RW           56    .bss.passenger_lower_button_state  main.o
    0x20000881        -       0x00000050   Zero   RW          850    .bss.prvCheckForValidListAndQueue.ucStaticTimerQueueStorage  timers.o
    0x200008d1   0x00007818   0x00000003   PAD
    0x200008d4        -       0x00000050   Zero   RW          849    .bss.prvCheckForValidListAndQueue.xStaticTimerQueue  timers.o
    0x20000924        -       0x00000004   Zero   RW          846    .bss.prvSampleTimeNow.xLastTime  timers.o
    0x20000928        -       0x00000004   Zero   RW          743    .bss.pxCurrentTCB   tasks.o
    0x2000092c        -       0x00000004   Zero   RW          844    .bss.pxCurrentTimerList  timers.o
    0x20000930        -       0x00000004   Zero   RW          750    .bss.pxDelayedTaskList  tasks.o
    0x20000934        -       0x00000004   Zero   RW          496    .bss.pxEnd          heap_4.o
    0x20000938        -       0x00000004   Zero   RW          751    .bss.pxOverflowDelayedTaskList  tasks.o
    0x2000093c        -       0x00000004   Zero   RW          845    .bss.pxOverflowTimerList  timers.o
    0x20000940        -       0x00000460   Zero   RW          754    .bss.pxReadyTasksLists  tasks.o
    0x20000da0        -       0x00002000   Zero   RW          502    .bss.ucHeap         heap_4.o
    0x20002da0        -       0x00000001   Zero   RW           57    .bss.upper_limit_switch_state  main.o
    0x20002da1   0x00007818   0x00000003   PAD
    0x20002da4        -       0x00000004   Zero   RW          748    .bss.uxCurrentNumberOfTasks  tasks.o
    0x20002da8        -       0x00000004   Zero   RW          747    .bss.uxDeletedTasksWaitingCleanUp  tasks.o
    0x20002dac        -       0x00000004   Zero   RW          756    .bss.uxSchedulerSuspended  tasks.o
    0x20002db0        -       0x00000004   Zero   RW          744    .bss.uxTaskNumber   tasks.o
    0x20002db4        -       0x00000004   Zero   RW          755    .bss.uxTopReadyPriority  tasks.o
    0x20002db8        -       0x00000200   Zero   RW          764    .bss.vApplicationGetIdleTaskMemory.uxIdleTaskStack  tasks.o
    0x20002fb8        -       0x0000005c   Zero   RW          763    .bss.vApplicationGetIdleTaskMemory.xIdleTaskTCB  tasks.o
    0x20003014        -       0x00000140   Zero   RW          766    .bss.vApplicationGetTimerTaskMemory.uxTimerTaskStack  tasks.o
    0x20003154        -       0x0000005c   Zero   RW          765    .bss.vApplicationGetTimerTaskMemory.xTimerTaskTCB  tasks.o
    0x200031b0        -       0x00000014   Zero   RW          847    .bss.xActiveTimerList1  timers.o
    0x200031c4        -       0x00000014   Zero   RW          848    .bss.xActiveTimerList2  timers.o
    0x200031d8        -       0x00000004   Zero   RW           49    .bss.xDebounceTimer  main.o
    0x200031dc        -       0x00000014   Zero   RW          767    .bss.xDelayedTaskList1  tasks.o
    0x200031f0        -       0x00000014   Zero   RW          768    .bss.xDelayedTaskList2  tasks.o
    0x20003204        -       0x00000004   Zero   RW           39    .bss.xDriverDownSem  main.o
    0x20003208        -       0x00000004   Zero   RW           38    .bss.xDriverUpSem   main.o
    0x2000320c        -       0x00000004   Zero   RW           31    .bss.xDriverWindowElevateTaskHandle  main.o
    0x20003210        -       0x00000004   Zero   RW           32    .bss.xDriverWindowLowerTaskHandle  main.o
    0x20003214        -       0x00000004   Zero   RW          497    .bss.xFreeBytesRemaining  heap_4.o
    0x20003218        -       0x00000004   Zero   RW          759    .bss.xIdleTaskHandles  tasks.o
    0x2000321c        -       0x00000004   Zero   RW           42    .bss.xLockWindowsSem  main.o
    0x20003220        -       0x00000004   Zero   RW           35    .bss.xLockWindowsTaskHandle  main.o
    0x20003224        -       0x00000004   Zero   RW           44    .bss.xLowerLimitSem  main.o
    0x20003228        -       0x00000004   Zero   RW           37    .bss.xLowerLimitTaskHandle  main.o
    0x2000322c        -       0x00000004   Zero   RW          499    .bss.xMinimumEverFreeBytesRemaining  heap_4.o
    0x20003230        -       0x00000004   Zero   RW          758    .bss.xNextTaskUnblockTime  tasks.o
    0x20003234        -       0x00000004   Zero   RW          762    .bss.xNumOfOverflows  tasks.o
    0x20003238        -       0x00000004   Zero   RW          500    .bss.xNumberOfSuccessfulAllocations  heap_4.o
    0x2000323c        -       0x00000004   Zero   RW          501    .bss.xNumberOfSuccessfulFrees  heap_4.o
    0x20003240        -       0x00000004   Zero   RW           41    .bss.xPassengerDownSem  main.o
    0x20003244        -       0x00000004   Zero   RW           40    .bss.xPassengerUpSem  main.o
    0x20003248        -       0x00000004   Zero   RW           33    .bss.xPassengerWindowElevateTaskHandle  main.o
    0x2000324c        -       0x00000004   Zero   RW           34    .bss.xPassengerWindowLowerTaskHandle  main.o
    0x20003250        -       0x00000004   Zero   RW          761    .bss.xPendedTicks   tasks.o
    0x20003254        -       0x00000014   Zero   RW          752    .bss.xPendingReadyList  tasks.o
    0x20003268        -       0x00000004   Zero   RW          745    .bss.xSchedulerRunning  tasks.o
    0x2000326c        -       0x00000008   Zero   RW          498    .bss.xStart         heap_4.o
    0x20003274        -       0x00000004   Zero   RW           47    .bss.xStatusQueue   main.o
    0x20003278        -       0x00000014   Zero   RW          753    .bss.xSuspendedTaskList  tasks.o
    0x2000328c        -       0x00000014   Zero   RW          746    .bss.xTasksWaitingTermination  tasks.o
    0x200032a0        -       0x00000004   Zero   RW          749    .bss.xTickCount     tasks.o
    0x200032a4        -       0x00000004   Zero   RW          841    .bss.xTimerQueue    timers.o
    0x200032a8        -       0x00000004   Zero   RW          843    .bss.xTimerTaskHandle  timers.o
    0x200032ac        -       0x00000004   Zero   RW           43    .bss.xUpperLimitSem  main.o
    0x200032b0        -       0x00000004   Zero   RW           36    .bss.xUpperLimitTaskHandle  main.o
    0x200032b4        -       0x00000004   Zero   RW          757    .bss.xYieldPendings  tasks.o
    0x200032b8        -       0x00000000   Zero   RW          364    HEAP                startup_tm4c123.o
    0x200032b8        -       0x00000200   Zero   RW          363    STACK               startup_tm4c123.o


==============================================================================

Image component sizes


      Code (inc. data)   RO Data    RW Data    ZI Data      Debug   Object Name

       422          0          0          0        420       4424   clib_os.o
        40          0          0          0          0      30100   cmsis_os2.o
       942          0          0          0       8220       4647   heap_4.o
       554          0          4          0          0       2294   lcd_i2c.o
       296          0          0          0          0       2462   list.o
      4272          4        190          4         77       6160   main.o
       652         16          0          4          0       3069   port.o
       242          0          0          0          0        752   port_config.o
      2882          0          0          0          0      15010   queue.o
       276         24        620          0        512       5600   startup_tm4c123.o
       268          0          0          4          0       6920   system_tm4c123.o
      6190          0          9          0       2296      27502   tasks.o
      1492         10          8          0        220      11328   timers.o

    ----------------------------------------------------------------------
     18672         54        864       1024      11752     120268   Object Totals
         0          0         32          0          0          0   (incl. Generated)
       144          0          1       1012          7          0   (incl. Padding)

    ----------------------------------------------------------------------

      Code (inc. data)   RO Data    RW Data    ZI Data      Debug   Library Member Name

        58          0          0          0          0          0   __dczerorl.o
         8          0          0          0          0         68   __main.o
       392          4         17          0          0         92   __printf_flags_ss_wp.o
        14          0          0          0          0         68   __printf_wp.o
         0          0          0          0          0          0   __rtentry.o
        20          0          0          0          0          0   __rtentry2.o
         6          0          0          0          0          0   __rtentry4.o
        52          8          0          0          0          0   __scatter.o
        28          0          0          0          0          0   __scatter_zi.o
        72          0          0          0          0         96   _c16rtomb.o
         6          0          0          0          0          0   _printf_a.o
         6          0          0          0          0          0   _printf_c.o
        44          0          0          0          0        108   _printf_char.o
        48          6          0          0          0         96   _printf_char_common.o
        40          0          0          0          0         68   _printf_charcount.o
         6          0          0          0          0          0   _printf_d.o
       120         16          0          0          0         92   _printf_dec.o
         6          0          0          0          0          0   _printf_e.o
         6          0          0          0          0          0   _printf_f.o
      1052          0          0          0          0        148   _printf_fp_dec.o
       764          8         38          0          0        100   _printf_fp_hex.o
       128         16          0          0          0         84   _printf_fp_infnan.o
         6          0          0          0          0          0   _printf_g.o
       148          4         40          0          0        160   _printf_hex_int_ll_ptr.o
         6          0          0          0          0          0   _printf_i.o
       178          0          0          0          0         88   _printf_intcommon.o
        10          0          0          0          0          0   _printf_l.o
         6          0          0          0          0          0   _printf_lc.o
        10          0          0          0          0          0   _printf_ll.o
         6          0          0          0          0          0   _printf_lld.o
         6          0          0          0          0          0   _printf_lli.o
         6          0          0          0          0          0   _printf_llo.o
         6          0          0          0          0          0   _printf_llu.o
         6          0          0          0          0          0   _printf_llx.o
       124         16          0          0          0         92   _printf_longlong_dec.o
         6          0          0          0          0          0   _printf_ls.o
         6          0          0          0          0          0   _printf_n.o
         6          0          0          0          0          0   _printf_o.o
       112          8          0          0          0        124   _printf_oct_int_ll.o
         6          0          0          0          0          0   _printf_p.o
        78          0          0          0          0        108   _printf_pad.o
         0          0          0          0          0          0   _printf_percent.o
         4          0          0          0          0          0   _printf_percent_end.o
         6          0          0          0          0          0   _printf_s.o
        82          0          0          0          0         80   _printf_str.o
        36          0          0          0          0         84   _printf_truncate.o
         6          0          0          0          0          0   _printf_u.o
        44          0          0          0          0        108   _printf_wchar.o
       188          6          8          0          0         92   _printf_wctomb.o
         6          0          0          0          0          0   _printf_x.o
        16          0          0          0          0         68   _snputc.o
        16          0          0          0          0         68   aeabi_memset4.o
       228          4        148          0          0         96   bigflt0.o
      1936        128          0          0          0        668   btod.o
        18          0          0          0          0         80   exit.o
         6          0          0          0          0        152   heapauxi.o
         0          0          0          0          0          0   indicate_semi.o
        44         10        272          0          0         76   lc_ctype_c.o
        44         10         28          0          0         76   lc_numeric_c.o
         2          0          0          0          0          0   libinit.o
        34          0          0          0          0          0   libinit2.o
         2          0          0          0          0          0   libshutdown.o
         2          0          0          0          0          0   libshutdown2.o
         8          4          0          0         96         68   libspace.o
       138          0          0          0          0         80   lludiv10.o
        16          4          0          0          0         76   rt_ctype_table.o
        10          0          0          0          0         76   rt_locale_twolibspace.o
        68          0          0          0          0         68   rt_memclr.o
        78          0          0          0          0         80   rt_memclr_w.o
       138          0          0          0          0         68   rt_memcpy_v6.o
       100          0          0          0          0         80   rt_memcpy_w.o
         2          0          0          0          0          0   rtexit.o
        10          0          0          0          0          0   rtexit2.o
        64          6          0          0          0         84   snprintf.o
       124          0          0          0          0         88   strcmpv7em.o
        12          4          0          0          0         68   sys_exit.o
        74          0          0          0          0         80   sys_stackheap_outer.o
         2          0          0          0          0         68   use_no_semi.o
        38          0          0          0          0        504   cpu.o
       752         26        528          0          0      12118   gpio.o
       112         12          0          0          0       3089   i2c.o
       192         20        268        620          0       2355   interrupt.o
       738         68        452          0          0       4797   sysctl.o
        26          0          0          0          0        116   fpinit.o
         4          0          0          0          0        116   printf1.o
         4          0          0          0          0        116   printf2.o
         0          0          0          0          0          0   usenofp.o
        48          0          0          0          0        124   fpclassify.o

    ----------------------------------------------------------------------
      9116        388       1800        620         96      27559   Library Totals
        30          0          1          0          0          0   (incl. Padding)

    ----------------------------------------------------------------------

      Code (inc. data)   RO Data    RW Data    ZI Data      Debug   Library Name

      7172        262        551          0         96       4224   c_w.l
      1832        126       1248        620          0      22863   driverlib.lib
        34          0          0          0          0        348   fz_wm.l
        48          0          0          0          0        124   m_wm.l

    ----------------------------------------------------------------------
      9116        388       1800        620         96      27559   Library Totals

    ----------------------------------------------------------------------

==============================================================================


      Code (inc. data)   RO Data    RW Data    ZI Data      Debug   

     27788        442       2664       1644      11848     142719   Grand Totals
     27788        442       2664         24      11848     142719   ELF Image Totals (compressed)
     27788        442       2664         24          0          0   ROM Totals

==============================================================================

    Total RO  Size (Code + RO Data)                30452 (  29.74kB)
    Total RW  Size (RW Data + ZI Data)             13492 (  13.18kB)
    Total ROM Size (Code + RO Data + RW Data)      30476 (  29.76kB)

==============================================================================

