Component: Arm Compiler for Embedded 6.19 Tool: armlink [5e73cb00]

==============================================================================

Section Cross References

    main.o(.text.main) refers to sysctl.o(i.SysCtlClockSet) for SysCtlClockSet
    main.o(.text.main) refers to port_config.o(.text.PortA_Config) for PortA_Config
    main.o(.text.main) refers to queue.o(.text.xQueueGenericCreate) for xQueueGenericCreate
    main.o(.text.main) refers to main.o(.bss.xDriverUpSem) for xDriverUpSem
    main.o(.text.main) refers to main.o(.bss.xDriverDownSem) for xDriverDownSem
    main.o(.text.main) refers to main.o(.bss.xPassengerUpSem) for xPassengerUpSem
    main.o(.text.main) refers to main.o(.bss.xPassengerDownSem) for xPassengerDownSem
    main.o(.text.main) refers to main.o(.text.ISRHandlers) for ISRHandlers
    main.o(.text.main) refers to gpio.o(i.GPIOIntRegister) for GPIOIntRegister
    main.o(.text.main) refers to gpio.o(i.GPIOIntTypeSet) for GPIOIntTypeSet
    main.o(.text.main) refers to gpio.o(i.GPIOIntEnable) for GPIOIntEnable
    main.o(.text.main) refers to interrupt.o(i.IntEnable) for IntEnable
    main.o(.text.main) refers to interrupt.o(i.IntPrioritySet) for IntPrioritySet
    main.o(.text.main) refers to main.o(.bss.xDriverWindowElevateTaskHandle) for xDriverWindowElevateTaskHandle
    main.o(.text.main) refers to main.o(.text.vDriverWindowElevateTask) for vDriverWindowElevateTask
    main.o(.text.main) refers to main.o(.rodata.str1.1) for .L.str
    main.o(.text.main) refers to tasks.o(.text.xTaskCreate) for xTaskCreate
    main.o(.text.main) refers to main.o(.bss.xDriverWindowLowerTaskHandle) for xDriverWindowLowerTaskHandle
    main.o(.text.main) refers to main.o(.text.vDriverWindowLowerTask) for vDriverWindowLowerTask
    main.o(.text.main) refers to main.o(.bss.xPassengerWindowElevateTaskHandle) for xPassengerWindowElevateTaskHandle
    main.o(.text.main) refers to main.o(.text.vPassengerWindowElevateTask) for vPassengerWindowElevateTask
    main.o(.text.main) refers to main.o(.bss.xPassengerWindowLowerTaskHandle) for xPassengerWindowLowerTaskHandle
    main.o(.text.main) refers to main.o(.text.vPassengerWindowLowerTask) for vPassengerWindowLowerTask
    main.o(.text.main) refers to tasks.o(.text.vTaskStartScheduler) for vTaskStartScheduler
    main.o(.ARM.exidx.text.main) refers to main.o(.text.main) for [Anonymous Symbol]
    main.o(.text.ISRHandlers) refers to sysctl.o(i.SysCtlClockGet) for SysCtlClockGet
    main.o(.text.ISRHandlers) refers to sysctl.o(.emb_text) for SysCtlDelay
    main.o(.text.ISRHandlers) refers to gpio.o(i.GPIOIntStatus) for GPIOIntStatus
    main.o(.text.ISRHandlers) refers to gpio.o(i.GPIOIntClear) for GPIOIntClear
    main.o(.text.ISRHandlers) refers to main.o(.bss.last_task) for last_task
    main.o(.text.ISRHandlers) refers to main.o(.bss.xDriverUpSem) for xDriverUpSem
    main.o(.text.ISRHandlers) refers to queue.o(.text.xQueueGiveFromISR) for xQueueGiveFromISR
    main.o(.text.ISRHandlers) refers to gpio.o(i.GPIOPinWrite) for GPIOPinWrite
    main.o(.text.ISRHandlers) refers to main.o(.bss.xDriverDownSem) for xDriverDownSem
    main.o(.text.ISRHandlers) refers to main.o(.bss.lock_state) for lock_state
    main.o(.text.ISRHandlers) refers to main.o(.bss.xPassengerUpSem) for xPassengerUpSem
    main.o(.text.ISRHandlers) refers to main.o(.bss.xPassengerDownSem) for xPassengerDownSem
    main.o(.ARM.exidx.text.ISRHandlers) refers to main.o(.text.ISRHandlers) for [Anonymous Symbol]
    main.o(.text.vDriverWindowElevateTask) refers to main.o(.bss.xDriverUpSem) for xDriverUpSem
    main.o(.text.vDriverWindowElevateTask) refers to queue.o(.text.xQueueSemaphoreTake) for xQueueSemaphoreTake
    main.o(.text.vDriverWindowElevateTask) refers to tasks.o(.text.vTaskDelay) for vTaskDelay
    main.o(.text.vDriverWindowElevateTask) refers to gpio.o(i.GPIOPinRead) for GPIOPinRead
    main.o(.text.vDriverWindowElevateTask) refers to main.o(.bss.driver_elevate_button_state) for driver_elevate_button_state
    main.o(.text.vDriverWindowElevateTask) refers to main.o(.data.window_state) for window_state
    main.o(.text.vDriverWindowElevateTask) refers to gpio.o(i.GPIOPinWrite) for GPIOPinWrite
    main.o(.text.vDriverWindowElevateTask) refers to main.o(.bss.operation) for operation
    main.o(.text.vDriverWindowElevateTask) refers to main.o(.bss.last_task) for last_task
    main.o(.ARM.exidx.text.vDriverWindowElevateTask) refers to main.o(.text.vDriverWindowElevateTask) for [Anonymous Symbol]
    main.o(.text.vDriverWindowLowerTask) refers to main.o(.bss.xDriverDownSem) for xDriverDownSem
    main.o(.text.vDriverWindowLowerTask) refers to queue.o(.text.xQueueSemaphoreTake) for xQueueSemaphoreTake
    main.o(.text.vDriverWindowLowerTask) refers to tasks.o(.text.vTaskDelay) for vTaskDelay
    main.o(.text.vDriverWindowLowerTask) refers to gpio.o(i.GPIOPinRead) for GPIOPinRead
[...]
    [Anonymous Symbol]                       0x00002054   Section        0  port.o(.text.pxPortInitialiseStack)
    [Anonymous Symbol]                       0x000020b4   Section        0  list.o(.text.uxListRemove)
    [Anonymous Symbol]                       0x000020fc   Section        0  tasks.o(.text.uxTaskGetNumberOfTasks)
    [Anonymous Symbol]                       0x00002108   Section        0  tasks.o(.text.vApplicationGetIdleTaskMemory)
    [Anonymous Symbol]                       0x00002134   Section        0  tasks.o(.text.vApplicationGetTimerTaskMemory)
    [Anonymous Symbol]                       0x00002160   Section        0  main.o(.text.vApplicationIdleHook)
    [Anonymous Symbol]                       0x00002168   Section        0  cmsis_os2.o(.text.vApplicationStackOverflowHook)
    [Anonymous Symbol]                       0x00002174   Section        0  main.o(.text.vDriverWindowElevateTask)
    [Anonymous Symbol]                       0x000022c4   Section        0  main.o(.text.vDriverWindowLowerTask)
    [Anonymous Symbol]                       0x00002418   Section        0  list.o(.text.vListInitialise)
    [Anonymous Symbol]                       0x00002448   Section        0  list.o(.text.vListInitialiseItem)
    [Anonymous Symbol]                       0x00002458   Section        0  list.o(.text.vListInsert)
    [Anonymous Symbol]                       0x000024c4   Section        0  main.o(.text.vPassengerWindowElevateTask)
    [Anonymous Symbol]                       0x00002610   Section        0  main.o(.text.vPassengerWindowLowerTask)
    vPortEnableVFP                           0x00002761   Thumb Code    20  port.o(.text.vPortEnableVFP)
    [Anonymous Symbol]                       0x00002760   Section        0  port.o(.text.vPortEnableVFP)
    [Anonymous Symbol]                       0x00002774   Section        0  port.o(.text.vPortEnterCritical)
    [Anonymous Symbol]                       0x000027a4   Section        0  port.o(.text.vPortExitCritical)
    [Anonymous Symbol]                       0x000027cc   Section        0  heap_4.o(.text.vPortFree)
    [Anonymous Symbol]                       0x00002844   Section        0  port.o(.text.vPortSetupTimerInterrupt)
    [Anonymous Symbol]                       0x00002888   Section        0  queue.o(.text.vQueueDelete)
    [Anonymous Symbol]                       0x000028ac   Section        0  queue.o(.text.vQueueWaitForMessageRestricted)
    [Anonymous Symbol]                       0x00002910   Section        0  tasks.o(.text.vTaskDelay)
    [Anonymous Symbol]                       0x0000295c   Section        0  tasks.o(.text.vTaskInternalSetTimeOutState)
    [Anonymous Symbol]                       0x00002980   Section        0  tasks.o(.text.vTaskMissedYield)
    [Anonymous Symbol]                       0x00002990   Section        0  tasks.o(.text.vTaskPlaceOnEventList)
    [Anonymous Symbol]                       0x000029b8   Section        0  tasks.o(.text.vTaskPlaceOnEventListRestricted)
    [Anonymous Symbol]                       0x00002a1c   Section        0  tasks.o(.text.vTaskPriorityDisinheritAfterTimeout)
    [Anonymous Symbol]                       0x00002b54   Section        0  tasks.o(.text.vTaskStartScheduler)
    [Anonymous Symbol]                       0x00002bc8   Section        0  tasks.o(.text.vTaskSuspendAll)
    __tagsym$$used.0                         0x00002bd8   Number         0  tasks.o(.text.vTaskSwitchContext)
    [Anonymous Symbol]                       0x00002bd8   Section        0  tasks.o(.text.vTaskSwitchContext)
    [Anonymous Symbol]                       0x00002cf4   Section        0  port.o(.text.xPortStartScheduler)
    [Anonymous Symbol]                       0x00002d60   Section        0  port.o(.text.xPortSysTickHandler)
    [Anonymous Symbol]                       0x00002da0   Section        0  queue.o(.text.xQueueCreateMutex)
    [Anonymous Symbol]                       0x00002dc8   Section        0  queue.o(.text.xQueueCreateMutexStatic)
    [Anonymous Symbol]                       0x00002dfc   Section        0  queue.o(.text.xQueueGenericCreate)
    [Anonymous Symbol]                       0x00002e84   Section        0  queue.o(.text.xQueueGenericCreateStatic)
    [Anonymous Symbol]                       0x00002ef0   Section        0  queue.o(.text.xQueueGenericReset)
    [Anonymous Symbol]                       0x00002fc0   Section        0  queue.o(.text.xQueueGenericSend)
    [Anonymous Symbol]                       0x0000312c   Section        0  queue.o(.text.xQueueGiveFromISR)
    [Anonymous Symbol]                       0x000031f4   Section        0  queue.o(.text.xQueueReceive)
    [Anonymous Symbol]                       0x00003348   Section        0  queue.o(.text.xQueueSemaphoreTake)
    [Anonymous Symbol]                       0x000034e8   Section        0  tasks.o(.text.xTaskCheckForTimeOut)
    [Anonymous Symbol]                       0x000035ac   Section        0  tasks.o(.text.xTaskCreate)
    [Anonymous Symbol]                       0x00003600   Section        0  tasks.o(.text.xTaskCreateStatic)
    [Anonymous Symbol]                       0x0000365c   Section        0  tasks.o(.text.xTaskGetSchedulerState)
    [Anonymous Symbol]                       0x00003694   Section        0  tasks.o(.text.xTaskGetTickCount)
    [Anonymous Symbol]                       0x000036a8   Section        0  tasks.o(.text.xTaskIncrementTick)
    [Anonymous Symbol]                       0x00003908   Section        0  tasks.o(.text.xTaskPriorityDisinherit)
    [Anonymous Symbol]                       0x000039fc   Section        0  tasks.o(.text.xTaskPriorityInherit)
    [Anonymous Symbol]                       0x00003b58   Section        0  tasks.o(.text.xTaskRemoveFromEventList)
    [Anonymous Symbol]                       0x00003cec   Section        0  tasks.o(.text.xTaskResumeAll)
    [Anonymous Symbol]                       0x00003f2c   Section        0  timers.o(.text.xTimerCreateTimerTask)
    i.GPIODirModeSet                         0x00003fa4   Section        0  gpio.o(i.GPIODirModeSet)
    i.GPIOIntClear                           0x00003fcc   Section        0  gpio.o(i.GPIOIntClear)
    i.GPIOIntEnable                          0x00003fd2   Section        0  gpio.o(i.GPIOIntEnable)
    i.GPIOIntRegister                        0x00003fe0   Section        0  gpio.o(i.GPIOIntRegister)
    i.GPIOIntStatus                          0x00004038   Section        0  gpio.o(i.GPIOIntStatus)
    i.GPIOIntTypeSet                         0x00004046   Section        0  gpio.o(i.GPIOIntTypeSet)
    i.GPIOPadConfigSet                       0x00004096   Section        0  gpio.o(i.GPIOPadConfigSet)
    i.GPIOPinRead                            0x000041d0   Section        0  gpio.o(i.GPIOPinRead)
    i.GPIOPinTypeGPIOInput                   0x000041d6   Section        0  gpio.o(i.GPIOPinTypeGPIOInput)
    i.GPIOPinTypeGPIOOutput                  0x000041f2   Section        0  gpio.o(i.GPIOPinTypeGPIOOutput)
    i.GPIOPinWrite                           0x0000420e   Section        0  gpio.o(i.GPIOPinWrite)
    i.IntEnable                              0x00004214   Section        0  interrupt.o(i.IntEnable)
    i.IntPrioritySet                         0x00004278   Section        0  interrupt.o(i.IntPrioritySet)
    i.IntRegister                            0x000042a0   Section        0  interrupt.o(i.IntRegister)
    i.SysCtlClockGet                         0x000042d4   Section        0  sysctl.o(i.SysCtlClockGet)
    i.SysCtlClockSet                         0x00004438   Section        0  sysctl.o(i.SysCtlClockSet)
    i.SysCtlPeripheralEnable                 0x00004558   Section        0  sysctl.o(i.SysCtlPeripheralEnable)
    i.SysCtlPeripheralReady                  0x00004580   Section        0  sysctl.o(i.SysCtlPeripheralReady)
    i.SysCtlSleep                            0x000045ac   Section        0  sysctl.o(i.SysCtlSleep)
    $v0                                      0x000045b0   Number         0  fpinit.o(x$fpl$fpinit)
    x$fpl$fpinit                             0x000045b0   Section       26  fpinit.o(x$fpl$fpinit)
    g_ppui32GPIOIntMapBlizzard               0x000045cc   Data         192  gpio.o(.constdata)
    .constdata                               0x000045cc   Section      528  gpio.o(.constdata)
    g_ppui32GPIOIntMapSnowflake              0x0000468c   Data         192  gpio.o(.constdata)
    g_pui32GPIOBaseAddrs                     0x0000474c   Data         144  gpio.o(.constdata)
    g_pui32Priority                          0x000047dc   Data          32  interrupt.o(.constdata)
    .constdata                               0x000047dc   Section      268  interrupt.o(.constdata)
    g_pui32Regs                              0x000047fc   Data         156  interrupt.o(.constdata)
    g_pui32EnRegs                            0x00004898   Data          20  interrupt.o(.constdata)
    g_pui32Dii16Regs                         0x000048ac   Data          20  interrupt.o(.constdata)
    g_pui32PendRegs                          0x000048c0   Data          20  interrupt.o(.constdata)
    g_pui32UnpendRegs                        0x000048d4   Data          20  interrupt.o(.constdata)
    g_pui32VCOFrequencies                    0x000048e8   Data           8  sysctl.o(.constdata)
    .constdata                               0x000048e8   Section      452  sysctl.o(.constdata)
    g_pui32Xtals                             0x000048f0   Data         108  sysctl.o(.constdata)
    g_pppui32XTALtoVCO                       0x0000495c   Data         288  sysctl.o(.constdata)
    g_sXTALtoMEMTIM                          0x00004a7c   Data          48  sysctl.o(.constdata)
    .L.str.3                                 0x00004aac   Data           4  main.o(.rodata.str1.1)
    [Anonymous Symbol]                       0x00004aac   Section        0  main.o(.rodata.str1.1)
    .L.str.1                                 0x00004ab0   Data           6  main.o(.rodata.str1.1)
    .L.str.2                                 0x00004ab6   Data           4  main.o(.rodata.str1.1)
    .L.str                                   0x00004aba   Data           6  main.o(.rodata.str1.1)
    .L.str                                   0x00004ac0   Data           5  tasks.o(.rodata.str1.1)
    [Anonymous Symbol]                       0x00004ac0   Section        0  tasks.o(.rodata.str1.1)
    .L.str                                   0x00004ac5   Data           8  timers.o(.rodata.str1.1)
    [Anonymous Symbol]                       0x00004ac5   Section        0  timers.o(.rodata.str1.1)
    uxTopUsedPriority                        0x00004ad0   Data           4  tasks.o(.rodata.uxTopUsedPriority)
    [Anonymous Symbol]                       0x00004ad0   Section        0  tasks.o(.rodata.uxTopUsedPriority)
    uxCriticalNesting                        0x20000004   Data           4  port.o(.data.uxCriticalNesting)
    [Anonymous Symbol]                       0x20000004   Section        0  port.o(.data.uxCriticalNesting)
    g_pfnRAMVectors                          0x20000400   Data         620  interrupt.o(vtable)
    vtable                                   0x20000400   Section      620  interrupt.o(vtable)
    .bss                                     0x20000670   Section       96  libspace.o(.bss)
    clib_mutex_cb                            0x200006d0   Data         400  clib_os.o(.bss.clib_mutex_cb)
    [Anonymous Symbol]                       0x200006d0   Section        0  clib_os.o(.bss.clib_mutex_cb)
    clib_mutex_id                            0x20000860   Data          20  clib_os.o(.bss.clib_mutex_id)
    [Anonymous Symbol]                       0x20000860   Section        0  clib_os.o(.bss.clib_mutex_id)
    prvCheckForValidListAndQueue.ucStaticTimerQueueStorage 0x20000880   Data          80  timers.o(.bss.prvCheckForValidListAndQueue.ucStaticTimerQueueStorage)
    [Anonymous Symbol]                       0x20000880   Section        0  timers.o(.bss.prvCheckForValidListAndQueue.ucStaticTimerQueueStorage)
    prvCheckForValidListAndQueue.xStaticTimerQueue 0x200008d0   Data          80  timers.o(.bss.prvCheckForValidListAndQueue.xStaticTimerQueue)
    [Anonymous Symbol]                       0x200008d0   Section        0  timers.o(.bss.prvCheckForValidListAndQueue.xStaticTimerQueue)
    prvSampleTimeNow.xLastTime               0x20000920   Data           4  timers.o(.bss.prvSampleTimeNow.xLastTime)
    [Anonymous Symbol]                       0x20000920   Section        0  timers.o(.bss.prvSampleTimeNow.xLastTime)
    __tagsym$$used.1                         0x20000924   Number         0  tasks.o(.bss.pxCurrentTCB)
    pxCurrentTimerList                       0x20000928   Data           4  timers.o(.bss.pxCurrentTimerList)
    [Anonymous Symbol]                       0x20000928   Section        0  timers.o(.bss.pxCurrentTimerList)
    pxDelayedTaskList                        0x2000092c   Data           4  tasks.o(.bss.pxDelayedTaskList)
    [Anonymous Symbol]                       0x2000092c   Section        0  tasks.o(.bss.pxDelayedTaskList)
    pxEnd                                    0x20000930   Data           4  heap_4.o(.bss.pxEnd)
    [Anonymous Symbol]                       0x20000930   Section        0  heap_4.o(.bss.pxEnd)
    pxOverflowDelayedTaskList                0x20000934   Data           4  tasks.o(.bss.pxOverflowDelayedTaskList)
    [Anonymous Symbol]                       0x20000934   Section        0  tasks.o(.bss.pxOverflowDelayedTaskList)
    pxOverflowTimerList                      0x20000938   Data           4  timers.o(.bss.pxOverflowTimerList)
    [Anonymous Symbol]                       0x20000938   Section        0  timers.o(.bss.pxOverflowTimerList)
    pxReadyTasksLists                        0x2000093c   Data        1120  tasks.o(.bss.pxReadyTasksLists)
    [Anonymous Symbol]                       0x2000093c   Section        0  tasks.o(.bss.pxReadyTasksLists)
    ucHeap                                   0x20000d9c   Data        8192  heap_4.o(.bss.ucHeap)
    [Anonymous Symbol]                       0x20000d9c   Section        0  heap_4.o(.bss.ucHeap)
    uxCurrentNumberOfTasks                   0x20002d9c   Data           4  tasks.o(.bss.uxCurrentNumberOfTasks)
    [Anonymous Symbol]                       0x20002d9c   Section        0  tasks.o(.bss.uxCurrentNumberOfTasks)
    uxDeletedTasksWaitingCleanUp             0x20002da0   Data           4  tasks.o(.bss.uxDeletedTasksWaitingCleanUp)
    [Anonymous Symbol]                       0x20002da0   Section        0  tasks.o(.bss.uxDeletedTasksWaitingCleanUp)
    uxSchedulerSuspended                     0x20002da4   Data           4  tasks.o(.bss.uxSchedulerSuspended)
    [Anonymous Symbol]                       0x20002da4   Section        0  tasks.o(.bss.uxSchedulerSuspended)
    uxTaskNumber                             0x20002da8   Data           4  tasks.o(.bss.uxTaskNumber)
    [Anonymous Symbol]                       0x20002da8   Section        0  tasks.o(.bss.uxTaskNumber)
    uxTopReadyPriority                       0x20002dac   Data           4  tasks.o(.bss.uxTopReadyPriority)
    [Anonymous Symbol]                       0x20002dac   Section        0  tasks.o(.bss.uxTopReadyPriority)
    vApplicationGetIdleTaskMemory.uxIdleTaskStack 0x20002db0   Data         512  tasks.o(.bss.vApplicationGetIdleTaskMemory.uxIdleTaskStack)
    [Anonymous Symbol]                       0x20002db0   Section        0  tasks.o(.bss.vApplicationGetIdleTaskMemory.uxIdleTaskStack)
    vApplicationGetIdleTaskMemory.xIdleTaskTCB 0x20002fb0   Data          92  tasks.o(.bss.vApplicationGetIdleTaskMemory.xIdleTaskTCB)
    [Anonymous Symbol]                       0x20002fb0   Section        0  tasks.o(.bss.vApplicationGetIdleTaskMemory.xIdleTaskTCB)
    vApplicationGetTimerTaskMemory.uxTimerTaskStack 0x2000300c   Data         320  tasks.o(.bss.vApplicationGetTimerTaskMemory.uxTimerTaskStack)
    [Anonymous Symbol]                       0x2000300c   Section        0  tasks.o(.bss.vApplicationGetTimerTaskMemory.uxTimerTaskStack)
    vApplicationGetTimerTaskMemory.xTimerTaskTCB 0x2000314c   Data          92  tasks.o(.bss.vApplicationGetTimerTaskMemory.xTimerTaskTCB)
    [Anonymous Symbol]                       0x2000314c   Section        0  tasks.o(.bss.vApplicationGetTimerTaskMemory.xTimerTaskTCB)
    xActiveTimerList1                        0x200031a8   Data          20  timers.o(.bss.xActiveTimerList1)
    [Anonymous Symbol]                       0x200031a8   Section        0  timers.o(.bss.xActiveTimerList1)
    xActiveTimerList2                        0x200031bc   Data          20  timers.o(.bss.xActiveTimerList2)
    [Anonymous Symbol]                       0x200031bc   Section        0  timers.o(.bss.xActiveTimerList2)
    xDelayedTaskList1                        0x200031d0   Data          20  tasks.o(.bss.xDelayedTaskList1)
    [Anonymous Symbol]                       0x200031d0   Section        0  tasks.o(.bss.xDelayedTaskList1)
    xDelayedTaskList2                        0x200031e4   Data          20  tasks.o(.bss.xDelayedTaskList2)
    [Anonymous Symbol]                       0x200031e4   Section        0  tasks.o(.bss.xDelayedTaskList2)
    xDriverDownSem                           0x200031f8   Data           4  main.o(.bss.xDriverDownSem)
    [Anonymous Symbol]                       0x200031f8   Section        0  main.o(.bss.xDriverDownSem)
    xDriverUpSem                             0x200031fc   Data           4  main.o(.bss.xDriverUpSem)
    [Anonymous Symbol]                       0x200031fc   Section        0  main.o(.bss.xDriverUpSem)
    xFreeBytesRemaining                      0x20003208   Data           4  heap_4.o(.bss.xFreeBytesRemaining)
    [Anonymous Symbol]                       0x20003208   Section        0  heap_4.o(.bss.xFreeBytesRemaining)
    xIdleTaskHandles                         0x2000320c   Data           4  tasks.o(.bss.xIdleTaskHandles)
    [Anonymous Symbol]                       0x2000320c   Section        0  tasks.o(.bss.xIdleTaskHandles)
    xMinimumEverFreeBytesRemaining           0x20003210   Data           4  heap_4.o(.bss.xMinimumEverFreeBytesRemaining)
    [Anonymous Symbol]                       0x20003210   Section        0  heap_4.o(.bss.xMinimumEverFreeBytesRemaining)
    xNextTaskUnblockTime                     0x20003214   Data           4  tasks.o(.bss.xNextTaskUnblockTime)
    [Anonymous Symbol]                       0x20003214   Section        0  tasks.o(.bss.xNextTaskUnblockTime)
    xNumOfOverflows                          0x20003218   Data           4  tasks.o(.bss.xNumOfOverflows)
    [Anonymous Symbol]                       0x20003218   Section        0  tasks.o(.bss.xNumOfOverflows)
    xNumberOfSuccessfulAllocations           0x2000321c   Data           4  heap_4.o(.bss.xNumberOfSuccessfulAllocations)
    [Anonymous Symbol]                       0x2000321c   Section        0  heap_4.o(.bss.xNumberOfSuccessfulAllocations)
    xNumberOfSuccessfulFrees                 0x20003220   Data           4  heap_4.o(.bss.xNumberOfSuccessfulFrees)
    [Anonymous Symbol]                       0x20003220   Section        0  heap_4.o(.bss.xNumberOfSuccessfulFrees)
    xPassengerDownSem                        0x20003224   Data           4  main.o(.bss.xPassengerDownSem)
    [Anonymous Symbol]                       0x20003224   Section        0  main.o(.bss.xPassengerDownSem)
    xPassengerUpSem                          0x20003228   Data           4  main.o(.bss.xPassengerUpSem)
    [Anonymous Symbol]                       0x20003228   Section        0  main.o(.bss.xPassengerUpSem)
    xPendedTicks                             0x20003234   Data           4  tasks.o(.bss.xPendedTicks)
    [Anonymous Symbol]                       0x20003234   Section        0  tasks.o(.bss.xPendedTicks)
    xPendingReadyList                        0x20003238   Data          20  tasks.o(.bss.xPendingReadyList)
    [Anonymous Symbol]                       0x20003238   Section        0  tasks.o(.bss.xPendingReadyList)
    xSchedulerRunning                        0x2000324c   Data           4  tasks.o(.bss.xSchedulerRunning)
    [Anonymous Symbol]                       0x2000324c   Section        0  tasks.o(.bss.xSchedulerRunning)
    xStart                                   0x20003250   Data           8  heap_4.o(.bss.xStart)
    [Anonymous Symbol]                       0x20003250   Section        0  heap_4.o(.bss.xStart)
    xSuspendedTaskList                       0x20003258   Data          20  tasks.o(.bss.xSuspendedTaskList)
    [Anonymous Symbol]                       0x20003258   Section        0  tasks.o(.bss.xSuspendedTaskList)
    xTasksWaitingTermination                 0x2000326c   Data          20  tasks.o(.bss.xTasksWaitingTermination)
    [Anonymous Symbol]                       0x2000326c   Section        0  tasks.o(.bss.xTasksWaitingTermination)
    xTickCount                               0x20003280   Data           4  tasks.o(.bss.xTickCount)
    [Anonymous Symbol]                       0x20003280   Section        0  tasks.o(.bss.xTickCount)
    xTimerQueue                              0x20003284   Data           4  timers.o(.bss.xTimerQueue)
    [Anonymous Symbol]                       0x20003284   Section        0  timers.o(.bss.xTimerQueue)
    xTimerTaskHandle                         0x20003288   Data           4  timers.o(.bss.xTimerTaskHandle)
    [Anonymous Symbol]                       0x20003288   Section        0  timers.o(.bss.xTimerTaskHandle)
    xYieldPendings                           0x2000328c   Data           4  tasks.o(.bss.xYieldPendings)
    [Anonymous Symbol]                       0x2000328c   Section        0  tasks.o(.bss.xYieldPendings)
    Heap_Mem                                 0x20003290   Data           0  startup_tm4c123.o(HEAP)
    Stack_Mem                                0x20003290   Data         512  startup_tm4c123.o(STACK)
    HEAP                                     0x20003290   Section        0  startup_tm4c123.o(HEAP)
    STACK                                    0x20003290   Section      512  startup_tm4c123.o(STACK)
    __initial_sp                             0x20003490   Data           0  startup_tm4c123.o(STACK)

    Global Symbols

    Symbol Name                              Value     Ov Type        Size  Object(Section)

    BuildAttributes$$THM_ISAv4$E$P$D$K$B$S$7EM$VFPi3$EXTD16$VFPS$VFMA$PE$A:L22UL41UL21$X:L11$S22US41US21$IEEE1$IW$~IW$USESV6$~STKCKD$USESV7$~SHL$OTIME$ROPI$EBA8$UX$STANDARDLIB$REQ8$PRES8$EABIv2 0x00000000   Number         0  anon$$obj.o ABSOLUTE
    __Vectors                                0x00000000   Data           4  startup_tm4c123.o(RESET)
    __ARM_exceptions_init                     - Undefined Weak Reference
    __alloca_initialize                       - Undefined Weak Reference
    __arm_preinit_                            - Undefined Weak Reference
    __arm_relocate_pie_                       - Undefined Weak Reference
    __cpp_initialize__aeabi_                  - Undefined Weak Reference
    __cxa_finalize                            - Undefined Weak Reference
    __rt_locale                               - Undefined Weak Reference
    __sigvec_lookup                           - Undefined Weak Reference
    _atexit_init                              - Undefined Weak Reference
    _call_atexit_fns                          - Undefined Weak Reference
    _clock_init                               - Undefined Weak Reference
    _fp_trap_init                             - Undefined Weak Reference
    _fp_trap_shutdown                         - Undefined Weak Reference
    _get_lc_collate                           - Undefined Weak Reference
    _get_lc_ctype                             - Undefined Weak Reference
    _get_lc_monetary                          - Undefined Weak Reference
    _get_lc_numeric                           - Undefined Weak Reference
    _get_lc_time                              - Undefined Weak Reference
    _getenv_init                              - Undefined Weak Reference
    _handle_redirection                       - Undefined Weak Reference
    _init_alloc                               - Undefined Weak Reference
    _init_user_alloc                          - Undefined Weak Reference
    _initio                                   - Undefined Weak Reference
    _rand_init                                - Undefined Weak Reference
    _signal_finish                            - Undefined Weak Reference
    _signal_init                              - Undefined Weak Reference
    _terminate_alloc                          - Undefined Weak Reference
    _terminate_user_alloc                     - Undefined Weak Reference
    _terminateio                              - Undefined Weak Reference
    __Vectors_End                            0x0000026c   Data           0  startup_tm4c123.o(RESET)
    __Vectors_Size                           0x0000026c   Number         0  startup_tm4c123.o ABSOLUTE
    __main                                   0x0000026d   Thumb Code     8  __main.o(!!!main)
    __scatterload                            0x00000275   Thumb Code     0  __scatter.o(!!!scatter)
    __scatterload_rt2                        0x00000275   Thumb Code    44  __scatter.o(!!!scatter)
    __scatterload_rt2_thumb_only             0x00000275   Thumb Code     0  __scatter.o(!!!scatter)
    __scatterload_null                       0x00000283   Thumb Code     0  __scatter.o(!!!scatter)
    __decompress                             0x000002a9   Thumb Code    58  __dczerorl.o(!!dczerorl)
    __decompress0                            0x000002a9   Thumb Code     0  __dczerorl.o(!!dczerorl)
    __scatterload_zeroinit                   0x000002e5   Thumb Code    28  __scatter_zi.o(!!handler_zi)
    __rt_lib_init                            0x00000301   Thumb Code     0  libinit.o(.ARM.Collect$$libinit$$00000000)
    __rt_lib_init_fp_1                       0x00000303   Thumb Code     0  libinit2.o(.ARM.Collect$$libinit$$00000001)
    __rt_lib_init_alloca_1                   0x00000307   Thumb Code     0  libinit2.o(.ARM.Collect$$libinit$$00000030)
    __rt_lib_init_argv_1                     0x00000307   Thumb Code     0  libinit2.o(.ARM.Collect$$libinit$$0000002E)
    __rt_lib_init_atexit_1                   0x00000307   Thumb Code     0  libinit2.o(.ARM.Collect$$libinit$$0000001D)
    __rt_lib_init_clock_1                    0x00000307   Thumb Code     0  libinit2.o(.ARM.Collect$$libinit$$00000023)
    __rt_lib_init_cpp_1                      0x00000307   Thumb Code     0  libinit2.o(.ARM.Collect$$libinit$$00000034)
    __rt_lib_init_exceptions_1               0x00000307   Thumb Code     0  libinit2.o(.ARM.Collect$$libinit$$00000032)
    __rt_lib_init_fp_trap_1                  0x00000307   Thumb Code     0  libinit2.o(.ARM.Collect$$libinit$$00000021)
    __rt_lib_init_getenv_1                   0x00000307   Thumb Code     0  libinit2.o(.ARM.Collect$$libinit$$00000025)
    __rt_lib_init_heap_1                     0x00000307   Thumb Code     0  libinit2.o(.ARM.Collect$$libinit$$0000000C)
    __rt_lib_init_lc_collate_1               0x00000307   Thumb Code     0  libinit2.o(.ARM.Collect$$libinit$$00000013)
    __rt_lib_init_lc_ctype_1                 0x00000307   Thumb Code     0  libinit2.o(.ARM.Collect$$libinit$$00000015)
    __rt_lib_init_lc_monetary_1              0x00000307   Thumb Code     0  libinit2.o(.ARM.Collect$$libinit$$00000017)
    __rt_lib_init_lc_numeric_1               0x00000307   Thumb Code     0  libinit2.o(.ARM.Collect$$libinit$$00000019)
    __rt_lib_init_lc_time_1                  0x00000307   Thumb Code     0  libinit2.o(.ARM.Collect$$libinit$$0000001B)
    __rt_lib_init_preinit_1                  0x00000307   Thumb Code     0  libinit2.o(.ARM.Collect$$libinit$$00000006)
    __rt_lib_init_rand_1                     0x00000307   Thumb Code     0  libinit2.o(.ARM.Collect$$libinit$$00000010)
    __rt_lib_init_relocate_pie_1             0x00000307   Thumb Code     0  libinit2.o(.ARM.Collect$$libinit$$00000004)
    __rt_lib_init_return                     0x00000307   Thumb Code     0  libinit2.o(.ARM.Collect$$libinit$$00000035)
    __rt_lib_init_signal_1                   0x00000307   Thumb Code     0  libinit2.o(.ARM.Collect$$libinit$$0000001F)
    __rt_lib_init_stdio_1                    0x00000307   Thumb Code     0  libinit2.o(.ARM.Collect$$libinit$$00000027)
    __rt_lib_init_user_alloc_1               0x00000307   Thumb Code     0  libinit2.o(.ARM.Collect$$libinit$$0000000E)
    __rt_lib_shutdown                        0x00000309   Thumb Code     0  libshutdown.o(.ARM.Collect$$libshutdown$$00000000)
    __rt_lib_shutdown_cpp_1                  0x0000030b   Thumb Code     0  libshutdown2.o(.ARM.Collect$$libshutdown$$00000002)
    __rt_lib_shutdown_fp_trap_1              0x0000030b   Thumb Code     0  libshutdown2.o(.ARM.Collect$$libshutdown$$00000007)
    __rt_lib_shutdown_heap_1                 0x0000030b   Thumb Code     0  libshutdown2.o(.ARM.Collect$$libshutdown$$0000000F)
    __rt_lib_shutdown_return                 0x0000030b   Thumb Code     0  libshutdown2.o(.ARM.Collect$$libshutdown$$00000010)
    __rt_lib_shutdown_signal_1               0x0000030b   Thumb Code     0  libshutdown2.o(.ARM.Collect$$libshutdown$$0000000A)
    __rt_lib_shutdown_stdio_1                0x0000030b   Thumb Code     0  libshutdown2.o(.ARM.Collect$$libshutdown$$00000004)
    __rt_lib_shutdown_user_alloc_1           0x0000030b   Thumb Code     0  libshutdown2.o(.ARM.Collect$$libshutdown$$0000000C)
    __rt_entry                               0x0000030d   Thumb Code     0  __rtentry.o(.ARM.Collect$$rtentry$$00000000)
    __rt_entry_presh_1                       0x0000030d   Thumb Code     0  __rtentry2.o(.ARM.Collect$$rtentry$$00000002)
    __rt_entry_sh                            0x0000030d   Thumb Code     0  __rtentry4.o(.ARM.Collect$$rtentry$$00000004)
    __rt_entry_postsh_1                      0x00000313   Thumb Code     0  __rtentry2.o(.ARM.Collect$$rtentry$$00000008)
    __rt_entry_li                            0x0000031b   Thumb Code     0  __rtentry2.o(.ARM.Collect$$rtentry$$0000000A)
    __rt_entry_main                          0x0000031f   Thumb Code     0  __rtentry2.o(.ARM.Collect$$rtentry$$0000000D)
    __rt_entry_postli_1                      0x0000031f   Thumb Code     0  __rtentry2.o(.ARM.Collect$$rtentry$$0000000C)
    __rt_exit                                0x00000327   Thumb Code     0  rtexit.o(.ARM.Collect$$rtexit$$00000000)
    __rt_exit_ls                             0x00000329   Thumb Code     0  rtexit2.o(.ARM.Collect$$rtexit$$00000003)
    __rt_exit_prels_1                        0x00000329   Thumb Code     0  rtexit2.o(.ARM.Collect$$rtexit$$00000002)
    __rt_exit_exit                           0x0000032d   Thumb Code     0  rtexit2.o(.ARM.Collect$$rtexit$$00000004)
    SysCtlDelay                              0x00000335   Thumb Code     6  sysctl.o(.emb_text)
    CPUcpsid                                 0x0000033d   Thumb Code     8  cpu.o(.emb_text)
    CPUprimask                               0x00000345   Thumb Code     6  cpu.o(.emb_text)
    CPUcpsie                                 0x0000034b   Thumb Code     8  cpu.o(.emb_text)
    CPUwfi                                   0x00000353   Thumb Code     4  cpu.o(.emb_text)
    CPUbasepriSet                            0x00000357   Thumb Code     6  cpu.o(.emb_text)
    CPUbasepriGet                            0x0000035d   Thumb Code     6  cpu.o(.emb_text)
    Reset_Handler                            0x00000365   Thumb Code     8  startup_tm4c123.o(.text)
    NMI_Handler                              0x0000036d   Thumb Code     2  startup_tm4c123.o(.text)
    HardFault_Handler                        0x0000036f   Thumb Code     2  startup_tm4c123.o(.text)
    MemManage_Handler                        0x00000371   Thumb Code     2  startup_tm4c123.o(.text)
    BusFault_Handler                         0x00000373   Thumb Code     2  startup_tm4c123.o(.text)
    UsageFault_Handler                       0x00000375   Thumb Code     2  startup_tm4c123.o(.text)
    DebugMon_Handler                         0x00000379   Thumb Code     2  startup_tm4c123.o(.text)
    GPIOA_Handler                            0x0000037f   Thumb Code     2  startup_tm4c123.o(.text)
    GPIOB_Handler                            0x00000381   Thumb Code     2  startup_tm4c123.o(.text)
    GPIOC_Handler                            0x00000383   Thumb Code     2  startup_tm4c123.o(.text)
    GPIOD_Handler                            0x00000385   Thumb Code     2  startup_tm4c123.o(.text)
    GPIOE_Handler                            0x00000387   Thumb Code     2  startup_tm4c123.o(.text)
    UART0_Handler                            0x00000389   Thumb Code     2  startup_tm4c123.o(.text)
    UART1_Handler                            0x0000038b   Thumb Code     2  startup_tm4c123.o(.text)
    SSI0_Handler                             0x0000038d   Thumb Code     2  startup_tm4c123.o(.text)
    I2C0_Handler                             0x0000038f   Thumb Code     2  startup_tm4c123.o(.text)
    PMW0_FAULT_Handler                       0x00000391   Thumb Code     2  startup_tm4c123.o(.text)
    PWM0_0_Handler                           0x00000393   Thumb Code     2  startup_tm4c123.o(.text)
    PWM0_1_Handler                           0x00000395   Thumb Code     2  startup_tm4c123.o(.text)
    PWM0_2_Handler                           0x00000397   Thumb Code     2  startup_tm4c123.o(.text)
    QEI0_Handler                             0x00000399   Thumb Code     2  startup_tm4c123.o(.text)
    ADC0SS0_Handler                          0x0000039b   Thumb Code     2  startup_tm4c123.o(.text)
    ADC0SS1_Handler                          0x0000039d   Thumb Code     2  startup_tm4c123.o(.text)
    ADC0SS2_Handler                          0x0000039f   Thumb Code     2  startup_tm4c123.o(.text)
    ADC0SS3_Handler                          0x000003a1   Thumb Code     2  startup_tm4c123.o(.text)
    WDT0_Handler                             0x000003a3   Thumb Code     2  startup_tm4c123.o(.text)
    TIMER0A_Handler                          0x000003a5   Thumb Code     2  startup_tm4c123.o(.text)
    TIMER0B_Handler                          0x000003a7   Thumb Code     2  startup_tm4c123.o(.text)
    TIMER1A_Handler                          0x000003a9   Thumb Code     2  startup_tm4c123.o(.text)
    TIMER1B_Handler                          0x000003ab   Thumb Code     2  startup_tm4c123.o(.text)
    TIMER2A_Handler                          0x000003ad   Thumb Code     2  startup_tm4c123.o(.text)
    TIMER2B_Handler                          0x000003af   Thumb Code     2  startup_tm4c123.o(.text)
    COMP0_Handler                            0x000003b1   Thumb Code     2  startup_tm4c123.o(.text)
    COMP1_Handler                            0x000003b3   Thumb Code     2  startup_tm4c123.o(.text)
    COMP2_Handler                            0x000003b5   Thumb Code     2  startup_tm4c123.o(.text)
    SYSCTL_Handler                           0x000003b7   Thumb Code     2  startup_tm4c123.o(.text)
    FLASH_Handler                            0x000003b9   Thumb Code     2  startup_tm4c123.o(.text)
    GPIOF_Handler                            0x000003bb   Thumb Code     2  startup_tm4c123.o(.text)
    GPIOG_Handler                            0x000003bd   Thumb Code     2  startup_tm4c123.o(.text)
    GPIOH_Handler                            0x000003bf   Thumb Code     2  startup_tm4c123.o(.text)
    UART2_Handler                            0x000003c1   Thumb Code     2  startup_tm4c123.o(.text)
    SSI1_Handler                             0x000003c3   Thumb Code     2  startup_tm4c123.o(.text)
    TIMER3A_Handler                          0x000003c5   Thumb Code     2  startup_tm4c123.o(.text)
    TIMER3B_Handler                          0x000003c7   Thumb Code     2  startup_tm4c123.o(.text)
    I2C1_Handler                             0x000003c9   Thumb Code     2  startup_tm4c123.o(.text)
    QEI1_Handler                             0x000003cb   Thumb Code     2  startup_tm4c123.o(.text)
    CAN0_Handler                             0x000003cd   Thumb Code     2  startup_tm4c123.o(.text)
    CAN1_Handler                             0x000003cf   Thumb Code     2  startup_tm4c123.o(.text)
    CAN2_Handler                             0x000003d1   Thumb Code     2  startup_tm4c123.o(.text)
    HIB_Handler                              0x000003d3   Thumb Code     2  startup_tm4c123.o(.text)
    USB0_Handler                             0x000003d5   Thumb Code     2  startup_tm4c123.o(.text)
    PWM0_3_Handler                           0x000003d7   Thumb Code     2  startup_tm4c123.o(.text)
    UDMA_Handler                             0x000003d9   Thumb Code     2  startup_tm4c123.o(.text)
    UDMAERR_Handler                          0x000003db   Thumb Code     2  startup_tm4c123.o(.text)
    ADC1SS0_Handler                          0x000003dd   Thumb Code     2  startup_tm4c123.o(.text)
    ADC1SS1_Handler                          0x000003df   Thumb Code     2  startup_tm4c123.o(.text)
    ADC1SS2_Handler                          0x000003e1   Thumb Code     2  startup_tm4c123.o(.text)
    ADC1SS3_Handler                          0x000003e3   Thumb Code     2  startup_tm4c123.o(.text)
    GPIOJ_Handler                            0x000003e5   Thumb Code     2  startup_tm4c123.o(.text)
    GPIOK_Handler                            0x000003e7   Thumb Code     2  startup_tm4c123.o(.text)
    GPIOL_Handler                            0x000003e9   Thumb Code     2  startup_tm4c123.o(.text)
    SSI2_Handler                             0x000003eb   Thumb Code     2  startup_tm4c123.o(.text)
    SSI3_Handler                             0x000003ed   Thumb Code     2  startup_tm4c123.o(.text)
    UART3_Handler                            0x000003ef   Thumb Code     2  startup_tm4c123.o(.text)
    UART4_Handler                            0x000003f1   Thumb Code     2  startup_tm4c123.o(.text)
    UART5_Handler                            0x000003f3   Thumb Code     2  startup_tm4c123.o(.text)
    UART6_Handler                            0x000003f5   Thumb Code     2  startup_tm4c123.o(.text)
    UART7_Handler                            0x000003f7   Thumb Code     2  startup_tm4c123.o(.text)
    I2C2_Handler                             0x000003f9   Thumb Code     2  startup_tm4c123.o(.text)
    I2C3_Handler                             0x000003fb   Thumb Code     2  startup_tm4c123.o(.text)
    TIMER4A_Handler                          0x000003fd   Thumb Code     2  startup_tm4c123.o(.text)
    TIMER4B_Handler                          0x000003ff   Thumb Code     2  startup_tm4c123.o(.text)
    TIMER5A_Handler                          0x00000401   Thumb Code     2  startup_tm4c123.o(.text)
    TIMER5B_Handler                          0x00000403   Thumb Code     2  startup_tm4c123.o(.text)
    WTIMER0A_Handler                         0x00000405   Thumb Code     2  startup_tm4c123.o(.text)
    WTIMER0B_Handler                         0x00000407   Thumb Code     2  startup_tm4c123.o(.text)
    WTIMER1A_Handler                         0x00000409   Thumb Code     2  startup_tm4c123.o(.text)
    WTIMER1B_Handler                         0x0000040b   Thumb Code     2  startup_tm4c123.o(.text)
    WTIMER2A_Handler                         0x0000040d   Thumb Code     2  startup_tm4c123.o(.text)
    WTIMER2B_Handler                         0x0000040f   Thumb Code     2  startup_tm4c123.o(.text)
    WTIMER3A_Handler                         0x00000411   Thumb Code     2  startup_tm4c123.o(.text)
    WTIMER3B_Handler                         0x00000413   Thumb Code     2  startup_tm4c123.o(.text)
    WTIMER4A_Handler                         0x00000415   Thumb Code     2  startup_tm4c123.o(.text)
    WTIMER4B_Handler                         0x00000417   Thumb Code     2  startup_tm4c123.o(.text)
    WTIMER5A_Handler                         0x00000419   Thumb Code     2  startup_tm4c123.o(.text)
    WTIMER5B_Handler                         0x0000041b   Thumb Code     2  startup_tm4c123.o(.text)
    FPU_Handler                              0x0000041d   Thumb Code     2  startup_tm4c123.o(.text)
    I2C4_Handler                             0x0000041f   Thumb Code     2  startup_tm4c123.o(.text)
    I2C5_Handler                             0x00000421   Thumb Code     2  startup_tm4c123.o(.text)
    GPIOM_Handler                            0x00000423   Thumb Code     2  startup_tm4c123.o(.text)
    GPION_Handler                            0x00000425   Thumb Code     2  startup_tm4c123.o(.text)
    QEI2_Handler                             0x00000427   Thumb Code     2  startup_tm4c123.o(.text)
    GPIOP0_Handler                           0x00000429   Thumb Code     2  startup_tm4c123.o(.text)
    GPIOP1_Handler                           0x0000042b   Thumb Code     2  startup_tm4c123.o(.text)
    GPIOP2_Handler                           0x0000042d   Thumb Code     2  startup_tm4c123.o(.text)
    GPIOP3_Handler                           0x0000042f   Thumb Code     2  startup_tm4c123.o(.text)
    GPIOP4_Handler                           0x00000431   Thumb Code     2  startup_tm4c123.o(.text)
    GPIOP5_Handler                           0x00000433   Thumb Code     2  startup_tm4c123.o(.text)
    GPIOP6_Handler                           0x00000435   Thumb Code     2  startup_tm4c123.o(.text)
    GPIOP7_Handler                           0x00000437   Thumb Code     2  startup_tm4c123.o(.text)
    GPIOQ0_Handler                           0x00000439   Thumb Code     2  startup_tm4c123.o(.text)
    GPIOQ1_Handler                           0x0000043b   Thumb Code     2  startup_tm4c123.o(.text)
    GPIOQ2_Handler                           0x0000043d   Thumb Code     2  startup_tm4c123.o(.text)
    GPIOQ3_Handler                           0x0000043f   Thumb Code     2  startup_tm4c123.o(.text)
    GPIOQ4_Handler                           0x00000441   Thumb Code     2  startup_tm4c123.o(.text)
    GPIOQ5_Handler                           0x00000443   Thumb Code     2  startup_tm4c123.o(.text)
    GPIOQ6_Handler                           0x00000445   Thumb Code     2  startup_tm4c123.o(.text)
    GPIOQ7_Handler                           0x00000447   Thumb Code     2  startup_tm4c123.o(.text)
    GPIOR_Handler                            0x00000449   Thumb Code     2  startup_tm4c123.o(.text)
    GPIOS_Handler                            0x0000044b   Thumb Code     2  startup_tm4c123.o(.text)
    PMW1_0_Handler                           0x0000044d   Thumb Code     2  startup_tm4c123.o(.text)
    PWM1_1_Handler                           0x0000044f   Thumb Code     2  startup_tm4c123.o(.text)
    PWM1_2_Handler                           0x00000451   Thumb Code     2  startup_tm4c123.o(.text)
    PWM1_3_Handler                           0x00000453   Thumb Code     2  startup_tm4c123.o(.text)
    PWM1_FAULT_Handler                       0x00000455   Thumb Code     2  startup_tm4c123.o(.text)
    __user_initial_stackheap                 0x00000459   Thumb Code     0  startup_tm4c123.o(.text)
    __aeabi_memcpy                           0x00000479   Thumb Code     0  rt_memcpy_v6.o(.text)
    __rt_memcpy                              0x00000479   Thumb Code   138  rt_memcpy_v6.o(.text)
    _memcpy_lastbytes                        0x000004df   Thumb Code     0  rt_memcpy_v6.o(.text)
    __aeabi_memset4                          0x00000503   Thumb Code    16  aeabi_memset4.o(.text)
    __aeabi_memset8                          0x00000503   Thumb Code     0  aeabi_memset4.o(.text)
    __aeabi_memclr                           0x00000513   Thumb Code     0  rt_memclr.o(.text)
    __rt_memclr                              0x00000513   Thumb Code     0  rt_memclr.o(.text)
    _memset                                  0x00000517   Thumb Code    64  rt_memclr.o(.text)
    __use_two_region_memory                  0x00000557   Thumb Code     2  heapauxi.o(.text)
    __rt_heap_escrow$2region                 0x00000559   Thumb Code     2  heapauxi.o(.text)
    __rt_heap_expand$2region                 0x0000055b   Thumb Code     2  heapauxi.o(.text)
    __aeabi_memcpy4                          0x0000055d   Thumb Code     0  rt_memcpy_w.o(.text)
    __aeabi_memcpy8                          0x0000055d   Thumb Code     0  rt_memcpy_w.o(.text)
    __rt_memcpy_w                            0x0000055d   Thumb Code   100  rt_memcpy_w.o(.text)
    _memcpy_lastbytes_aligned                0x000005a5   Thumb Code     0  rt_memcpy_w.o(.text)
    __aeabi_memclr4                          0x000005c1   Thumb Code     0  rt_memclr_w.o(.text)
    __aeabi_memclr8                          0x000005c1   Thumb Code     0  rt_memclr_w.o(.text)
    __rt_memclr_w                            0x000005c1   Thumb Code     0  rt_memclr_w.o(.text)
    _memset_w                                0x000005c5   Thumb Code    74  rt_memclr_w.o(.text)
    __user_setup_stackheap                   0x0000060f   Thumb Code    74  sys_stackheap_outer.o(.text)
    exit                                     0x00000659   Thumb Code    18  exit.o(.text)
    __user_libspace                          0x0000066d   Thumb Code     8  libspace.o(.text)
    __user_perproc_libspace                  0x0000066d   Thumb Code     0  libspace.o(.text)
    _sys_exit                                0x00000675   Thumb Code     8  sys_exit.o(.text)
    __I$use$semihosting                      0x00000681   Thumb Code     0  use_no_semi.o(.text)
    __use_no_semihosting_swi                 0x00000681   Thumb Code     2  use_no_semi.o(.text)
    __semihosting_library_function           0x00000683   Thumb Code     0  indicate_semi.o(.text)
    _fp_init                                 0x00000685   Thumb Code    22  clib_os.o(.text.$Sub$$_fp_init)
    ISRHandlers                              0x0000069d   Thumb Code   760  main.o(.text.ISRHandlers)
    PendSV_Handler                           0x000009a1   Thumb Code   100  port.o(.text.PendSV_Handler)
    PortA_Config                             0x00000a05   Thumb Code    60  port_config.o(.text.PortA_Config)
    SVC_Handler                              0x00000a41   Thumb Code    36  port.o(.text.SVC_Handler)
    SysTick_Handler                          0x00000a65   Thumb Code    30  cmsis_os2.o(.text.SysTick_Handler)
    SystemInit                               0x00000a85   Thumb Code   268  system_tm4c123.o(.text.SystemInit)
    _mutex_acquire                           0x00000b91   Thumb Code    40  clib_os.o(.text._mutex_acquire)
    _mutex_free                              0x00000bb9   Thumb Code    84  clib_os.o(.text._mutex_free)
    _mutex_initialize                        0x00000c0d   Thumb Code   168  clib_os.o(.text._mutex_initialize)
    _mutex_release                           0x00000cb5   Thumb Code    42  clib_os.o(.text._mutex_release)
    _platform_post_stackheap_init            0x00000ce1   Thumb Code     2  clib_os.o(.text._platform_post_stackheap_init)
    main                                     0x00000d05   Thumb Code   384  main.o(.text.main)
    pvPortMalloc                             0x00001e79   Thumb Code   438  heap_4.o(.text.pvPortMalloc)
    pvTaskIncrementMutexHeldCount            0x00002031   Thumb Code    36  tasks.o(.text.pvTaskIncrementMutexHeldCount)
    pxPortInitialiseStack                    0x00002055   Thumb Code    94  port.o(.text.pxPortInitialiseStack)
    uxListRemove                             0x000020b5   Thumb Code    72  list.o(.text.uxListRemove)
    uxTaskGetNumberOfTasks                   0x000020fd   Thumb Code    12  tasks.o(.text.uxTaskGetNumberOfTasks)
    vApplicationGetIdleTaskMemory            0x00002109   Thumb Code    42  tasks.o(.text.vApplicationGetIdleTaskMemory)
    vApplicationGetTimerTaskMemory           0x00002135   Thumb Code    42  tasks.o(.text.vApplicationGetTimerTaskMemory)
    vApplicationIdleHook                     0x00002161   Thumb Code     8  main.o(.text.vApplicationIdleHook)
    vApplicationStackOverflowHook            0x00002169   Thumb Code    10  cmsis_os2.o(.text.vApplicationStackOverflowHook)
    vDriverWindowElevateTask                 0x00002175   Thumb Code   336  main.o(.text.vDriverWindowElevateTask)
    vDriverWindowLowerTask                   0x000022c5   Thumb Code   338  main.o(.text.vDriverWindowLowerTask)
    vListInitialise                          0x00002419   Thumb Code    46  list.o(.text.vListInitialise)
    vListInitialiseItem                      0x00002449   Thumb Code    14  list.o(.text.vListInitialiseItem)
    vListInsert                              0x00002459   Thumb Code   106  list.o(.text.vListInsert)
    vPassengerWindowElevateTask              0x000024c5   Thumb Code   332  main.o(.text.vPassengerWindowElevateTask)
    vPassengerWindowLowerTask                0x00002611   Thumb Code   334  main.o(.text.vPassengerWindowLowerTask)
    vPortEnterCritical                       0x00002775   Thumb Code    48  port.o(.text.vPortEnterCritical)
    vPortExitCritical                        0x000027a5   Thumb Code    38  port.o(.text.vPortExitCritical)
    vPortFree                                0x000027cd   Thumb Code   118  heap_4.o(.text.vPortFree)
    vPortSetupTimerInterrupt                 0x00002845   Thumb Code    68  port.o(.text.vPortSetupTimerInterrupt)
    vQueueDelete                             0x00002889   Thumb Code    34  queue.o(.text.vQueueDelete)
    vQueueWaitForMessageRestricted           0x000028ad   Thumb Code   100  queue.o(.text.vQueueWaitForMessageRestricted)
    vTaskDelay                               0x00002911   Thumb Code    74  tasks.o(.text.vTaskDelay)
    vTaskInternalSetTimeOutState             0x0000295d   Thumb Code    36  tasks.o(.text.vTaskInternalSetTimeOutState)
    vTaskMissedYield                         0x00002981   Thumb Code    14  tasks.o(.text.vTaskMissedYield)
    vTaskPlaceOnEventList                    0x00002991   Thumb Code    38  tasks.o(.text.vTaskPlaceOnEventList)
    vTaskPlaceOnEventListRestricted          0x000029b9   Thumb Code   100  tasks.o(.text.vTaskPlaceOnEventListRestricted)
    vTaskPriorityDisinheritAfterTimeout      0x00002a1d   Thumb Code   312  tasks.o(.text.vTaskPriorityDisinheritAfterTimeout)
    vTaskStartScheduler                      0x00002b55   Thumb Code   114  tasks.o(.text.vTaskStartScheduler)
    vTaskSuspendAll                          0x00002bc9   Thumb Code    16  tasks.o(.text.vTaskSuspendAll)
    vTaskSwitchContext                       0x00002bd9   Thumb Code   284  tasks.o(.text.vTaskSwitchContext)
    xPortStartScheduler                      0x00002cf5   Thumb Code   108  port.o(.text.xPortStartScheduler)
    xPortSysTickHandler                      0x00002d61   Thumb Code    62  port.o(.text.xPortSysTickHandler)
    xQueueCreateMutex                        0x00002da1   Thumb Code    38  queue.o(.text.xQueueCreateMutex)
    xQueueCreateMutexStatic                  0x00002dc9   Thumb Code    50  queue.o(.text.xQueueCreateMutexStatic)
    xQueueGenericCreate                      0x00002dfd   Thumb Code   134  queue.o(.text.xQueueGenericCreate)
    xQueueGenericCreateStatic                0x00002e85   Thumb Code   108  queue.o(.text.xQueueGenericCreateStatic)
    xQueueGenericReset                       0x00002ef1   Thumb Code   208  queue.o(.text.xQueueGenericReset)
    xQueueGenericSend                        0x00002fc1   Thumb Code   362  queue.o(.text.xQueueGenericSend)
    xQueueGiveFromISR                        0x0000312d   Thumb Code   198  queue.o(.text.xQueueGiveFromISR)
    xQueueReceive                            0x000031f5   Thumb Code   338  queue.o(.text.xQueueReceive)
    xQueueSemaphoreTake                      0x00003349   Thumb Code   414  queue.o(.text.xQueueSemaphoreTake)
    xTaskCheckForTimeOut                     0x000034e9   Thumb Code   196  tasks.o(.text.xTaskCheckForTimeOut)
    xTaskCreate                              0x000035ad   Thumb Code    82  tasks.o(.text.xTaskCreate)
    xTaskCreateStatic                        0x00003601   Thumb Code    92  tasks.o(.text.xTaskCreateStatic)
    xTaskGetSchedulerState                   0x0000365d   Thumb Code    56  tasks.o(.text.xTaskGetSchedulerState)
    xTaskGetTickCount                        0x00003695   Thumb Code    20  tasks.o(.text.xTaskGetTickCount)
    xTaskIncrementTick                       0x000036a9   Thumb Code   606  tasks.o(.text.xTaskIncrementTick)
    xTaskPriorityDisinherit                  0x00003909   Thumb Code   242  tasks.o(.text.xTaskPriorityDisinherit)
    xTaskPriorityInherit                     0x000039fd   Thumb Code   348  tasks.o(.text.xTaskPriorityInherit)
    xTaskRemoveFromEventList                 0x00003b59   Thumb Code   404  tasks.o(.text.xTaskRemoveFromEventList)
    xTaskResumeAll                           0x00003ced   Thumb Code   574  tasks.o(.text.xTaskResumeAll)
    xTimerCreateTimerTask                    0x00003f2d   Thumb Code   120  timers.o(.text.xTimerCreateTimerTask)
    GPIODirModeSet                           0x00003fa5   Thumb Code    40  gpio.o(i.GPIODirModeSet)
    GPIOIntClear                             0x00003fcd   Thumb Code     6  gpio.o(i.GPIOIntClear)
    GPIOIntEnable                            0x00003fd3   Thumb Code    14  gpio.o(i.GPIOIntEnable)
    GPIOIntRegister                          0x00003fe1   Thumb Code    70  gpio.o(i.GPIOIntRegister)
    GPIOIntStatus                            0x00004039   Thumb Code    14  gpio.o(i.GPIOIntStatus)
    GPIOIntTypeSet                           0x00004047   Thumb Code    80  gpio.o(i.GPIOIntTypeSet)
    GPIOPadConfigSet                         0x00004097   Thumb Code   314  gpio.o(i.GPIOPadConfigSet)
    GPIOPinRead                              0x000041d1   Thumb Code     6  gpio.o(i.GPIOPinRead)
    GPIOPinTypeGPIOInput                     0x000041d7   Thumb Code    28  gpio.o(i.GPIOPinTypeGPIOInput)
    GPIOPinTypeGPIOOutput                    0x000041f3   Thumb Code    28  gpio.o(i.GPIOPinTypeGPIOOutput)
    GPIOPinWrite                             0x0000420f   Thumb Code     6  gpio.o(i.GPIOPinWrite)
    IntEnable                                0x00004215   Thumb Code    92  interrupt.o(i.IntEnable)
    IntPrioritySet                           0x00004279   Thumb Code    36  interrupt.o(i.IntPrioritySet)
    IntRegister                              0x000042a1   Thumb Code    44  interrupt.o(i.IntRegister)
    SysCtlClockGet                           0x000042d5   Thumb Code   314  sysctl.o(i.SysCtlClockGet)
    SysCtlClockSet                           0x00004439   Thumb Code   270  sysctl.o(i.SysCtlClockSet)
    SysCtlPeripheralEnable                   0x00004559   Thumb Code    36  sysctl.o(i.SysCtlPeripheralEnable)
    SysCtlPeripheralReady                    0x00004581   Thumb Code    40  sysctl.o(i.SysCtlPeripheralReady)
    SysCtlSleep                              0x000045ad   Thumb Code     4  sysctl.o(i.SysCtlSleep)
    $Super$$_fp_init                         0x000045b1   Thumb Code    26  fpinit.o(x$fpl$fpinit)
    __fplib_config_fpu_vfp                   0x000045c9   Thumb Code     0  fpinit.o(x$fpl$fpinit)
    __fplib_config_pureend_doubles           0x000045c9   Thumb Code     0  fpinit.o(x$fpl$fpinit)
    Region$$Table$$Base                      0x00004ad4   Number         0  anon$$obj.o(Region$$Table)
    Region$$Table$$Limit                     0x00004af4   Number         0  anon$$obj.o(Region$$Table)
    SystemCoreClock                          0x20000000   Data           4  system_tm4c123.o(.data.SystemCoreClock)
    window_state                             0x20000008   Data           4  main.o(.data.window_state)
    __libspace_start                         0x20000670   Data          96  libspace.o(.bss)
    __temporary_stack_top$libspace           0x200006d0   Data           0  libspace.o(.bss)
    driver_elevate_button_state              0x20000874   Data           1  main.o(.bss.driver_elevate_button_state)
    driver_lower_button_state                0x20000875   Data           1  main.o(.bss.driver_lower_button_state)
    last_task                                0x20000878   Data           4  main.o(.bss.last_task)
    lock_state                               0x2000087c   Data           1  main.o(.bss.lock_state)
    operation                                0x2000087d   Data           1  main.o(.bss.operation)
    passenger_elevate_button_state           0x2000087e   Data           1  main.o(.bss.passenger_elevate_button_state)
    passenger_lower_button_state             0x2000087f   Data           1  main.o(.bss.passenger_lower_button_state)
    pxCurrentTCB                             0x20000924   Data           4  tasks.o(.bss.pxCurrentTCB)
    xDriverWindowElevateTaskHandle           0x20003200   Data           4  main.o(.bss.xDriverWindowElevateTaskHandle)
    xDriverWindowLowerTaskHandle             0x20003204   Data           4  main.o(.bss.xDriverWindowLowerTaskHandle)
    xPassengerWindowElevateTaskHandle        0x2000322c   Data           4  main.o(.bss.xPassengerWindowElevateTaskHandle)
    xPassengerWindowLowerTaskHandle          0x20003230   Data           4  main.o(.bss.xPassengerWindowLowerTaskHandle)



==============================================================================

Memory Map of the image

  Image Entry point : 0x00000365

  Load Region LR_1 (Base: 0x00000000, Size: 0x0000526c, Max: 0xffffffff, ABSOLUTE, COMPRESSED[0x00004c18])

    Execution Region ER_RO (Exec base: 0x00000000, Load base: 0x00000000, Size: 0x00004af4, Max: 0xffffffff, ABSOLUTE)

    Exec Addr    Load Addr    Size         Type   Attr      Idx    E Section Name        Object

    0x00000000   0x00000000   0x0000026c   Data   RO          309    RESET               startup_tm4c123.o
    0x0000026c   0x0000026c   0x00000008   Code   RO         1608  * !!!main             c_w.l(__main.o)
    0x00000274   0x00000274   0x00000034   Code   RO         1777    !!!scatter          c_w.l(__scatter.o)
    0x000002a8   0x000002a8   0x0000003a   Code   RO         1775    !!dczerorl          c_w.l(__dczerorl.o)
    0x000002e2   0x000002e2   0x00000002   PAD
    0x000002e4   0x000002e4   0x0000001c   Code   RO         1779    !!handler_zi        c_w.l(__scatter_zi.o)
    0x00000300   0x00000300   0x00000002   Code   RO         1639    .ARM.Collect$$libinit$$00000000  c_w.l(libinit.o)
    0x00000302   0x00000302   0x00000004   Code   RO         1645    .ARM.Collect$$libinit$$00000001  c_w.l(libinit2.o)
    0x00000306   0x00000306   0x00000000   Code   RO         1648    .ARM.Collect$$libinit$$00000004  c_w.l(libinit2.o)
    0x00000306   0x00000306   0x00000000   Code   RO         1650    .ARM.Collect$$libinit$$00000006  c_w.l(libinit2.o)
    0x00000306   0x00000306   0x00000000   Code   RO         1653    .ARM.Collect$$libinit$$0000000C  c_w.l(libinit2.o)
    0x00000306   0x00000306   0x00000000   Code   RO         1655    .ARM.Collect$$libinit$$0000000E  c_w.l(libinit2.o)
    0x00000306   0x00000306   0x00000000   Code   RO         1657    .ARM.Collect$$libinit$$00000010  c_w.l(libinit2.o)
    0x00000306   0x00000306   0x00000000   Code   RO         1660    .ARM.Collect$$libinit$$00000013  c_w.l(libinit2.o)
    0x00000306   0x00000306   0x00000000   Code   RO         1662    .ARM.Collect$$libinit$$00000015  c_w.l(libinit2.o)
    0x00000306   0x00000306   0x00000000   Code   RO         1664    .ARM.Collect$$libinit$$00000017  c_w.l(libinit2.o)
    0x00000306   0x00000306   0x00000000   Code   RO         1666    .ARM.Collect$$libinit$$00000019  c_w.l(libinit2.o)
    0x00000306   0x00000306   0x00000000   Code   RO         1668    .ARM.Collect$$libinit$$0000001B  c_w.l(libinit2.o)
    0x00000306   0x00000306   0x00000000   Code   RO         1670    .ARM.Collect$$libinit$$0000001D  c_w.l(libinit2.o)
    0x00000306   0x00000306   0x00000000   Code   RO         1672    .ARM.Collect$$libinit$$0000001F  c_w.l(libinit2.o)
    0x00000306   0x00000306   0x00000000   Code   RO         1674    .ARM.Collect$$libinit$$00000021  c_w.l(libinit2.o)
    0x00000306   0x00000306   0x00000000   Code   RO         1676    .ARM.Collect$$libinit$$00000023  c_w.l(libinit2.o)
    0x00000306   0x00000306   0x00000000   Code   RO         1678    .ARM.Collect$$libinit$$00000025  c_w.l(libinit2.o)
    0x00000306   0x00000306   0x00000000   Code   RO         1680    .ARM.Collect$$libinit$$00000027  c_w.l(libinit2.o)
    0x00000306   0x00000306   0x00000000   Code   RO         1684    .ARM.Collect$$libinit$$0000002E  c_w.l(libinit2.o)
    0x00000306   0x00000306   0x00000000   Code   RO         1686    .ARM.Collect$$libinit$$00000030  c_w.l(libinit2.o)
    0x00000306   0x00000306   0x00000000   Code   RO         1688    .ARM.Collect$$libinit$$00000032  c_w.l(libinit2.o)
    0x00000306   0x00000306   0x00000000   Code   RO         1690    .ARM.Collect$$libinit$$00000034  c_w.l(libinit2.o)
    0x00000306   0x00000306   0x00000002   Code   RO         1691    .ARM.Collect$$libinit$$00000035  c_w.l(libinit2.o)
    0x00000308   0x00000308   0x00000002   Code   RO         1711    .ARM.Collect$$libshutdown$$00000000  c_w.l(libshutdown.o)
    0x0000030a   0x0000030a   0x00000000   Code   RO         1726    .ARM.Collect$$libshutdown$$00000002  c_w.l(libshutdown2.o)
    0x0000030a   0x0000030a   0x00000000   Code   RO         1728    .ARM.Collect$$libshutdown$$00000004  c_w.l(libshutdown2.o)
    0x0000030a   0x0000030a   0x00000000   Code   RO         1731    .ARM.Collect$$libshutdown$$00000007  c_w.l(libshutdown2.o)
    0x0000030a   0x0000030a   0x00000000   Code   RO         1734    .ARM.Collect$$libshutdown$$0000000A  c_w.l(libshutdown2.o)
    0x0000030a   0x0000030a   0x00000000   Code   RO         1736    .ARM.Collect$$libshutdown$$0000000C  c_w.l(libshutdown2.o)
    0x0000030a   0x0000030a   0x00000000   Code   RO         1739    .ARM.Collect$$libshutdown$$0000000F  c_w.l(libshutdown2.o)
    0x0000030a   0x0000030a   0x00000002   Code   RO         1740    .ARM.Collect$$libshutdown$$00000010  c_w.l(libshutdown2.o)
    0x0000030c   0x0000030c   0x00000000   Code   RO         1612    .ARM.Collect$$rtentry$$00000000  c_w.l(__rtentry.o)
    0x0000030c   0x0000030c   0x00000000   Code   RO         1618    .ARM.Collect$$rtentry$$00000002  c_w.l(__rtentry2.o)
    0x0000030c   0x0000030c   0x00000006   Code   RO         1630    .ARM.Collect$$rtentry$$00000004  c_w.l(__rtentry4.o)
    0x00000312   0x00000312   0x00000008   Code   RO         1619    .ARM.Collect$$rtentry$$00000008  c_w.l(__rtentry2.o)
    0x0000031a   0x0000031a   0x00000004   Code   RO         1621    .ARM.Collect$$rtentry$$0000000A  c_w.l(__rtentry2.o)
    0x0000031e   0x0000031e   0x00000000   Code   RO         1623    .ARM.Collect$$rtentry$$0000000C  c_w.l(__rtentry2.o)
    0x0000031e   0x0000031e   0x00000008   Code   RO         1624    .ARM.Collect$$rtentry$$0000000D  c_w.l(__rtentry2.o)
    0x00000326   0x00000326   0x00000002   Code   RO         1643    .ARM.Collect$$rtexit$$00000000  c_w.l(rtexit.o)
    0x00000328   0x00000328   0x00000000   Code   RO         1693    .ARM.Collect$$rtexit$$00000002  c_w.l(rtexit2.o)
    0x00000328   0x00000328   0x00000004   Code   RO         1694    .ARM.Collect$$rtexit$$00000003  c_w.l(rtexit2.o)
    0x0000032c   0x0000032c   0x00000006   Code   RO         1695    .ARM.Collect$$rtexit$$00000004  c_w.l(rtexit2.o)
    0x00000332   0x00000332   0x00000002   PAD
    0x00000334   0x00000334   0x00000006   Code   RO         1244    .emb_text           driverlib.lib(sysctl.o)
    0x0000033a   0x0000033a   0x00000002   PAD
    0x0000033c   0x0000033c   0x00000026   Code   RO         1586    .emb_text           driverlib.lib(cpu.o)
    0x00000362   0x00000362   0x00000002   PAD
    0x00000364   0x00000364   0x00000114   Code   RO          310  * .text               startup_tm4c123.o
    0x00000478   0x00000478   0x0000008a   Code   RO         1598    .text               c_w.l(rt_memcpy_v6.o)
    0x00000502   0x00000502   0x00000010   Code   RO         1600    .text               c_w.l(aeabi_memset4.o)
    0x00000512   0x00000512   0x00000044   Code   RO         1602    .text               c_w.l(rt_memclr.o)
    0x00000556   0x00000556   0x00000006   Code   RO         1606    .text               c_w.l(heapauxi.o)
    0x0000055c   0x0000055c   0x00000064   Code   RO         1613    .text               c_w.l(rt_memcpy_w.o)
    0x000005c0   0x000005c0   0x0000004e   Code   RO         1615    .text               c_w.l(rt_memclr_w.o)
    0x0000060e   0x0000060e   0x0000004a   Code   RO         1632    .text               c_w.l(sys_stackheap_outer.o)
    0x00000658   0x00000658   0x00000012   Code   RO         1634    .text               c_w.l(exit.o)
    0x0000066a   0x0000066a   0x00000002   PAD
    0x0000066c   0x0000066c   0x00000008   Code   RO         1640    .text               c_w.l(libspace.o)
    0x00000674   0x00000674   0x0000000c   Code   RO         1701    .text               c_w.l(sys_exit.o)
    0x00000680   0x00000680   0x00000002   Code   RO         1716    .text               c_w.l(use_no_semi.o)
    0x00000682   0x00000682   0x00000000   Code   RO         1718    .text               c_w.l(indicate_semi.o)
    0x00000682   0x00000682   0x00000002   PAD
    0x00000684   0x00000684   0x00000016   Code   RO           54    .text.$Sub$$_fp_init  clib_os.o
    0x0000069a   0x0000069a   0x00000002   PAD
    0x0000069c   0x0000069c   0x000002f8   Code   RO            4    .text.ISRHandlers   main.o
    0x00000994   0x00000994   0x0000000c   PAD
    0x000009a0   0x000009a0   0x00000064   Code   RO          408    .text.PendSV_Handler  port.o
    0x00000a04   0x00000a04   0x0000003c   Code   RO           41    .text.PortA_Config  port_config.o
    0x00000a40   0x00000a40   0x00000024   Code   RO          392    .text.SVC_Handler   port.o
    0x00000a64   0x00000a64   0x0000001e   Code   RO           81    .text.SysTick_Handler  cmsis_os2.o
    0x00000a82   0x00000a82   0x00000002   PAD
    0x00000a84   0x00000a84   0x0000010c   Code   RO          321    .text.SystemInit    system_tm4c123.o
    0x00000b90   0x00000b90   0x00000028   Code   RO           62    .text._mutex_acquire  clib_os.o
    0x00000bb8   0x00000bb8   0x00000054   Code   RO           68    .text._mutex_free   clib_os.o
    0x00000c0c   0x00000c0c   0x000000a8   Code   RO           60    .text._mutex_initialize  clib_os.o
    0x00000cb4   0x00000cb4   0x0000002a   Code   RO           66    .text._mutex_release  clib_os.o
    0x00000cde   0x00000cde   0x00000002   PAD
    0x00000ce0   0x00000ce0   0x00000002   Code   RO           52    .text._platform_post_stackheap_init  clib_os.o
    0x00000ce2   0x00000ce2   0x00000002   PAD
    0x00000ce4   0x00000ce4   0x00000020   Code   RO           64    .text.is_thread_mode  clib_os.o
    0x00000d04   0x00000d04   0x00000180   Code   RO            2    .text.main          main.o
    0x00000e84   0x00000e84   0x00000020   Code   RO           58    .text.os_kernel_is_active  clib_os.o
    0x00000ea4   0x00000ea4   0x0000010e   Code   RO          561    .text.prvAddCurrentTaskToDelayedList  tasks.o
    0x00000fb2   0x00000fb2   0x00000002   PAD
    0x00000fb4   0x00000fb4   0x00000170   Code   RO          545    .text.prvAddNewTaskToReadyList  tasks.o
    0x00001124   0x00001124   0x0000007e   Code   RO          723    .text.prvCheckForValidListAndQueue  timers.o
    0x000011a2   0x000011a2   0x00000002   PAD
    0x000011a4   0x000011a4   0x0000005a   Code   RO          595    .text.prvCheckTasksWaitingTermination  tasks.o
    0x000011fe   0x000011fe   0x00000002   PAD
    0x00001200   0x00001200   0x00000042   Code   RO          498    .text.prvCopyDataFromQueue  queue.o
    0x00001242   0x00001242   0x00000002   PAD
    0x00001244   0x00001244   0x000000cc   Code   RO          486    .text.prvCopyDataToQueue  queue.o
    0x00001310   0x00001310   0x000000c8   Code   RO          591    .text.prvCreateIdleTasks  tasks.o
    0x000013d8   0x000013d8   0x00000078   Code   RO          543    .text.prvCreateStaticTask  tasks.o
    0x00001450   0x00001450   0x0000008e   Code   RO          549    .text.prvCreateTask  tasks.o
    0x000014de   0x000014de   0x00000002   PAD
    0x000014e0   0x000014e0   0x0000003c   Code   RO          555    .text.prvDeleteTCB  tasks.o
    0x0000151c   0x0000151c   0x00000026   Code   RO          502    .text.prvGetDisinheritPriorityAfterTimeout  queue.o
    0x00001542   0x00001542   0x00000002   PAD
    0x00001544   0x00001544   0x00000040   Code   RO          769    .text.prvGetNextExpireTime  timers.o
    0x00001584   0x00001584   0x000000aa   Code   RO          422    .text.prvHeapInit   heap_4.o
    0x0000162e   0x0000162e   0x00000002   PAD
    0x00001630   0x00001630   0x0000003c   Code   RO          685    .text.prvIdleTask   tasks.o
    0x0000166c   0x0000166c   0x0000002c   Code   RO          466    .text.prvInitialiseMutex  queue.o
    0x00001698   0x00001698   0x00000048   Code   RO          458    .text.prvInitialiseNewQueue  queue.o
    0x000016e0   0x000016e0   0x000000e6   Code   RO          681    .text.prvInitialiseNewTask  tasks.o
    0x000017c6   0x000017c6   0x00000002   PAD
    0x000017c8   0x000017c8   0x0000008e   Code   RO          683    .text.prvInitialiseTaskLists  tasks.o
    0x00001856   0x00001856   0x00000002   PAD
    0x00001858   0x00001858   0x000000d8   Code   RO          426    .text.prvInsertBlockIntoFreeList  heap_4.o
    0x00001930   0x00001930   0x00000086   Code   RO          783    .text.prvInsertTimerInActiveList  timers.o
    0x000019b6   0x000019b6   0x00000002   PAD
    0x000019b8   0x000019b8   0x00000028   Code   RO          500    .text.prvIsQueueEmpty  queue.o
    0x000019e0   0x000019e0   0x0000002e   Code   RO          488    .text.prvIsQueueFull  queue.o
    0x00001a0e   0x00001a0e   0x00000002   PAD
    0x00001a10   0x00001a10   0x00000028   Code   RO          400    .text.prvPortStartFirstTask  port.o
    0x00001a38   0x00001a38   0x00000054   Code   RO          777    .text.prvProcessExpiredTimer  timers.o
    0x00001a8c   0x00001a8c   0x0000014e   Code   RO          773    .text.prvProcessReceivedCommands  timers.o
    0x00001bda   0x00001bda   0x00000002   PAD
    0x00001bdc   0x00001bdc   0x0000009a   Code   RO          771    .text.prvProcessTimerOrBlockTask  timers.o
    0x00001c76   0x00001c76   0x00000002   PAD
    0x00001c78   0x00001c78   0x00000034   Code   RO          781    .text.prvReloadTimer  timers.o
    0x00001cac   0x00001cac   0x0000003c   Code   RO          553    .text.prvResetNextTaskUnblockTime  tasks.o
    0x00001ce8   0x00001ce8   0x00000044   Code   RO          775    .text.prvSampleTimeNow  timers.o
    0x00001d2c   0x00001d2c   0x00000052   Code   RO          779    .text.prvSwitchTimerLists  timers.o
    0x00001d7e   0x00001d7e   0x00000002   PAD
    0x00001d80   0x00001d80   0x00000026   Code   RO          390    .text.prvTaskExitError  port.o
    0x00001da6   0x00001da6   0x00000002   PAD
    0x00001da8   0x00001da8   0x0000001e   Code   RO          725    .text.prvTimerTask  timers.o
    0x00001dc6   0x00001dc6   0x00000002   PAD
    0x00001dc8   0x00001dc8   0x000000ae   Code   RO          490    .text.prvUnlockQueue  queue.o
    0x00001e76   0x00001e76   0x00000002   PAD
    0x00001e78   0x00001e78   0x000001b6   Code   RO          420    .text.pvPortMalloc  heap_4.o
    0x0000202e   0x0000202e   0x00000002   PAD
    0x00002030   0x00002030   0x00000024   Code   RO          659    .text.pvTaskIncrementMutexHeldCount  tasks.o
    0x00002054   0x00002054   0x0000005e   Code   RO          388    .text.pxPortInitialiseStack  port.o
    0x000020b2   0x000020b2   0x00000002   PAD
    0x000020b4   0x000020b4   0x00000048   Code   RO          379    .text.uxListRemove  list.o
    0x000020fc   0x000020fc   0x0000000c   Code   RO          603    .text.uxTaskGetNumberOfTasks  tasks.o
    0x00002108   0x00002108   0x0000002a   Code   RO          675    .text.vApplicationGetIdleTaskMemory  tasks.o
    0x00002132   0x00002132   0x00000002   PAD
    0x00002134   0x00002134   0x0000002a   Code   RO          677    .text.vApplicationGetTimerTaskMemory  tasks.o
    0x0000215e   0x0000215e   0x00000002   PAD
    0x00002160   0x00002160   0x00000008   Code   RO           14    .text.vApplicationIdleHook  main.o
    0x00002168   0x00002168   0x0000000a   Code   RO          237    .text.vApplicationStackOverflowHook  cmsis_os2.o
    0x00002172   0x00002172   0x00000002   PAD
    0x00002174   0x00002174   0x00000150   Code   RO            6    .text.vDriverWindowElevateTask  main.o
    0x000022c4   0x000022c4   0x00000152   Code   RO            8    .text.vDriverWindowLowerTask  main.o
    0x00002416   0x00002416   0x00000002   PAD
    0x00002418   0x00002418   0x0000002e   Code   RO          371    .text.vListInitialise  list.o
    0x00002446   0x00002446   0x00000002   PAD
    0x00002448   0x00002448   0x0000000e   Code   RO          373    .text.vListInitialiseItem  list.o
    0x00002456   0x00002456   0x00000002   PAD
    0x00002458   0x00002458   0x0000006a   Code   RO          377    .text.vListInsert   list.o
    0x000024c2   0x000024c2   0x00000002   PAD
    0x000024c4   0x000024c4   0x0000014c   Code   RO           10    .text.vPassengerWindowElevateTask  main.o
    0x00002610   0x00002610   0x0000014e   Code   RO           12    .text.vPassengerWindowLowerTask  main.o
    0x0000275e   0x0000275e   0x00000002   PAD
    0x00002760   0x00002760   0x00000014   Code   RO          398    .text.vPortEnableVFP  port.o
    0x00002774   0x00002774   0x00000030   Code   RO          404    .text.vPortEnterCritical  port.o
    0x000027a4   0x000027a4   0x00000026   Code   RO          406    .text.vPortExitCritical  port.o
    0x000027ca   0x000027ca   0x00000002   PAD
    0x000027cc   0x000027cc   0x00000076   Code   RO          424    .text.vPortFree     heap_4.o
    0x00002842   0x00002842   0x00000002   PAD
    0x00002844   0x00002844   0x00000044   Code   RO          396    .text.vPortSetupTimerInterrupt  port.o
    0x00002888   0x00002888   0x00000022   Code   RO          516    .text.vQueueDelete  queue.o
    0x000028aa   0x000028aa   0x00000002   PAD
    0x000028ac   0x000028ac   0x00000064   Code   RO          532    .text.vQueueWaitForMessageRestricted  queue.o
    0x00002910   0x00002910   0x0000004a   Code   RO          565    .text.vTaskDelay    tasks.o
    0x0000295a   0x0000295a   0x00000002   PAD
    0x0000295c   0x0000295c   0x00000024   Code   RO          629    .text.vTaskInternalSetTimeOutState  tasks.o
    0x00002980   0x00002980   0x0000000e   Code   RO          633    .text.vTaskMissedYield  tasks.o
    0x0000298e   0x0000298e   0x00000002   PAD
    0x00002990   0x00002990   0x00000026   Code   RO          617    .text.vTaskPlaceOnEventList  tasks.o
    0x000029b6   0x000029b6   0x00000002   PAD
    0x000029b8   0x000029b8   0x00000064   Code   RO          621    .text.vTaskPlaceOnEventListRestricted  tasks.o
    0x00002a1c   0x00002a1c   0x00000138   Code   RO          655    .text.vTaskPriorityDisinheritAfterTimeout  tasks.o
    0x00002b54   0x00002b54   0x00000072   Code   RO          589    .text.vTaskStartScheduler  tasks.o
    0x00002bc6   0x00002bc6   0x00000002   PAD
    0x00002bc8   0x00002bc8   0x00000010   Code   RO          559    .text.vTaskSuspendAll  tasks.o
    0x00002bd8   0x00002bd8   0x0000011c   Code   RO          581    .text.vTaskSwitchContext  tasks.o
    0x00002cf4   0x00002cf4   0x0000006c   Code   RO          394    .text.xPortStartScheduler  port.o
    0x00002d60   0x00002d60   0x0000003e   Code   RO          410    .text.xPortSysTickHandler  port.o
    0x00002d9e   0x00002d9e   0x00000002   PAD
    0x00002da0   0x00002da0   0x00000026   Code   RO          464    .text.xQueueCreateMutex  queue.o
    0x00002dc6   0x00002dc6   0x00000002   PAD
    0x00002dc8   0x00002dc8   0x00000032   Code   RO          468    .text.xQueueCreateMutexStatic  queue.o
    0x00002dfa   0x00002dfa   0x00000002   PAD
    0x00002dfc   0x00002dfc   0x00000086   Code   RO          462    .text.xQueueGenericCreate  queue.o
    0x00002e82   0x00002e82   0x00000002   PAD
    0x00002e84   0x00002e84   0x0000006c   Code   RO          456    .text.xQueueGenericCreateStatic  queue.o
    0x00002ef0   0x00002ef0   0x000000d0   Code   RO          454    .text.xQueueGenericReset  queue.o
    0x00002fc0   0x00002fc0   0x0000016a   Code   RO          476    .text.xQueueGenericSend  queue.o
    0x0000312a   0x0000312a   0x00000002   PAD
    0x0000312c   0x0000312c   0x000000c6   Code   RO          494    .text.xQueueGiveFromISR  queue.o
    0x000031f2   0x000031f2   0x00000002   PAD
    0x000031f4   0x000031f4   0x00000152   Code   RO          496    .text.xQueueReceive  queue.o
    0x00003346   0x00003346   0x00000002   PAD
    0x00003348   0x00003348   0x0000019e   Code   RO          480    .text.xQueueSemaphoreTake  queue.o
    0x000034e6   0x000034e6   0x00000002   PAD
    0x000034e8   0x000034e8   0x000000c4   Code   RO          631    .text.xTaskCheckForTimeOut  tasks.o
    0x000035ac   0x000035ac   0x00000052   Code   RO          547    .text.xTaskCreate   tasks.o
    0x000035fe   0x000035fe   0x00000002   PAD
    0x00003600   0x00003600   0x0000005c   Code   RO          541    .text.xTaskCreateStatic  tasks.o
    0x0000365c   0x0000365c   0x00000038   Code   RO          649    .text.xTaskGetSchedulerState  tasks.o
    0x00003694   0x00003694   0x00000014   Code   RO          599    .text.xTaskGetTickCount  tasks.o
    0x000036a8   0x000036a8   0x0000025e   Code   RO          597    .text.xTaskIncrementTick  tasks.o
    0x00003906   0x00003906   0x00000002   PAD
    0x00003908   0x00003908   0x000000f2   Code   RO          653    .text.xTaskPriorityDisinherit  tasks.o
    0x000039fa   0x000039fa   0x00000002   PAD
    0x000039fc   0x000039fc   0x0000015c   Code   RO          651    .text.xTaskPriorityInherit  tasks.o
    0x00003b58   0x00003b58   0x00000194   Code   RO          623    .text.xTaskRemoveFromEventList  tasks.o
    0x00003cec   0x00003cec   0x0000023e   Code   RO          563    .text.xTaskResumeAll  tasks.o
    0x00003f2a   0x00003f2a   0x00000002   PAD
    0x00003f2c   0x00003f2c   0x00000078   Code   RO          721    .text.xTimerCreateTimerTask  timers.o
    0x00003fa4   0x00003fa4   0x00000028   Code   RO          806    i.GPIODirModeSet    driverlib.lib(gpio.o)
    0x00003fcc   0x00003fcc   0x00000006   Code   RO          807    i.GPIOIntClear      driverlib.lib(gpio.o)
    0x00003fd2   0x00003fd2   0x0000000e   Code   RO          809    i.GPIOIntEnable     driverlib.lib(gpio.o)
    0x00003fe0   0x00003fe0   0x00000058   Code   RO          810    i.GPIOIntRegister   driverlib.lib(gpio.o)
    0x00004038   0x00004038   0x0000000e   Code   RO          811    i.GPIOIntStatus     driverlib.lib(gpio.o)
    0x00004046   0x00004046   0x00000050   Code   RO          813    i.GPIOIntTypeSet    driverlib.lib(gpio.o)
    0x00004096   0x00004096   0x0000013a   Code   RO          816    i.GPIOPadConfigSet  driverlib.lib(gpio.o)
    0x000041d0   0x000041d0   0x00000006   Code   RO          818    i.GPIOPinRead       driverlib.lib(gpio.o)
    0x000041d6   0x000041d6   0x0000001c   Code   RO          826    i.GPIOPinTypeGPIOInput  driverlib.lib(gpio.o)
    0x000041f2   0x000041f2   0x0000001c   Code   RO          827    i.GPIOPinTypeGPIOOutput  driverlib.lib(gpio.o)
    0x0000420e   0x0000420e   0x00000006   Code   RO          848    i.GPIOPinWrite      driverlib.lib(gpio.o)
    0x00004214   0x00004214   0x00000064   Code   RO         1129    i.IntEnable         driverlib.lib(interrupt.o)
    0x00004278   0x00004278   0x00000028   Code   RO         1140    i.IntPrioritySet    driverlib.lib(interrupt.o)
    0x000042a0   0x000042a0   0x00000034   Code   RO         1141    i.IntRegister       driverlib.lib(interrupt.o)
    0x000042d4   0x000042d4   0x00000164   Code   RO         1247    i.SysCtlClockGet    driverlib.lib(sysctl.o)
    0x00004438   0x00004438   0x00000120   Code   RO         1249    i.SysCtlClockSet    driverlib.lib(sysctl.o)
    0x00004558   0x00004558   0x00000028   Code   RO         1278    i.SysCtlPeripheralEnable  driverlib.lib(sysctl.o)
    0x00004580   0x00004580   0x0000002c   Code   RO         1282    i.SysCtlPeripheralReady  driverlib.lib(sysctl.o)
    0x000045ac   0x000045ac   0x00000004   Code   RO         1292    i.SysCtlSleep       driverlib.lib(sysctl.o)
    0x000045b0   0x000045b0   0x0000001a   Code   RO         1610    x$fpl$fpinit        fz_wm.l(fpinit.o)
    0x000045ca   0x000045ca   0x00000002   PAD
    0x000045cc   0x000045cc   0x00000210   Data   RO          849    .constdata          driverlib.lib(gpio.o)
    0x000047dc   0x000047dc   0x0000010c   Data   RO         1145    .constdata          driverlib.lib(interrupt.o)
    0x000048e8   0x000048e8   0x000001c4   Data   RO         1299    .constdata          driverlib.lib(sysctl.o)
    0x00004aac   0x00004aac   0x00000014   Data   RO           26    .rodata.str1.1      main.o
    0x00004ac0   0x00004ac0   0x00000005   Data   RO          713    .rodata.str1.1      tasks.o
    0x00004ac5   0x00004ac5   0x00000008   Data   RO          786    .rodata.str1.1      timers.o
    0x00004acd   0x00004acd   0x00000003   PAD
    0x00004ad0   0x00004ad0   0x00000004   Data   RO          704    .rodata.uxTopUsedPriority  tasks.o
    0x00004ad4   0x00004ad4   0x00000020   Data   RO         1774    Region$$Table       anon$$obj.o


    Execution Region ER_RW (Exec base: 0x20000000, Load base: 0x00004c00, Size: 0x0000066c, Max: 0xffffffff, ABSOLUTE, COMPRESSED[0x00000018])

    Exec Addr    Load Addr    Size         Type   Attr      Idx    E Section Name        Object

    0x20000000   COMPRESSED   0x00000004   Data   RW          323    .data.SystemCoreClock  system_tm4c123.o
    0x20000004   COMPRESSED   0x00000004   Data   RW          412    .data.uxCriticalNesting  port.o
    0x20000008   COMPRESSED   0x00000004   Data   RW           16    .data.window_state  main.o
    0x2000000c   COMPRESSED   0x000003f4   PAD
    0x20000400   COMPRESSED   0x0000026c   Data   RW         1146    vtable              driverlib.lib(interrupt.o)


    Execution Region ER_ZI (Exec base: 0x20000670, Load base: 0x00004c18, Size: 0x00002e20, Max: 0xffffffff, ABSOLUTE)

    Exec Addr    Load Addr    Size         Type   Attr      Idx    E Section Name        Object

    0x20000670        -       0x00000060   Zero   RW         1641    .bss                c_w.l(libspace.o)
    0x200006d0        -       0x00000190   Zero   RW           73    .bss.clib_mutex_cb  clib_os.o
    0x20000860        -       0x00000014   Zero   RW           72    .bss.clib_mutex_id  clib_os.o
    0x20000874        -       0x00000001   Zero   RW           27    .bss.driver_elevate_button_state  main.o
    0x20000875        -       0x00000001   Zero   RW           29    .bss.driver_lower_button_state  main.o
    0x20000876   0x00004c18   0x00000002   PAD
    0x20000878        -       0x00000004   Zero   RW           17    .bss.last_task      main.o
    0x2000087c        -       0x00000001   Zero   RW           32    .bss.lock_state     main.o
    0x2000087d        -       0x00000001   Zero   RW           28    .bss.operation      main.o
    0x2000087e        -       0x00000001   Zero   RW           30    .bss.passenger_elevate_button_state  main.o
    0x2000087f        -       0x00000001   Zero   RW           31    .bss.passenger_lower_button_state  main.o
    0x20000880        -       0x00000050   Zero   RW          794    .bss.prvCheckForValidListAndQueue.ucStaticTimerQueueStorage  timers.o
    0x200008d0        -       0x00000050   Zero   RW          793    .bss.prvCheckForValidListAndQueue.xStaticTimerQueue  timers.o
    0x20000920        -       0x00000004   Zero   RW          790    .bss.prvSampleTimeNow.xLastTime  timers.o
    0x20000924        -       0x00000004   Zero   RW          687    .bss.pxCurrentTCB   tasks.o
    0x20000928        -       0x00000004   Zero   RW          788    .bss.pxCurrentTimerList  timers.o
    0x2000092c        -       0x00000004   Zero   RW          694    .bss.pxDelayedTaskList  tasks.o
    0x20000930        -       0x00000004   Zero   RW          440    .bss.pxEnd          heap_4.o
    0x20000934        -       0x00000004   Zero   RW          695    .bss.pxOverflowDelayedTaskList  tasks.o
    0x20000938        -       0x00000004   Zero   RW          789    .bss.pxOverflowTimerList  timers.o
    0x2000093c        -       0x00000460   Zero   RW          698    .bss.pxReadyTasksLists  tasks.o
    0x20000d9c        -       0x00002000   Zero   RW          446    .bss.ucHeap         heap_4.o
    0x20002d9c        -       0x00000004   Zero   RW          692    .bss.uxCurrentNumberOfTasks  tasks.o
    0x20002da0        -       0x00000004   Zero   RW          691    .bss.uxDeletedTasksWaitingCleanUp  tasks.o
    0x20002da4        -       0x00000004   Zero   RW          700    .bss.uxSchedulerSuspended  tasks.o
    0x20002da8        -       0x00000004   Zero   RW          688    .bss.uxTaskNumber   tasks.o
    0x20002dac        -       0x00000004   Zero   RW          699    .bss.uxTopReadyPriority  tasks.o
    0x20002db0        -       0x00000200   Zero   RW          708    .bss.vApplicationGetIdleTaskMemory.uxIdleTaskStack  tasks.o
    0x20002fb0        -       0x0000005c   Zero   RW          707    .bss.vApplicationGetIdleTaskMemory.xIdleTaskTCB  tasks.o
    0x2000300c        -       0x00000140   Zero   RW          710    .bss.vApplicationGetTimerTaskMemory.uxTimerTaskStack  tasks.o
    0x2000314c        -       0x0000005c   Zero   RW          709    .bss.vApplicationGetTimerTaskMemory.xTimerTaskTCB  tasks.o
    0x200031a8        -       0x00000014   Zero   RW          791    .bss.xActiveTimerList1  timers.o
    0x200031bc        -       0x00000014   Zero   RW          792    .bss.xActiveTimerList2  timers.o
    0x200031d0        -       0x00000014   Zero   RW          711    .bss.xDelayedTaskList1  tasks.o
    0x200031e4        -       0x00000014   Zero   RW          712    .bss.xDelayedTaskList2  tasks.o
    0x200031f8        -       0x00000004   Zero   RW           23    .bss.xDriverDownSem  main.o
    0x200031fc        -       0x00000004   Zero   RW           22    .bss.xDriverUpSem   main.o
    0x20003200        -       0x00000004   Zero   RW           18    .bss.xDriverWindowElevateTaskHandle  main.o
    0x20003204        -       0x00000004   Zero   RW           19    .bss.xDriverWindowLowerTaskHandle  main.o
    0x20003208        -       0x00000004   Zero   RW          441    .bss.xFreeBytesRemaining  heap_4.o
    0x2000320c        -       0x00000004   Zero   RW          703    .bss.xIdleTaskHandles  tasks.o
    0x20003210        -       0x00000004   Zero   RW          443    .bss.xMinimumEverFreeBytesRemaining  heap_4.o
    0x20003214        -       0x00000004   Zero   RW          702    .bss.xNextTaskUnblockTime  tasks.o
    0x20003218        -       0x00000004   Zero   RW          706    .bss.xNumOfOverflows  tasks.o
    0x2000321c        -       0x00000004   Zero   RW          444    .bss.xNumberOfSuccessfulAllocations  heap_4.o
    0x20003220        -       0x00000004   Zero   RW          445    .bss.xNumberOfSuccessfulFrees  heap_4.o
    0x20003224        -       0x00000004   Zero   RW           25    .bss.xPassengerDownSem  main.o
    0x20003228        -       0x00000004   Zero   RW           24    .bss.xPassengerUpSem  main.o
    0x2000322c        -       0x00000004   Zero   RW           20    .bss.xPassengerWindowElevateTaskHandle  main.o
    0x20003230        -       0x00000004   Zero   RW           21    .bss.xPassengerWindowLowerTaskHandle  main.o
    0x20003234        -       0x00000004   Zero   RW          705    .bss.xPendedTicks   tasks.o
    0x20003238        -       0x00000014   Zero   RW          696    .bss.xPendingReadyList  tasks.o
    0x2000324c        -       0x00000004   Zero   RW          689    .bss.xSchedulerRunning  tasks.o
    0x20003250        -       0x00000008   Zero   RW          442    .bss.xStart         heap_4.o
    0x20003258        -       0x00000014   Zero   RW          697    .bss.xSuspendedTaskList  tasks.o
    0x2000326c        -       0x00000014   Zero   RW          690    .bss.xTasksWaitingTermination  tasks.o
    0x20003280        -       0x00000004   Zero   RW          693    .bss.xTickCount     tasks.o
    0x20003284        -       0x00000004   Zero   RW          785    .bss.xTimerQueue    timers.o
    0x20003288        -       0x00000004   Zero   RW          787    .bss.xTimerTaskHandle  timers.o
    0x2000328c        -       0x00000004   Zero   RW          701    .bss.xYieldPendings  tasks.o
    0x20003290        -       0x00000000   Zero   RW          308    HEAP                startup_tm4c123.o
    0x20003290        -       0x00000200   Zero   RW          307    STACK               startup_tm4c123.o


==============================================================================

Image component sizes


      Code (inc. data)   RO Data    RW Data    ZI Data      Debug   Object Name

       422          0          0          0        420       4424   clib_os.o
        40          0          0          0          0      30100   cmsis_os2.o
       942          0          0          0       8220       4647   heap_4.o
       238          0          0          0          0       2462   list.o
      2492          0         20          4         42       3895   main.o
       652         16          0          4          0       3069   port.o
        60          0          0          0          0        617   port_config.o
      2668          0          0          0          0      15010   queue.o
       276         24        620          0        512       5600   startup_tm4c123.o
       268          0          0          4          0       6920   system_tm4c123.o
      5482          0          9          0       2296      27502   tasks.o
      1248         10          8          0        220      11328   timers.o

    ----------------------------------------------------------------------
     14900         50        692       1024      11712     115574   Object Totals
         0          0         32          0          0          0   (incl. Generated)
       112          0          3       1012          2          0   (incl. Padding)

    ----------------------------------------------------------------------

      Code (inc. data)   RO Data    RW Data    ZI Data      Debug   Library Member Name

        58          0          0          0          0          0   __dczerorl.o
         8          0          0          0          0         68   __main.o
         0          0          0          0          0          0   __rtentry.o
        20          0          0          0          0          0   __rtentry2.o
         6          0          0          0          0          0   __rtentry4.o
        52          8          0          0          0          0   __scatter.o
        28          0          0          0          0          0   __scatter_zi.o
        16          0          0          0          0         68   aeabi_memset4.o
        18          0          0          0          0         80   exit.o
         6          0          0          0          0        152   heapauxi.o
         0          0          0          0          0          0   indicate_semi.o
         2          0          0          0          0          0   libinit.o
         6          0          0          0          0          0   libinit2.o
         2          0          0          0          0          0   libshutdown.o
         2          0          0          0          0          0   libshutdown2.o
         8          4          0          0         96         68   libspace.o
        68          0          0          0          0         68   rt_memclr.o
        78          0          0          0          0         80   rt_memclr_w.o
       138          0          0          0          0         68   rt_memcpy_v6.o
       100          0          0          0          0         80   rt_memcpy_w.o
         2          0          0          0          0          0   rtexit.o
        10          0          0          0          0          0   rtexit2.o
        12          4          0          0          0         68   sys_exit.o
        74          0          0          0          0         80   sys_stackheap_outer.o
         2          0          0          0          0         68   use_no_semi.o
        38          0          0          0          0        504   cpu.o
       624         18        528          0          0      10690   gpio.o
       192         20        268        620          0       2355   interrupt.o
       738         68        452          0          0       4797   sysctl.o
        26          0          0          0          0        116   fpinit.o

    ----------------------------------------------------------------------
      2348        122       1248        620         96      19410   Library Totals
        14          0          0          0          0          0   (incl. Padding)

    ----------------------------------------------------------------------

      Code (inc. data)   RO Data    RW Data    ZI Data      Debug   Library Name

       716         16          0          0         96        948   c_w.l
      1592        106       1248        620          0      18346   driverlib.lib
        26          0          0          0          0        116   fz_wm.l

    ----------------------------------------------------------------------
      2348        122       1248        620         96      19410   Library Totals

    ----------------------------------------------------------------------

==============================================================================


      Code (inc. data)   RO Data    RW Data    ZI Data      Debug   

     17248        172       1940       1644      11808     132768   Grand Totals
     17248        172       1940         24      11808     132768   ELF Image Totals (compressed)
     17248        172       1940         24          0          0   ROM Totals

==============================================================================

    Total RO  Size (Code + RO Data)                19188 (  18.74kB)
    Total RW  Size (RW Data + ZI Data)             13452 (  13.14kB)
    Total ROM Size (Code + RO Data + RW Data)      19212 (  18.76kB)

==============================================================================

