Component: Arm Compiler for Embedded 6.19 Tool: armlink [5e73cb00]

==============================================================================

Section Cross References

    main.o(.text.main) refers to sysctl.o(i.SysCtlClockSet) for SysCtlClockSet
    main.o(.text.main) refers to port_config.o(.text.PortA_Config) for PortA_Config
    main.o(.text.main) refers to port_config.o(.text.PortB_Config_LCD) for PortB_Config_LCD
    main.o(.text.main) refers to port_config.o(.text.PortC_Config) for PortC_Config
    main.o(.text.main) refers to port_config.o(.text.PortD_Config_QEI) for PortD_Config_QEI
    main.o(.text.main) refers to sysctl.o(i.SysCtlClockGet) for SysCtlClockGet
    main.o(.text.main) refers to i2c.o(i.I2CMasterInitExpClk) for I2CMasterInitExpClk
    main.o(.text.main) refers to lcd_i2c.o(.text.LCD_I2C_Init) for LCD_I2C_Init
    main.o(.text.main) refers to main.o(.rodata.lockChar) for lockChar
    main.o(.text.main) refers to lcd_i2c.o(.text.LCD_I2C_CreateChar) for LCD_I2C_CreateChar
    main.o(.text.main) refers to main.o(.rodata.unlockChar) for unlockChar
    main.o(.text.main) refers to queue.o(.text.xQueueGenericCreate) for xQueueGenericCreate
    main.o(.text.main) refers to main.o(.bss.xStatusQueue) for xStatusQueue
    main.o(.text.main) refers to main.o(.bss.xDriverUpSem) for xDriverUpSem
    main.o(.text.main) refers to main.o(.bss.xDriverDownSem) for xDriverDownSem
    main.o(.text.main) refers to main.o(.bss.xPassengerUpSem) for xPassengerUpSem
    main.o(.text.main) refers to main.o(.bss.xPassengerDownSem) for xPassengerDownSem
    main.o(.text.main) refers to main.o(.bss.xLockWindowsSem) for xLockWindowsSem
    main.o(.text.main) refers to main.o(.bss.xUpperLimitSem) for xUpperLimitSem
    main.o(.text.main) refers to main.o(.bss.xLowerLimitSem) for xLowerLimitSem
    main.o(.text.main) refers to main.o(.bss.xObstacleDetectionSem) for xObstacleDetectionSem
    main.o(.text.main) refers to main.o(.text.ISRHandlers) for ISRHandlers
    main.o(.text.main) refers to gpio.o(i.GPIOIntRegister) for GPIOIntRegister
    main.o(.text.main) refers to main.o(.bss.xDriverWindowElevateTaskHandle) for xDriverWindowElevateTaskHandle
    main.o(.text.main) refers to main.o(.text.vDriverWindowElevateTask) for vDriverWindowElevateTask
    main.o(.text.main) refers to main.o(.rodata.str1.1) for .L.str
    main.o(.text.main) refers to tasks.o(.text.xTaskCreate) for xTaskCreate
    main.o(.text.main) refers to main.o(.bss.xDriverWindowLowerTaskHandle) for xDriverWindowLowerTaskHandle
    main.o(.text.main) refers to main.o(.text.vDriverWindowLowerTask) for vDriverWindowLowerTask
    main.o(.text.main) refers to main.o(.bss.xPassengerWindowElevateTaskHandle) for xPassengerWindowElevateTaskHandle
    main.o(.text.main) refers to main.o(.text.vPassengerWindowElevateTask) for vPassengerWindowElevateTask
    main.o(.text.main) refers to main.o(.bss.xPassengerWindowLowerTaskHandle) for xPassengerWindowLowerTaskHandle
    main.o(.text.main) refers to main.o(.text.vPassengerWindowLowerTask) for vPassengerWindowLowerTask
    main.o(.text.main) refers to main.o(.bss.xLockWindowsTaskHandle) for xLockWindowsTaskHandle
    main.o(.text.main) refers to main.o(.text.vLockWindowsTask) for vLockWindowsTask
    main.o(.text.main) refers to main.o(.bss.xUpperLimitTaskHandle) for xUpperLimitTaskHandle
    main.o(.text.main) refers to main.o(.text.vUpperLimitTask) for vUpperLimitTask
    main.o(.text.main) refers to main.o(.bss.xLowerLimitTaskHandle) for xLowerLimitTaskHandle
    main.o(.text.main) refers to main.o(.text.vLowerLimitTask) for vLowerLimitTask
    main.o(.text.main) refers to main.o(.bss.xObstacleDetectionHandle) for xObstacleDetectionHandle
    main.o(.text.main) refers to main.o(.text.vObstacleDetection) for vObstacleDetection
    main.o(.text.main) refers to main.o(.text.vLCDTask) for vLCDTask
    main.o(.text.main) refers to main.o(.text.vStatusProducerTask) for vStatusProducerTask
    main.o(.text.main) refers to main.o(.text.vEncoderMonitorTask) for vEncoderMonitorTask
    main.o(.text.main) refers to main.o(.text.vDebounceTimerCallback) for vDebounceTimerCallback
    main.o(.text.main) refers to timers.o(.text.xTimerCreate) for xTimerCreate
    main.o(.text.main) refers to main.o(.bss.xDebounceTimer) for xDebounceTimer
    main.o(.text.main) refers to tasks.o(.text.vTaskStartScheduler) for vTaskStartScheduler
    main.o(.ARM.exidx.text.main) refers to main.o(.text.main) for [Anonymous Symbol]
    main.o(.text.ISRHandlers) refers to gpio.o(i.GPIOIntStatus) for GPIOIntStatus
    main.o(.text.ISRHandlers) refers to main.o(.bss.debounce_in_progress) for debounce_in_progress
    main.o(.text.ISRHandlers) refers to gpio.o(i.GPIOIntClear) for GPIOIntClear
    main.o(.text.ISRHandlers) refers to main.o(.bss.xDebounceTimer) for xDebounceTimer
    main.o(.text.ISRHandlers) refers to tasks.o(.text.xTaskGetTickCountFromISR) for xTaskGetTickCountFromISR
[...]
    ADC0SS0_Handler                          0x00000447   Thumb Code     2  startup_tm4c123.o(.text)
    ADC0SS1_Handler                          0x00000449   Thumb Code     2  startup_tm4c123.o(.text)
    ADC0SS2_Handler                          0x0000044b   Thumb Code     2  startup_tm4c123.o(.text)
    ADC0SS3_Handler                          0x0000044d   Thumb Code     2  startup_tm4c123.o(.text)
    WDT0_Handler                             0x0000044f   Thumb Code     2  startup_tm4c123.o(.text)
    TIMER0A_Handler                          0x00000451   Thumb Code     2  startup_tm4c123.o(.text)
    TIMER0B_Handler                          0x00000453   Thumb Code     2  startup_tm4c123.o(.text)
    TIMER1A_Handler                          0x00000455   Thumb Code     2  startup_tm4c123.o(.text)
    TIMER1B_Handler                          0x00000457   Thumb Code     2  startup_tm4c123.o(.text)
    TIMER2A_Handler                          0x00000459   Thumb Code     2  startup_tm4c123.o(.text)
    TIMER2B_Handler                          0x0000045b   Thumb Code     2  startup_tm4c123.o(.text)
    COMP0_Handler                            0x0000045d   Thumb Code     2  startup_tm4c123.o(.text)
    COMP1_Handler                            0x0000045f   Thumb Code     2  startup_tm4c123.o(.text)
    COMP2_Handler                            0x00000461   Thumb Code     2  startup_tm4c123.o(.text)
    SYSCTL_Handler                           0x00000463   Thumb Code     2  startup_tm4c123.o(.text)
    FLASH_Handler                            0x00000465   Thumb Code     2  startup_tm4c123.o(.text)
    GPIOF_Handler                            0x00000467   Thumb Code     2  startup_tm4c123.o(.text)
    GPIOG_Handler                            0x00000469   Thumb Code     2  startup_tm4c123.o(.text)
    GPIOH_Handler                            0x0000046b   Thumb Code     2  startup_tm4c123.o(.text)
    UART2_Handler                            0x0000046d   Thumb Code     2  startup_tm4c123.o(.text)
    SSI1_Handler                             0x0000046f   Thumb Code     2  startup_tm4c123.o(.text)
    TIMER3A_Handler                          0x00000471   Thumb Code     2  startup_tm4c123.o(.text)
    TIMER3B_Handler                          0x00000473   Thumb Code     2  startup_tm4c123.o(.text)
    I2C1_Handler                             0x00000475   Thumb Code     2  startup_tm4c123.o(.text)
    QEI1_Handler                             0x00000477   Thumb Code     2  startup_tm4c123.o(.text)
    CAN0_Handler                             0x00000479   Thumb Code     2  startup_tm4c123.o(.text)
    CAN1_Handler                             0x0000047b   Thumb Code     2  startup_tm4c123.o(.text)
    CAN2_Handler                             0x0000047d   Thumb Code     2  startup_tm4c123.o(.text)
    HIB_Handler                              0x0000047f   Thumb Code     2  startup_tm4c123.o(.text)
    USB0_Handler                             0x00000481   Thumb Code     2  startup_tm4c123.o(.text)
    PWM0_3_Handler                           0x00000483   Thumb Code     2  startup_tm4c123.o(.text)
    UDMA_Handler                             0x00000485   Thumb Code     2  startup_tm4c123.o(.text)
    UDMAERR_Handler                          0x00000487   Thumb Code     2  startup_tm4c123.o(.text)
    ADC1SS0_Handler                          0x00000489   Thumb Code     2  startup_tm4c123.o(.text)
    ADC1SS1_Handler                          0x0000048b   Thumb Code     2  startup_tm4c123.o(.text)
    ADC1SS2_Handler                          0x0000048d   Thumb Code     2  startup_tm4c123.o(.text)
    ADC1SS3_Handler                          0x0000048f   Thumb Code     2  startup_tm4c123.o(.text)
    GPIOJ_Handler                            0x00000491   Thumb Code     2  startup_tm4c123.o(.text)
    GPIOK_Handler                            0x00000493   Thumb Code     2  startup_tm4c123.o(.text)
    GPIOL_Handler                            0x00000495   Thumb Code     2  startup_tm4c123.o(.text)
    SSI2_Handler                             0x00000497   Thumb Code     2  startup_tm4c123.o(.text)
    SSI3_Handler                             0x00000499   Thumb Code     2  startup_tm4c123.o(.text)
    UART3_Handler                            0x0000049b   Thumb Code     2  startup_tm4c123.o(.text)
    UART4_Handler                            0x0000049d   Thumb Code     2  startup_tm4c123.o(.text)
    UART5_Handler                            0x0000049f   Thumb Code     2  startup_tm4c123.o(.text)
    UART6_Handler                            0x000004a1   Thumb Code     2  startup_tm4c123.o(.text)
    UART7_Handler                            0x000004a3   Thumb Code     2  startup_tm4c123.o(.text)
    I2C2_Handler                             0x000004a5   Thumb Code     2  startup_tm4c123.o(.text)
    I2C3_Handler                             0x000004a7   Thumb Code     2  startup_tm4c123.o(.text)
    TIMER4A_Handler                          0x000004a9   Thumb Code     2  startup_tm4c123.o(.text)
    TIMER4B_Handler                          0x000004ab   Thumb Code     2  startup_tm4c123.o(.text)
    TIMER5A_Handler                          0x000004ad   Thumb Code     2  startup_tm4c123.o(.text)
    TIMER5B_Handler                          0x000004af   Thumb Code     2  startup_tm4c123.o(.text)
    WTIMER0A_Handler                         0x000004b1   Thumb Code     2  startup_tm4c123.o(.text)
    WTIMER0B_Handler                         0x000004b3   Thumb Code     2  startup_tm4c123.o(.text)
    WTIMER1A_Handler                         0x000004b5   Thumb Code     2  startup_tm4c123.o(.text)
    WTIMER1B_Handler                         0x000004b7   Thumb Code     2  startup_tm4c123.o(.text)
    WTIMER2A_Handler                         0x000004b9   Thumb Code     2  startup_tm4c123.o(.text)
    WTIMER2B_Handler                         0x000004bb   Thumb Code     2  startup_tm4c123.o(.text)
    WTIMER3A_Handler                         0x000004bd   Thumb Code     2  startup_tm4c123.o(.text)
    WTIMER3B_Handler                         0x000004bf   Thumb Code     2  startup_tm4c123.o(.text)
    WTIMER4A_Handler                         0x000004c1   Thumb Code     2  startup_tm4c123.o(.text)
    WTIMER4B_Handler                         0x000004c3   Thumb Code     2  startup_tm4c123.o(.text)
    WTIMER5A_Handler                         0x000004c5   Thumb Code     2  startup_tm4c123.o(.text)
    WTIMER5B_Handler                         0x000004c7   Thumb Code     2  startup_tm4c123.o(.text)
    FPU_Handler                              0x000004c9   Thumb Code     2  startup_tm4c123.o(.text)
    I2C4_Handler                             0x000004cb   Thumb Code     2  startup_tm4c123.o(.text)
    I2C5_Handler                             0x000004cd   Thumb Code     2  startup_tm4c123.o(.text)
    GPIOM_Handler                            0x000004cf   Thumb Code     2  startup_tm4c123.o(.text)
    GPION_Handler                            0x000004d1   Thumb Code     2  startup_tm4c123.o(.text)
    QEI2_Handler                             0x000004d3   Thumb Code     2  startup_tm4c123.o(.text)
    GPIOP0_Handler                           0x000004d5   Thumb Code     2  startup_tm4c123.o(.text)
    GPIOP1_Handler                           0x000004d7   Thumb Code     2  startup_tm4c123.o(.text)
    GPIOP2_Handler                           0x000004d9   Thumb Code     2  startup_tm4c123.o(.text)
    GPIOP3_Handler                           0x000004db   Thumb Code     2  startup_tm4c123.o(.text)
    GPIOP4_Handler                           0x000004dd   Thumb Code     2  startup_tm4c123.o(.text)
    GPIOP5_Handler                           0x000004df   Thumb Code     2  startup_tm4c123.o(.text)
    GPIOP6_Handler                           0x000004e1   Thumb Code     2  startup_tm4c123.o(.text)
    GPIOP7_Handler                           0x000004e3   Thumb Code     2  startup_tm4c123.o(.text)
    GPIOQ0_Handler                           0x000004e5   Thumb Code     2  startup_tm4c123.o(.text)
    GPIOQ1_Handler                           0x000004e7   Thumb Code     2  startup_tm4c123.o(.text)
    GPIOQ2_Handler                           0x000004e9   Thumb Code     2  startup_tm4c123.o(.text)
    GPIOQ3_Handler                           0x000004eb   Thumb Code     2  startup_tm4c123.o(.text)
    GPIOQ4_Handler                           0x000004ed   Thumb Code     2  startup_tm4c123.o(.text)
    GPIOQ5_Handler                           0x000004ef   Thumb Code     2  startup_tm4c123.o(.text)
    GPIOQ6_Handler                           0x000004f1   Thumb Code     2  startup_tm4c123.o(.text)
    GPIOQ7_Handler                           0x000004f3   Thumb Code     2  startup_tm4c123.o(.text)
    GPIOR_Handler                            0x000004f5   Thumb Code     2  startup_tm4c123.o(.text)
    GPIOS_Handler                            0x000004f7   Thumb Code     2  startup_tm4c123.o(.text)
    PMW1_0_Handler                           0x000004f9   Thumb Code     2  startup_tm4c123.o(.text)
    PWM1_1_Handler                           0x000004fb   Thumb Code     2  startup_tm4c123.o(.text)
    PWM1_2_Handler                           0x000004fd   Thumb Code     2  startup_tm4c123.o(.text)
    PWM1_3_Handler                           0x000004ff   Thumb Code     2  startup_tm4c123.o(.text)
    PWM1_FAULT_Handler                       0x00000501   Thumb Code     2  startup_tm4c123.o(.text)
    __user_initial_stackheap                 0x00000505   Thumb Code     0  startup_tm4c123.o(.text)
    snprintf                                 0x00000525   Thumb Code    58  snprintf.o(.text)
    __aeabi_memcpy                           0x00000565   Thumb Code     0  rt_memcpy_v6.o(.text)
    __rt_memcpy                              0x00000565   Thumb Code   138  rt_memcpy_v6.o(.text)
    _memcpy_lastbytes                        0x000005cb   Thumb Code     0  rt_memcpy_v6.o(.text)
    __aeabi_memset4                          0x000005ef   Thumb Code    16  aeabi_memset4.o(.text)
    __aeabi_memset8                          0x000005ef   Thumb Code     0  aeabi_memset4.o(.text)
    __aeabi_memclr                           0x000005ff   Thumb Code     0  rt_memclr.o(.text)
    __rt_memclr                              0x000005ff   Thumb Code     0  rt_memclr.o(.text)
    _memset                                  0x00000603   Thumb Code    64  rt_memclr.o(.text)
    strcmp                                   0x00000649   Thumb Code   124  strcmpv7em.o(.text)
    __use_two_region_memory                  0x000006c5   Thumb Code     2  heapauxi.o(.text)
    __rt_heap_escrow$2region                 0x000006c7   Thumb Code     2  heapauxi.o(.text)
    __rt_heap_expand$2region                 0x000006c9   Thumb Code     2  heapauxi.o(.text)
    _printf_pre_padding                      0x000006cb   Thumb Code    44  _printf_pad.o(.text)
    _printf_post_padding                     0x000006f7   Thumb Code    34  _printf_pad.o(.text)
    _printf_truncate_signed                  0x00000719   Thumb Code    18  _printf_truncate.o(.text)
    _printf_truncate_unsigned                0x0000072b   Thumb Code    18  _printf_truncate.o(.text)
    _printf_str                              0x0000073d   Thumb Code    82  _printf_str.o(.text)
    _printf_int_dec                          0x00000791   Thumb Code   104  _printf_dec.o(.text)
    _printf_charcount                        0x00000809   Thumb Code    40  _printf_charcount.o(.text)
    _printf_char_common                      0x0000083b   Thumb Code    32  _printf_char_common.o(.text)
    _snputc                                  0x00000861   Thumb Code    16  _snputc.o(.text)
    _printf_wctomb                           0x00000871   Thumb Code   182  _printf_wctomb.o(.text)
    _printf_longlong_dec                     0x0000092d   Thumb Code   108  _printf_longlong_dec.o(.text)
    _printf_longlong_oct                     0x000009a9   Thumb Code    68  _printf_oct_int_ll.o(.text)
    _printf_int_oct                          0x000009ed   Thumb Code    24  _printf_oct_int_ll.o(.text)
    _printf_ll_oct                           0x00000a05   Thumb Code    12  _printf_oct_int_ll.o(.text)
    _printf_longlong_hex                     0x00000a19   Thumb Code    86  _printf_hex_int_ll_ptr.o(.text)
    _printf_int_hex                          0x00000a6f   Thumb Code    28  _printf_hex_int_ll_ptr.o(.text)
    _printf_ll_hex                           0x00000a8b   Thumb Code    12  _printf_hex_int_ll_ptr.o(.text)
    _printf_hex_ptr                          0x00000a97   Thumb Code    18  _printf_hex_int_ll_ptr.o(.text)
    __printf                                 0x00000aad   Thumb Code   388  __printf_flags_ss_wp.o(.text)
    __aeabi_memcpy4                          0x00000c35   Thumb Code     0  rt_memcpy_w.o(.text)
    __aeabi_memcpy8                          0x00000c35   Thumb Code     0  rt_memcpy_w.o(.text)
    __rt_memcpy_w                            0x00000c35   Thumb Code   100  rt_memcpy_w.o(.text)
    _memcpy_lastbytes_aligned                0x00000c7d   Thumb Code     0  rt_memcpy_w.o(.text)
    __aeabi_memclr4                          0x00000c99   Thumb Code     0  rt_memclr_w.o(.text)
    __aeabi_memclr8                          0x00000c99   Thumb Code     0  rt_memclr_w.o(.text)
    __rt_memclr_w                            0x00000c99   Thumb Code     0  rt_memclr_w.o(.text)
    _memset_w                                0x00000c9d   Thumb Code    74  rt_memclr_w.o(.text)
    _ll_udiv10                               0x00000ce7   Thumb Code   138  lludiv10.o(.text)
    _printf_int_common                       0x00000d71   Thumb Code   178  _printf_intcommon.o(.text)
    _printf_fp_dec_real                      0x00000fd3   Thumb Code   620  _printf_fp_dec.o(.text)
    _printf_fp_hex_real                      0x00001241   Thumb Code   756  _printf_fp_hex.o(.text)
    _printf_cs_common                        0x0000153d   Thumb Code    20  _printf_char.o(.text)
    _printf_char                             0x00001551   Thumb Code    16  _printf_char.o(.text)
    _printf_string                           0x00001561   Thumb Code     8  _printf_char.o(.text)
    _printf_lcs_common                       0x00001569   Thumb Code    20  _printf_wchar.o(.text)
    _printf_wchar                            0x0000157d   Thumb Code    16  _printf_wchar.o(.text)
    _printf_wstring                          0x0000158d   Thumb Code     8  _printf_wchar.o(.text)
    _c16rtomb                                0x00001595   Thumb Code    72  _c16rtomb.o(.text)
    _wcrtomb                                 0x00001595   Thumb Code     0  _c16rtomb.o(.text)
    __user_setup_stackheap                   0x000015dd   Thumb Code    74  sys_stackheap_outer.o(.text)
    __rt_ctype_table                         0x00001629   Thumb Code    16  rt_ctype_table.o(.text)
    __rt_locale                              0x00001639   Thumb Code    10  rt_locale_twolibspace.o(.text)
    _printf_fp_infnan                        0x00001645   Thumb Code   112  _printf_fp_infnan.o(.text)
    _btod_etento                             0x000016c5   Thumb Code   224  bigflt0.o(.text)
    exit                                     0x000017a9   Thumb Code    18  exit.o(.text)
    __user_libspace                          0x000017bd   Thumb Code     8  libspace.o(.text)
    __user_perproc_libspace                  0x000017bd   Thumb Code     0  libspace.o(.text)
    _sys_exit                                0x000017c5   Thumb Code     8  sys_exit.o(.text)
    __I$use$semihosting                      0x000017d1   Thumb Code     0  use_no_semi.o(.text)
    __use_no_semihosting_swi                 0x000017d1   Thumb Code     2  use_no_semi.o(.text)
    __semihosting_library_function           0x000017d3   Thumb Code     0  indicate_semi.o(.text)
    _fp_init                                 0x000017d5   Thumb Code    22  clib_os.o(.text.$Sub$$_fp_init)
    ISRHandlers                              0x000017ed   Thumb Code   722  main.o(.text.ISRHandlers)
    LCD_I2C_Clear                            0x00001ac1   Thumb Code    34  lcd_i2c.o(.text.LCD_I2C_Clear)
    LCD_I2C_CreateChar                       0x00001ae5   Thumb Code    70  lcd_i2c.o(.text.LCD_I2C_CreateChar)
    LCD_I2C_Init                             0x00001b2d   Thumb Code    84  lcd_i2c.o(.text.LCD_I2C_Init)
    LCD_I2C_Print                            0x00001b81   Thumb Code    36  lcd_i2c.o(.text.LCD_I2C_Print)
    LCD_I2C_SetCursor                        0x00001ba5   Thumb Code    56  lcd_i2c.o(.text.LCD_I2C_SetCursor)
    LCD_I2C_WriteChar                        0x00001bdd   Thumb Code    22  lcd_i2c.o(.text.LCD_I2C_WriteChar)
    PendSV_Handler                           0x00001c01   Thumb Code   100  port.o(.text.PendSV_Handler)
    PortA_Config                             0x00001c65   Thumb Code   108  port_config.o(.text.PortA_Config)
    PortB_Config_LCD                         0x00001cd1   Thumb Code   132  port_config.o(.text.PortB_Config_LCD)
    PortC_Config                             0x00001d55   Thumb Code    92  port_config.o(.text.PortC_Config)
    PortD_Config_QEI                         0x00001db1   Thumb Code   200  port_config.o(.text.PortD_Config_QEI)
    SVC_Handler                              0x00001e81   Thumb Code    36  port.o(.text.SVC_Handler)
    SysTick_Handler                          0x00001ea5   Thumb Code    30  cmsis_os2.o(.text.SysTick_Handler)
    SystemInit                               0x00001ec5   Thumb Code   268  system_tm4c123.o(.text.SystemInit)
    _mutex_acquire                           0x00001fd1   Thumb Code    40  clib_os.o(.text._mutex_acquire)
    _mutex_free                              0x00001ff9   Thumb Code    84  clib_os.o(.text._mutex_free)
    _mutex_initialize                        0x0000204d   Thumb Code   168  clib_os.o(.text._mutex_initialize)
    _mutex_release                           0x000020f5   Thumb Code    42  clib_os.o(.text._mutex_release)
    _platform_post_stackheap_init            0x00002121   Thumb Code     2  clib_os.o(.text._platform_post_stackheap_init)
    closeWindow                              0x00002125   Thumb Code    96  helper_functions.o(.text.closeWindow)
    main                                     0x000021d9   Thumb Code   812  main.o(.text.main)
    openWindow                               0x00002505   Thumb Code    96  helper_functions.o(.text.openWindow)
    pvPortMalloc                             0x00003629   Thumb Code   438  heap_4.o(.text.pvPortMalloc)
    pvTaskIncrementMutexHeldCount            0x000037e1   Thumb Code    36  tasks.o(.text.pvTaskIncrementMutexHeldCount)
    pxPortInitialiseStack                    0x00003805   Thumb Code    94  port.o(.text.pxPortInitialiseStack)
    stopWindow                               0x000038c1   Thumb Code    38  helper_functions.o(.text.stopWindow)
    trigger_limit_semaphore                  0x00003919   Thumb Code    98  main.o(.text.trigger_limit_semaphore)
    uxListRemove                             0x0000397d   Thumb Code    72  list.o(.text.uxListRemove)
    uxTaskGetNumberOfTasks                   0x000039c5   Thumb Code    12  tasks.o(.text.uxTaskGetNumberOfTasks)
    vApplicationGetIdleTaskMemory            0x000039d1   Thumb Code    42  tasks.o(.text.vApplicationGetIdleTaskMemory)
    vApplicationGetTimerTaskMemory           0x000039fd   Thumb Code    42  tasks.o(.text.vApplicationGetTimerTaskMemory)
    vApplicationIdleHook                     0x00003a29   Thumb Code    78  main.o(.text.vApplicationIdleHook)
    vApplicationStackOverflowHook            0x00003a79   Thumb Code    10  cmsis_os2.o(.text.vApplicationStackOverflowHook)
    vDebounceTimerCallback                   0x00003a85   Thumb Code    20  main.o(.text.vDebounceTimerCallback)
    vDriverWindowElevateTask                 0x00003a99   Thumb Code   368  main.o(.text.vDriverWindowElevateTask)
    vDriverWindowLowerTask                   0x00003c09   Thumb Code   376  main.o(.text.vDriverWindowLowerTask)
    vEncoderMonitorTask                      0x00003d81   Thumb Code   876  main.o(.text.vEncoderMonitorTask)
    vLCDTask                                 0x000040ed   Thumb Code   266  main.o(.text.vLCDTask)
    vListInitialise                          0x000041f9   Thumb Code    46  list.o(.text.vListInitialise)
    vListInitialiseItem                      0x00004229   Thumb Code    14  list.o(.text.vListInitialiseItem)
    vListInsert                              0x00004239   Thumb Code   106  list.o(.text.vListInsert)
    vListInsertEnd                           0x000042a5   Thumb Code    58  list.o(.text.vListInsertEnd)
    vLockWindowsTask                         0x000042e1   Thumb Code   182  main.o(.text.vLockWindowsTask)
    vLowerLimitTask                          0x00004399   Thumb Code   244  main.o(.text.vLowerLimitTask)
    vObstacleDetection                       0x0000448d   Thumb Code   180  main.o(.text.vObstacleDetection)
    vPassengerWindowElevateTask              0x00004541   Thumb Code   392  main.o(.text.vPassengerWindowElevateTask)
    vPassengerWindowLowerTask                0x000046c9   Thumb Code   400  main.o(.text.vPassengerWindowLowerTask)
    vPortEnterCritical                       0x0000486d   Thumb Code    48  port.o(.text.vPortEnterCritical)
    vPortExitCritical                        0x0000489d   Thumb Code    38  port.o(.text.vPortExitCritical)
    vPortFree                                0x000048c5   Thumb Code   118  heap_4.o(.text.vPortFree)
    vPortSetupTimerInterrupt                 0x0000493d   Thumb Code    68  port.o(.text.vPortSetupTimerInterrupt)
    vQueueDelete                             0x00004981   Thumb Code    34  queue.o(.text.vQueueDelete)
    vQueueWaitForMessageRestricted           0x000049a5   Thumb Code   100  queue.o(.text.vQueueWaitForMessageRestricted)
    vStatusProducerTask                      0x00004a09   Thumb Code   146  main.o(.text.vStatusProducerTask)
    vTaskDelay                               0x00004a9d   Thumb Code    74  tasks.o(.text.vTaskDelay)
    vTaskInternalSetTimeOutState             0x00004ae9   Thumb Code    36  tasks.o(.text.vTaskInternalSetTimeOutState)
    vTaskMissedYield                         0x00004b0d   Thumb Code    14  tasks.o(.text.vTaskMissedYield)
    vTaskPlaceOnEventList                    0x00004b1d   Thumb Code    38  tasks.o(.text.vTaskPlaceOnEventList)
    vTaskPlaceOnEventListRestricted          0x00004b45   Thumb Code   100  tasks.o(.text.vTaskPlaceOnEventListRestricted)
    vTaskPriorityDisinheritAfterTimeout      0x00004ba9   Thumb Code   312  tasks.o(.text.vTaskPriorityDisinheritAfterTimeout)
    vTaskResume                              0x00004ce1   Thumb Code   264  tasks.o(.text.vTaskResume)
    vTaskStartScheduler                      0x00004de9   Thumb Code   114  tasks.o(.text.vTaskStartScheduler)
    vTaskSuspend                             0x00004e5d   Thumb Code   296  tasks.o(.text.vTaskSuspend)
    vTaskSuspendAll                          0x00004f85   Thumb Code    16  tasks.o(.text.vTaskSuspendAll)
    vTaskSwitchContext                       0x00004f95   Thumb Code   284  tasks.o(.text.vTaskSwitchContext)
    vUpperLimitTask                          0x000050b1   Thumb Code   258  main.o(.text.vUpperLimitTask)
    xPortStartScheduler                      0x000051f5   Thumb Code   108  port.o(.text.xPortStartScheduler)
    xPortSysTickHandler                      0x00005261   Thumb Code    62  port.o(.text.xPortSysTickHandler)
    xQueueCreateMutex                        0x000052a1   Thumb Code    38  queue.o(.text.xQueueCreateMutex)
    xQueueCreateMutexStatic                  0x000052c9   Thumb Code    50  queue.o(.text.xQueueCreateMutexStatic)
    xQueueGenericCreate                      0x000052fd   Thumb Code   134  queue.o(.text.xQueueGenericCreate)
    xQueueGenericCreateStatic                0x00005385   Thumb Code   108  queue.o(.text.xQueueGenericCreateStatic)
    xQueueGenericReset                       0x000053f1   Thumb Code   208  queue.o(.text.xQueueGenericReset)
    xQueueGenericSend                        0x000054c1   Thumb Code   362  queue.o(.text.xQueueGenericSend)
    xQueueGenericSendFromISR                 0x0000562d   Thumb Code   214  queue.o(.text.xQueueGenericSendFromISR)
    xQueueGiveFromISR                        0x00005705   Thumb Code   198  queue.o(.text.xQueueGiveFromISR)
    xQueueReceive                            0x000057cd   Thumb Code   338  queue.o(.text.xQueueReceive)
    xQueueSemaphoreTake                      0x00005921   Thumb Code   414  queue.o(.text.xQueueSemaphoreTake)
    xTaskCheckForTimeOut                     0x00005ac1   Thumb Code   196  tasks.o(.text.xTaskCheckForTimeOut)
    xTaskCreate                              0x00005b85   Thumb Code    82  tasks.o(.text.xTaskCreate)
    xTaskCreateStatic                        0x00005bd9   Thumb Code    92  tasks.o(.text.xTaskCreateStatic)
    xTaskGetSchedulerState                   0x00005c35   Thumb Code    56  tasks.o(.text.xTaskGetSchedulerState)
    xTaskGetTickCount                        0x00005c6d   Thumb Code    20  tasks.o(.text.xTaskGetTickCount)
    xTaskGetTickCountFromISR                 0x00005c81   Thumb Code    24  tasks.o(.text.xTaskGetTickCountFromISR)
    xTaskIncrementTick                       0x00005c99   Thumb Code   606  tasks.o(.text.xTaskIncrementTick)
    xTaskPriorityDisinherit                  0x00005ef9   Thumb Code   242  tasks.o(.text.xTaskPriorityDisinherit)
    xTaskPriorityInherit                     0x00005fed   Thumb Code   348  tasks.o(.text.xTaskPriorityInherit)
    xTaskRemoveFromEventList                 0x00006149   Thumb Code   404  tasks.o(.text.xTaskRemoveFromEventList)
    xTaskResumeAll                           0x000062dd   Thumb Code   574  tasks.o(.text.xTaskResumeAll)
    xTimerCreate                             0x0000651d   Thumb Code    74  timers.o(.text.xTimerCreate)
    xTimerCreateTimerTask                    0x00006569   Thumb Code   120  timers.o(.text.xTimerCreateTimerTask)
    xTimerGenericCommandFromISR              0x000065e1   Thumb Code    88  timers.o(.text.xTimerGenericCommandFromISR)
    _btod_d2e                                0x00006639   Thumb Code    62  btod.o(CL$$btod_d2e)
    _d2e_denorm_low                          0x00006677   Thumb Code    70  btod.o(CL$$btod_d2e_denorm_low)
    _d2e_norm_op1                            0x000066bd   Thumb Code    96  btod.o(CL$$btod_d2e_norm_op1)
    __btod_div_common                        0x0000671d   Thumb Code   696  btod.o(CL$$btod_div_common)
    _e2e                                     0x00006a55   Thumb Code   220  btod.o(CL$$btod_e2e)
    _btod_ediv                               0x00006b31   Thumb Code    42  btod.o(CL$$btod_ediv)
    _btod_emul                               0x00006b5b   Thumb Code    42  btod.o(CL$$btod_emul)
    __btod_mult_common                       0x00006b85   Thumb Code   580  btod.o(CL$$btod_mult_common)
    GPIODirModeSet                           0x00006dc9   Thumb Code    40  gpio.o(i.GPIODirModeSet)
    GPIOIntClear                             0x00006df1   Thumb Code     6  gpio.o(i.GPIOIntClear)
    GPIOIntEnable                            0x00006df7   Thumb Code    14  gpio.o(i.GPIOIntEnable)
    GPIOIntRegister                          0x00006e05   Thumb Code    70  gpio.o(i.GPIOIntRegister)
    GPIOIntStatus                            0x00006e5d   Thumb Code    14  gpio.o(i.GPIOIntStatus)
    GPIOIntTypeSet                           0x00006e6b   Thumb Code    80  gpio.o(i.GPIOIntTypeSet)
    GPIOPadConfigSet                         0x00006ebb   Thumb Code   314  gpio.o(i.GPIOPadConfigSet)
    GPIOPinConfigure                         0x00006ff5   Thumb Code    64  gpio.o(i.GPIOPinConfigure)
    GPIOPinRead                              0x0000703d   Thumb Code     6  gpio.o(i.GPIOPinRead)
    GPIOPinTypeGPIOInput                     0x00007043   Thumb Code    28  gpio.o(i.GPIOPinTypeGPIOInput)
    GPIOPinTypeGPIOOutput                    0x0000705f   Thumb Code    28  gpio.o(i.GPIOPinTypeGPIOOutput)
    GPIOPinTypeI2C                           0x0000707b   Thumb Code    28  gpio.o(i.GPIOPinTypeI2C)
    GPIOPinTypeI2CSCL                        0x00007097   Thumb Code    28  gpio.o(i.GPIOPinTypeI2CSCL)
    GPIOPinTypeQEI                           0x000070b3   Thumb Code    28  gpio.o(i.GPIOPinTypeQEI)
    GPIOPinWrite                             0x000070cf   Thumb Code     6  gpio.o(i.GPIOPinWrite)
    I2CMasterBusy                            0x000070d5   Thumb Code    12  i2c.o(i.I2CMasterBusy)
    I2CMasterControl                         0x000070e1   Thumb Code     4  i2c.o(i.I2CMasterControl)
    I2CMasterDataPut                         0x000070e5   Thumb Code     4  i2c.o(i.I2CMasterDataPut)
    I2CMasterInitExpClk                      0x000070e9   Thumb Code    72  i2c.o(i.I2CMasterInitExpClk)
    I2CMasterSlaveAddrSet                    0x0000713d   Thumb Code     8  i2c.o(i.I2CMasterSlaveAddrSet)
    IntEnable                                0x00007145   Thumb Code    92  interrupt.o(i.IntEnable)
    IntPrioritySet                           0x000071a9   Thumb Code    36  interrupt.o(i.IntPrioritySet)
    IntRegister                              0x000071d1   Thumb Code    44  interrupt.o(i.IntRegister)
    QEIConfigure                             0x00007205   Thumb Code    14  qei.o(i.QEIConfigure)
    QEIDirectionGet                          0x00007213   Thumb Code    16  qei.o(i.QEIDirectionGet)
    QEIEnable                                0x00007223   Thumb Code    10  qei.o(i.QEIEnable)
    QEIPositionGet                           0x0000722d   Thumb Code     4  qei.o(i.QEIPositionGet)
    QEIPositionSet                           0x00007231   Thumb Code     4  qei.o(i.QEIPositionSet)
    SysCtlClockGet                           0x00007235   Thumb Code   314  sysctl.o(i.SysCtlClockGet)
    SysCtlClockSet                           0x00007399   Thumb Code   270  sysctl.o(i.SysCtlClockSet)
    SysCtlPeripheralEnable                   0x000074b9   Thumb Code    36  sysctl.o(i.SysCtlPeripheralEnable)
    SysCtlPeripheralReady                    0x000074e1   Thumb Code    40  sysctl.o(i.SysCtlPeripheralReady)
    SysCtlSleep                              0x0000750d   Thumb Code     4  sysctl.o(i.SysCtlSleep)
    __ARM_fpclassify                         0x00007511   Thumb Code    48  fpclassify.o(i.__ARM_fpclassify)
    _is_digit                                0x00007541   Thumb Code    14  __printf_wp.o(i._is_digit)
    _get_lc_numeric                          0x00007551   Thumb Code    44  lc_numeric_c.o(locale$$code)
    _get_lc_ctype                            0x0000757d   Thumb Code    44  lc_ctype_c.o(locale$$code)
    $Super$$_fp_init                         0x000075a9   Thumb Code    26  fpinit.o(x$fpl$fpinit)
    __fplib_config_fpu_vfp                   0x000075c1   Thumb Code     0  fpinit.o(x$fpl$fpinit)
    __fplib_config_pureend_doubles           0x000075c1   Thumb Code     0  fpinit.o(x$fpl$fpinit)
    _printf_fp_dec                           0x000075c3   Thumb Code     4  printf1.o(x$fpl$printf1)
    _printf_fp_hex                           0x000075c7   Thumb Code     4  printf2.o(x$fpl$printf2)
    __I$use$fp                               0x000075ca   Number         0  usenofp.o(x$fpl$usenofp)
    Region$$Table$$Base                      0x00007c8c   Number         0  anon$$obj.o(Region$$Table)
    Region$$Table$$Limit                     0x00007cac   Number         0  anon$$obj.o(Region$$Table)
    __ctype                                  0x00007cd5   Data           0  lc_ctype_c.o(locale$$data)
    SystemCoreClock                          0x20000000   Data           4  system_tm4c123.o(.data.SystemCoreClock)
    last_task                                0x20000008   Data           1  helper_functions.o(.data.last_task)
    operation                                0x20000009   Data           1  helper_functions.o(.data.operation)
    window_state                             0x20000010   Data           1  helper_functions.o(.data.window_state)
    __libspace_start                         0x20000670   Data          96  libspace.o(.bss)
    __temporary_stack_top$libspace           0x200006d0   Data           0  libspace.o(.bss)
    autoMode                                 0x200006d0   Data           1  helper_functions.o(.bss.autoMode)
    debounce_in_progress                     0x20000878   Data           1  main.o(.bss.debounce_in_progress)
    encoder_limit                            0x20000879   Data           1  helper_functions.o(.bss.encoder_limit)
    lock_state                               0x2000087a   Data           1  main.o(.bss.lock_state)
    objDet                                   0x2000087b   Data           1  helper_functions.o(.bss.objDet)
    passenger_elevate_button_state           0x2000087c   Data           1  main.o(.bss.passenger_elevate_button_state)
    passenger_lower_button_state             0x2000087d   Data           1  main.o(.bss.passenger_lower_button_state)
    pos                                      0x20000880   Data           4  helper_functions.o(.bss.pos)
    prev_pos                                 0x20000884   Data           4  helper_functions.o(.bss.prev_pos)
    pxCurrentTCB                             0x2000092c   Data           4  tasks.o(.bss.pxCurrentTCB)
    windowPct                                0x200031b0   Data           4  main.o(.bss.windowPct)
    xDebounceTimer                           0x200031dc   Data           4  main.o(.bss.xDebounceTimer)
    xDriverDownSem                           0x20003208   Data           4  main.o(.bss.xDriverDownSem)
    xDriverUpSem                             0x2000320c   Data           4  main.o(.bss.xDriverUpSem)
    xDriverWindowElevateTaskHandle           0x20003210   Data           4  main.o(.bss.xDriverWindowElevateTaskHandle)
    xDriverWindowLowerTaskHandle             0x20003214   Data           4  main.o(.bss.xDriverWindowLowerTaskHandle)
    xLockWindowsSem                          0x20003220   Data           4  main.o(.bss.xLockWindowsSem)
    xLockWindowsTaskHandle                   0x20003224   Data           4  main.o(.bss.xLockWindowsTaskHandle)
    xLowerLimitSem                           0x20003228   Data           4  main.o(.bss.xLowerLimitSem)
    xLowerLimitTaskHandle                    0x2000322c   Data           4  main.o(.bss.xLowerLimitTaskHandle)
    xObstacleDetectionHandle                 0x20003244   Data           4  main.o(.bss.xObstacleDetectionHandle)
    xObstacleDetectionSem                    0x20003248   Data           4  main.o(.bss.xObstacleDetectionSem)
    xPassengerDownSem                        0x2000324c   Data           4  main.o(.bss.xPassengerDownSem)
    xPassengerUpSem                          0x20003250   Data           4  main.o(.bss.xPassengerUpSem)
    xPassengerWindowElevateTaskHandle        0x20003254   Data           4  main.o(.bss.xPassengerWindowElevateTaskHandle)
    xPassengerWindowLowerTaskHandle          0x20003258   Data           4  main.o(.bss.xPassengerWindowLowerTaskHandle)
    xUpperLimitSem                           0x200032b8   Data           4  main.o(.bss.xUpperLimitSem)
    xUpperLimitTaskHandle                    0x200032bc   Data           4  main.o(.bss.xUpperLimitTaskHandle)



==============================================================================

Memory Map of the image

  Image Entry point : 0x00000411

  Load Region LR_1 (Base: 0x00000000, Size: 0x0000866c, Max: 0xffffffff, ABSOLUTE, COMPRESSED[0x0000801c])

    Execution Region ER_RO (Exec base: 0x00000000, Load base: 0x00000000, Size: 0x00007dd8, Max: 0xffffffff, ABSOLUTE)

    Exec Addr    Load Addr    Size         Type   Attr      Idx    E Section Name        Object

    0x00000000   0x00000000   0x0000026c   Data   RO          391    RESET               startup_tm4c123.o
    0x0000026c   0x0000026c   0x00000008   Code   RO         2137  * !!!main             c_w.l(__main.o)
    0x00000274   0x00000274   0x00000034   Code   RO         2478    !!!scatter          c_w.l(__scatter.o)
    0x000002a8   0x000002a8   0x0000003a   Code   RO         2476    !!dczerorl          c_w.l(__dczerorl.o)
    0x000002e2   0x000002e2   0x00000002   PAD
    0x000002e4   0x000002e4   0x0000001c   Code   RO         2480    !!handler_zi        c_w.l(__scatter_zi.o)
    0x00000300   0x00000300   0x00000000   Code   RO         2223    .ARM.Collect$$_printf_percent$$00000000  c_w.l(_printf_percent.o)
    0x00000300   0x00000300   0x00000006   Code   RO         2212    .ARM.Collect$$_printf_percent$$00000001  c_w.l(_printf_n.o)
    0x00000306   0x00000306   0x00000006   Code   RO         2214    .ARM.Collect$$_printf_percent$$00000002  c_w.l(_printf_p.o)
    0x0000030c   0x0000030c   0x00000006   Code   RO         2219    .ARM.Collect$$_printf_percent$$00000003  c_w.l(_printf_f.o)
    0x00000312   0x00000312   0x00000006   Code   RO         2220    .ARM.Collect$$_printf_percent$$00000004  c_w.l(_printf_e.o)
    0x00000318   0x00000318   0x00000006   Code   RO         2221    .ARM.Collect$$_printf_percent$$00000005  c_w.l(_printf_g.o)
    0x0000031e   0x0000031e   0x00000006   Code   RO         2222    .ARM.Collect$$_printf_percent$$00000006  c_w.l(_printf_a.o)
    0x00000324   0x00000324   0x0000000a   Code   RO         2227    .ARM.Collect$$_printf_percent$$00000007  c_w.l(_printf_ll.o)
    0x0000032e   0x0000032e   0x00000006   Code   RO         2216    .ARM.Collect$$_printf_percent$$00000008  c_w.l(_printf_i.o)
    0x00000334   0x00000334   0x00000006   Code   RO         2217    .ARM.Collect$$_printf_percent$$00000009  c_w.l(_printf_d.o)
    0x0000033a   0x0000033a   0x00000006   Code   RO         2218    .ARM.Collect$$_printf_percent$$0000000A  c_w.l(_printf_u.o)
    0x00000340   0x00000340   0x00000006   Code   RO         2215    .ARM.Collect$$_printf_percent$$0000000B  c_w.l(_printf_o.o)
    0x00000346   0x00000346   0x00000006   Code   RO         2213    .ARM.Collect$$_printf_percent$$0000000C  c_w.l(_printf_x.o)
    0x0000034c   0x0000034c   0x00000006   Code   RO         2224    .ARM.Collect$$_printf_percent$$0000000D  c_w.l(_printf_lli.o)
    0x00000352   0x00000352   0x00000006   Code   RO         2225    .ARM.Collect$$_printf_percent$$0000000E  c_w.l(_printf_lld.o)
    0x00000358   0x00000358   0x00000006   Code   RO         2226    .ARM.Collect$$_printf_percent$$0000000F  c_w.l(_printf_llu.o)
    0x0000035e   0x0000035e   0x00000006   Code   RO         2231    .ARM.Collect$$_printf_percent$$00000010  c_w.l(_printf_llo.o)
    0x00000364   0x00000364   0x00000006   Code   RO         2232    .ARM.Collect$$_printf_percent$$00000011  c_w.l(_printf_llx.o)
    0x0000036a   0x0000036a   0x0000000a   Code   RO         2228    .ARM.Collect$$_printf_percent$$00000012  c_w.l(_printf_l.o)
    0x00000374   0x00000374   0x00000006   Code   RO         2210    .ARM.Collect$$_printf_percent$$00000013  c_w.l(_printf_c.o)
    0x0000037a   0x0000037a   0x00000006   Code   RO         2211    .ARM.Collect$$_printf_percent$$00000014  c_w.l(_printf_s.o)
    0x00000380   0x00000380   0x00000006   Code   RO         2229    .ARM.Collect$$_printf_percent$$00000015  c_w.l(_printf_lc.o)
    0x00000386   0x00000386   0x00000006   Code   RO         2230    .ARM.Collect$$_printf_percent$$00000016  c_w.l(_printf_ls.o)
    0x0000038c   0x0000038c   0x00000004   Code   RO         2277    .ARM.Collect$$_printf_percent$$00000017  c_w.l(_printf_percent_end.o)
    0x00000390   0x00000390   0x00000002   Code   RO         2328    .ARM.Collect$$libinit$$00000000  c_w.l(libinit.o)
    0x00000392   0x00000392   0x00000004   Code   RO         2344    .ARM.Collect$$libinit$$00000001  c_w.l(libinit2.o)
    0x00000396   0x00000396   0x00000000   Code   RO         2347    .ARM.Collect$$libinit$$00000004  c_w.l(libinit2.o)
    0x00000396   0x00000396   0x00000000   Code   RO         2349    .ARM.Collect$$libinit$$00000006  c_w.l(libinit2.o)
    0x00000396   0x00000396   0x00000000   Code   RO         2352    .ARM.Collect$$libinit$$0000000C  c_w.l(libinit2.o)
    0x00000396   0x00000396   0x00000000   Code   RO         2354    .ARM.Collect$$libinit$$0000000E  c_w.l(libinit2.o)
    0x00000396   0x00000396   0x00000000   Code   RO         2356    .ARM.Collect$$libinit$$00000010  c_w.l(libinit2.o)
    0x00000396   0x00000396   0x00000006   Code   RO         2357    .ARM.Collect$$libinit$$00000011  c_w.l(libinit2.o)
    0x0000039c   0x0000039c   0x00000000   Code   RO         2359    .ARM.Collect$$libinit$$00000013  c_w.l(libinit2.o)
    0x0000039c   0x0000039c   0x0000000c   Code   RO         2360    .ARM.Collect$$libinit$$00000014  c_w.l(libinit2.o)
    0x000003a8   0x000003a8   0x00000000   Code   RO         2361    .ARM.Collect$$libinit$$00000015  c_w.l(libinit2.o)
    0x000003a8   0x000003a8   0x00000000   Code   RO         2363    .ARM.Collect$$libinit$$00000017  c_w.l(libinit2.o)
    0x000003a8   0x000003a8   0x0000000a   Code   RO         2364    .ARM.Collect$$libinit$$00000018  c_w.l(libinit2.o)
    0x000003b2   0x000003b2   0x00000000   Code   RO         2365    .ARM.Collect$$libinit$$00000019  c_w.l(libinit2.o)
    0x000003b2   0x000003b2   0x00000000   Code   RO         2367    .ARM.Collect$$libinit$$0000001B  c_w.l(libinit2.o)
    0x000003b2   0x000003b2   0x00000000   Code   RO         2369    .ARM.Collect$$libinit$$0000001D  c_w.l(libinit2.o)
    0x000003b2   0x000003b2   0x00000000   Code   RO         2371    .ARM.Collect$$libinit$$0000001F  c_w.l(libinit2.o)
    0x000003b2   0x000003b2   0x00000000   Code   RO         2373    .ARM.Collect$$libinit$$00000021  c_w.l(libinit2.o)
    0x000003b2   0x000003b2   0x00000000   Code   RO         2375    .ARM.Collect$$libinit$$00000023  c_w.l(libinit2.o)
    0x000003b2   0x000003b2   0x00000000   Code   RO         2377    .ARM.Collect$$libinit$$00000025  c_w.l(libinit2.o)
    0x000003b2   0x000003b2   0x00000000   Code   RO         2379    .ARM.Collect$$libinit$$00000027  c_w.l(libinit2.o)
    0x000003b2   0x000003b2   0x00000000   Code   RO         2383    .ARM.Collect$$libinit$$0000002E  c_w.l(libinit2.o)
    0x000003b2   0x000003b2   0x00000000   Code   RO         2385    .ARM.Collect$$libinit$$00000030  c_w.l(libinit2.o)
    0x000003b2   0x000003b2   0x00000000   Code   RO         2387    .ARM.Collect$$libinit$$00000032  c_w.l(libinit2.o)
    0x000003b2   0x000003b2   0x00000000   Code   RO         2389    .ARM.Collect$$libinit$$00000034  c_w.l(libinit2.o)
    0x000003b2   0x000003b2   0x00000002   Code   RO         2390    .ARM.Collect$$libinit$$00000035  c_w.l(libinit2.o)
    0x000003b4   0x000003b4   0x00000002   Code   RO         2412    .ARM.Collect$$libshutdown$$00000000  c_w.l(libshutdown.o)
    0x000003b6   0x000003b6   0x00000000   Code   RO         2427    .ARM.Collect$$libshutdown$$00000002  c_w.l(libshutdown2.o)
    0x000003b6   0x000003b6   0x00000000   Code   RO         2429    .ARM.Collect$$libshutdown$$00000004  c_w.l(libshutdown2.o)
    0x000003b6   0x000003b6   0x00000000   Code   RO         2432    .ARM.Collect$$libshutdown$$00000007  c_w.l(libshutdown2.o)
    0x000003b6   0x000003b6   0x00000000   Code   RO         2435    .ARM.Collect$$libshutdown$$0000000A  c_w.l(libshutdown2.o)
    0x000003b6   0x000003b6   0x00000000   Code   RO         2437    .ARM.Collect$$libshutdown$$0000000C  c_w.l(libshutdown2.o)
    0x000003b6   0x000003b6   0x00000000   Code   RO         2440    .ARM.Collect$$libshutdown$$0000000F  c_w.l(libshutdown2.o)
    0x000003b6   0x000003b6   0x00000002   Code   RO         2441    .ARM.Collect$$libshutdown$$00000010  c_w.l(libshutdown2.o)
    0x000003b8   0x000003b8   0x00000000   Code   RO         2141    .ARM.Collect$$rtentry$$00000000  c_w.l(__rtentry.o)
    0x000003b8   0x000003b8   0x00000000   Code   RO         2246    .ARM.Collect$$rtentry$$00000002  c_w.l(__rtentry2.o)
    0x000003b8   0x000003b8   0x00000006   Code   RO         2258    .ARM.Collect$$rtentry$$00000004  c_w.l(__rtentry4.o)
    0x000003be   0x000003be   0x00000008   Code   RO         2247    .ARM.Collect$$rtentry$$00000008  c_w.l(__rtentry2.o)
    0x000003c6   0x000003c6   0x00000004   Code   RO         2249    .ARM.Collect$$rtentry$$0000000A  c_w.l(__rtentry2.o)
    0x000003ca   0x000003ca   0x00000000   Code   RO         2251    .ARM.Collect$$rtentry$$0000000C  c_w.l(__rtentry2.o)
    0x000003ca   0x000003ca   0x00000008   Code   RO         2252    .ARM.Collect$$rtentry$$0000000D  c_w.l(__rtentry2.o)
    0x000003d2   0x000003d2   0x00000002   Code   RO         2337    .ARM.Collect$$rtexit$$00000000  c_w.l(rtexit.o)
    0x000003d4   0x000003d4   0x00000000   Code   RO         2392    .ARM.Collect$$rtexit$$00000002  c_w.l(rtexit2.o)
    0x000003d4   0x000003d4   0x00000004   Code   RO         2393    .ARM.Collect$$rtexit$$00000003  c_w.l(rtexit2.o)
    0x000003d8   0x000003d8   0x00000006   Code   RO         2394    .ARM.Collect$$rtexit$$00000004  c_w.l(rtexit2.o)
    0x000003de   0x000003de   0x00000002   PAD
    0x000003e0   0x000003e0   0x00000006   Code   RO         1771    .emb_text           driverlib.lib(sysctl.o)
    0x000003e6   0x000003e6   0x00000002   PAD
    0x000003e8   0x000003e8   0x00000026   Code   RO         2113    .emb_text           driverlib.lib(cpu.o)
    0x0000040e   0x0000040e   0x00000002   PAD
    0x00000410   0x00000410   0x00000114   Code   RO          392  * .text               startup_tm4c123.o
    0x00000524   0x00000524   0x00000040   Code   RO         2125    .text               c_w.l(snprintf.o)
    0x00000564   0x00000564   0x0000008a   Code   RO         2127    .text               c_w.l(rt_memcpy_v6.o)
    0x000005ee   0x000005ee   0x00000010   Code   RO         2129    .text               c_w.l(aeabi_memset4.o)
    0x000005fe   0x000005fe   0x00000044   Code   RO         2131    .text               c_w.l(rt_memclr.o)
    0x00000642   0x00000642   0x00000006   PAD
    0x00000648   0x00000648   0x0000007c   Code   RO         2133    .text               c_w.l(strcmpv7em.o)
    0x000006c4   0x000006c4   0x00000006   Code   RO         2135    .text               c_w.l(heapauxi.o)
    0x000006ca   0x000006ca   0x0000004e   Code   RO         2144    .text               c_w.l(_printf_pad.o)
    0x00000718   0x00000718   0x00000024   Code   RO         2146    .text               c_w.l(_printf_truncate.o)
    0x0000073c   0x0000073c   0x00000052   Code   RO         2148    .text               c_w.l(_printf_str.o)
    0x0000078e   0x0000078e   0x00000002   PAD
    0x00000790   0x00000790   0x00000078   Code   RO         2150    .text               c_w.l(_printf_dec.o)
    0x00000808   0x00000808   0x00000028   Code   RO         2152    .text               c_w.l(_printf_charcount.o)
    0x00000830   0x00000830   0x00000030   Code   RO         2154    .text               c_w.l(_printf_char_common.o)
    0x00000860   0x00000860   0x00000010   Code   RO         2156    .text               c_w.l(_snputc.o)
    0x00000870   0x00000870   0x000000bc   Code   RO         2158    .text               c_w.l(_printf_wctomb.o)
    0x0000092c   0x0000092c   0x0000007c   Code   RO         2161    .text               c_w.l(_printf_longlong_dec.o)
    0x000009a8   0x000009a8   0x00000070   Code   RO         2167    .text               c_w.l(_printf_oct_int_ll.o)
    0x00000a18   0x00000a18   0x00000094   Code   RO         2187    .text               c_w.l(_printf_hex_int_ll_ptr.o)
    0x00000aac   0x00000aac   0x00000188   Code   RO         2207    .text               c_w.l(__printf_flags_ss_wp.o)
    0x00000c34   0x00000c34   0x00000064   Code   RO         2233    .text               c_w.l(rt_memcpy_w.o)
    0x00000c98   0x00000c98   0x0000004e   Code   RO         2235    .text               c_w.l(rt_memclr_w.o)
    0x00000ce6   0x00000ce6   0x0000008a   Code   RO         2260    .text               c_w.l(lludiv10.o)
    0x00000d70   0x00000d70   0x000000b2   Code   RO         2262    .text               c_w.l(_printf_intcommon.o)
    0x00000e22   0x00000e22   0x0000041c   Code   RO         2264    .text               c_w.l(_printf_fp_dec.o)
    0x0000123e   0x0000123e   0x00000002   PAD
    0x00001240   0x00001240   0x000002fc   Code   RO         2268    .text               c_w.l(_printf_fp_hex.o)
    0x0000153c   0x0000153c   0x0000002c   Code   RO         2273    .text               c_w.l(_printf_char.o)
    0x00001568   0x00001568   0x0000002c   Code   RO         2275    .text               c_w.l(_printf_wchar.o)
    0x00001594   0x00001594   0x00000048   Code   RO         2278    .text               c_w.l(_c16rtomb.o)
    0x000015dc   0x000015dc   0x0000004a   Code   RO         2280    .text               c_w.l(sys_stackheap_outer.o)
    0x00001626   0x00001626   0x00000002   PAD
    0x00001628   0x00001628   0x00000010   Code   RO         2282    .text               c_w.l(rt_ctype_table.o)
    0x00001638   0x00001638   0x0000000a   Code   RO         2289    .text               c_w.l(rt_locale_twolibspace.o)
    0x00001642   0x00001642   0x00000002   PAD
    0x00001644   0x00001644   0x00000080   Code   RO         2291    .text               c_w.l(_printf_fp_infnan.o)
    0x000016c4   0x000016c4   0x000000e4   Code   RO         2293    .text               c_w.l(bigflt0.o)
    0x000017a8   0x000017a8   0x00000012   Code   RO         2323    .text               c_w.l(exit.o)
    0x000017ba   0x000017ba   0x00000002   PAD
    0x000017bc   0x000017bc   0x00000008   Code   RO         2334    .text               c_w.l(libspace.o)
    0x000017c4   0x000017c4   0x0000000c   Code   RO         2402    .text               c_w.l(sys_exit.o)
    0x000017d0   0x000017d0   0x00000002   Code   RO         2417    .text               c_w.l(use_no_semi.o)
    0x000017d2   0x000017d2   0x00000000   Code   RO         2419    .text               c_w.l(indicate_semi.o)
    0x000017d2   0x000017d2   0x00000002   PAD
    0x000017d4   0x000017d4   0x00000016   Code   RO          136    .text.$Sub$$_fp_init  clib_os.o
    0x000017ea   0x000017ea   0x00000002   PAD
    0x000017ec   0x000017ec   0x000002d2   Code   RO            4    .text.ISRHandlers   main.o
    0x00001abe   0x00001abe   0x00000002   PAD
    0x00001ac0   0x00001ac0   0x00000022   Code   RO           76    .text.LCD_I2C_Clear  lcd_i2c.o
    0x00001ae2   0x00001ae2   0x00000002   PAD
    0x00001ae4   0x00001ae4   0x00000046   Code   RO           74    .text.LCD_I2C_CreateChar  lcd_i2c.o
    0x00001b2a   0x00001b2a   0x00000002   PAD
    0x00001b2c   0x00001b2c   0x00000054   Code   RO           70    .text.LCD_I2C_Init  lcd_i2c.o
    0x00001b80   0x00001b80   0x00000024   Code   RO           80    .text.LCD_I2C_Print  lcd_i2c.o
    0x00001ba4   0x00001ba4   0x00000038   Code   RO           78    .text.LCD_I2C_SetCursor  lcd_i2c.o
    0x00001bdc   0x00001bdc   0x00000016   Code   RO           82    .text.LCD_I2C_WriteChar  lcd_i2c.o
    0x00001bf2   0x00001bf2   0x0000000e   PAD
    0x00001c00   0x00001c00   0x00000064   Code   RO          490    .text.PendSV_Handler  port.o
    0x00001c64   0x00001c64   0x0000006c   Code   RO           98    .text.PortA_Config  port_config.o
    0x00001cd0   0x00001cd0   0x00000084   Code   RO          100    .text.PortB_Config_LCD  port_config.o
    0x00001d54   0x00001d54   0x0000005c   Code   RO          102    .text.PortC_Config  port_config.o
    0x00001db0   0x00001db0   0x000000c8   Code   RO          104    .text.PortD_Config_QEI  port_config.o
    0x00001e78   0x00001e78   0x00000008   PAD
    0x00001e80   0x00001e80   0x00000024   Code   RO          474    .text.SVC_Handler   port.o
    0x00001ea4   0x00001ea4   0x0000001e   Code   RO          163    .text.SysTick_Handler  cmsis_os2.o
    0x00001ec2   0x00001ec2   0x00000002   PAD
    0x00001ec4   0x00001ec4   0x0000010c   Code   RO          403    .text.SystemInit    system_tm4c123.o
    0x00001fd0   0x00001fd0   0x00000028   Code   RO          144    .text._mutex_acquire  clib_os.o
    0x00001ff8   0x00001ff8   0x00000054   Code   RO          150    .text._mutex_free   clib_os.o
    0x0000204c   0x0000204c   0x000000a8   Code   RO          142    .text._mutex_initialize  clib_os.o
    0x000020f4   0x000020f4   0x0000002a   Code   RO          148    .text._mutex_release  clib_os.o
    0x0000211e   0x0000211e   0x00000002   PAD
    0x00002120   0x00002120   0x00000002   Code   RO          134    .text._platform_post_stackheap_init  clib_os.o
    0x00002122   0x00002122   0x00000002   PAD
    0x00002124   0x00002124   0x00000060   Code   RO          117    .text.closeWindow   helper_functions.o
    0x00002184   0x00002184   0x00000032   Code   RO           88    .text.delay_us      lcd_i2c.o
    0x000021b6   0x000021b6   0x00000002   PAD
    0x000021b8   0x000021b8   0x00000020   Code   RO          146    .text.is_thread_mode  clib_os.o
    0x000021d8   0x000021d8   0x0000032c   Code   RO            2    .text.main          main.o
    0x00002504   0x00002504   0x00000060   Code   RO          115    .text.openWindow    helper_functions.o
    0x00002564   0x00002564   0x00000020   Code   RO          140    .text.os_kernel_is_active  clib_os.o
    0x00002584   0x00002584   0x0000010e   Code   RO          643    .text.prvAddCurrentTaskToDelayedList  tasks.o
    0x00002692   0x00002692   0x00000002   PAD
    0x00002694   0x00002694   0x00000170   Code   RO          627    .text.prvAddNewTaskToReadyList  tasks.o
    0x00002804   0x00002804   0x0000007e   Code   RO          805    .text.prvCheckForValidListAndQueue  timers.o
    0x00002882   0x00002882   0x00000002   PAD
    0x00002884   0x00002884   0x0000005a   Code   RO          677    .text.prvCheckTasksWaitingTermination  tasks.o
    0x000028de   0x000028de   0x00000002   PAD
    0x000028e0   0x000028e0   0x00000042   Code   RO          580    .text.prvCopyDataFromQueue  queue.o
    0x00002922   0x00002922   0x00000002   PAD
    0x00002924   0x00002924   0x000000cc   Code   RO          568    .text.prvCopyDataToQueue  queue.o
    0x000029f0   0x000029f0   0x000000c8   Code   RO          673    .text.prvCreateIdleTasks  tasks.o
    0x00002ab8   0x00002ab8   0x00000078   Code   RO          625    .text.prvCreateStaticTask  tasks.o
    0x00002b30   0x00002b30   0x0000008e   Code   RO          631    .text.prvCreateTask  tasks.o
    0x00002bbe   0x00002bbe   0x00000002   PAD
    0x00002bc0   0x00002bc0   0x0000003c   Code   RO          637    .text.prvDeleteTCB  tasks.o
    0x00002bfc   0x00002bfc   0x00000026   Code   RO          584    .text.prvGetDisinheritPriorityAfterTimeout  queue.o
    0x00002c22   0x00002c22   0x00000002   PAD
    0x00002c24   0x00002c24   0x00000040   Code   RO          851    .text.prvGetNextExpireTime  timers.o
    0x00002c64   0x00002c64   0x000000aa   Code   RO          504    .text.prvHeapInit   heap_4.o
    0x00002d0e   0x00002d0e   0x00000002   PAD
    0x00002d10   0x00002d10   0x0000003c   Code   RO          767    .text.prvIdleTask   tasks.o
    0x00002d4c   0x00002d4c   0x0000002c   Code   RO          548    .text.prvInitialiseMutex  queue.o
    0x00002d78   0x00002d78   0x00000048   Code   RO          540    .text.prvInitialiseNewQueue  queue.o
    0x00002dc0   0x00002dc0   0x000000e6   Code   RO          763    .text.prvInitialiseNewTask  tasks.o
    0x00002ea6   0x00002ea6   0x00000002   PAD
    0x00002ea8   0x00002ea8   0x00000052   Code   RO          811    .text.prvInitialiseNewTimer  timers.o
    0x00002efa   0x00002efa   0x00000002   PAD
    0x00002efc   0x00002efc   0x0000008e   Code   RO          765    .text.prvInitialiseTaskLists  tasks.o
    0x00002f8a   0x00002f8a   0x00000002   PAD
    0x00002f8c   0x00002f8c   0x000000d8   Code   RO          508    .text.prvInsertBlockIntoFreeList  heap_4.o
    0x00003064   0x00003064   0x00000086   Code   RO          865    .text.prvInsertTimerInActiveList  timers.o
    0x000030ea   0x000030ea   0x00000002   PAD
    0x000030ec   0x000030ec   0x00000028   Code   RO          582    .text.prvIsQueueEmpty  queue.o
    0x00003114   0x00003114   0x0000002e   Code   RO          570    .text.prvIsQueueFull  queue.o
    0x00003142   0x00003142   0x00000002   PAD
    0x00003144   0x00003144   0x00000028   Code   RO          482    .text.prvPortStartFirstTask  port.o
    0x0000316c   0x0000316c   0x00000054   Code   RO          859    .text.prvProcessExpiredTimer  timers.o
    0x000031c0   0x000031c0   0x0000014e   Code   RO          855    .text.prvProcessReceivedCommands  timers.o
    0x0000330e   0x0000330e   0x00000002   PAD
    0x00003310   0x00003310   0x0000009a   Code   RO          853    .text.prvProcessTimerOrBlockTask  timers.o
    0x000033aa   0x000033aa   0x00000002   PAD
    0x000033ac   0x000033ac   0x00000034   Code   RO          863    .text.prvReloadTimer  timers.o
    0x000033e0   0x000033e0   0x0000003c   Code   RO          635    .text.prvResetNextTaskUnblockTime  tasks.o
    0x0000341c   0x0000341c   0x00000044   Code   RO          857    .text.prvSampleTimeNow  timers.o
    0x00003460   0x00003460   0x00000052   Code   RO          861    .text.prvSwitchTimerLists  timers.o
    0x000034b2   0x000034b2   0x00000002   PAD
    0x000034b4   0x000034b4   0x00000026   Code   RO          472    .text.prvTaskExitError  port.o
    0x000034da   0x000034da   0x00000002   PAD
    0x000034dc   0x000034dc   0x0000007c   Code   RO          667    .text.prvTaskIsTaskSuspended  tasks.o
    0x00003558   0x00003558   0x0000001e   Code   RO          807    .text.prvTimerTask  timers.o
    0x00003576   0x00003576   0x00000002   PAD
    0x00003578   0x00003578   0x000000ae   Code   RO          572    .text.prvUnlockQueue  queue.o
    0x00003626   0x00003626   0x00000002   PAD
    0x00003628   0x00003628   0x000001b6   Code   RO          502    .text.pvPortMalloc  heap_4.o
    0x000037de   0x000037de   0x00000002   PAD
    0x000037e0   0x000037e0   0x00000024   Code   RO          741    .text.pvTaskIncrementMutexHeldCount  tasks.o
    0x00003804   0x00003804   0x0000005e   Code   RO          470    .text.pxPortInitialiseStack  port.o
    0x00003862   0x00003862   0x00000002   PAD
    0x00003864   0x00003864   0x0000005a   Code   RO           72    .text.sendByte      lcd_i2c.o
    0x000038be   0x000038be   0x00000002   PAD
    0x000038c0   0x000038c0   0x00000026   Code   RO          113    .text.stopWindow    helper_functions.o
    0x000038e6   0x000038e6   0x00000002   PAD
    0x000038e8   0x000038e8   0x00000030   Code   RO           86    .text.strobe        lcd_i2c.o
    0x00003918   0x00003918   0x00000062   Code   RO           30    .text.trigger_limit_semaphore  main.o
    0x0000397a   0x0000397a   0x00000002   PAD
    0x0000397c   0x0000397c   0x00000048   Code   RO          461    .text.uxListRemove  list.o
    0x000039c4   0x000039c4   0x0000000c   Code   RO          685    .text.uxTaskGetNumberOfTasks  tasks.o
    0x000039d0   0x000039d0   0x0000002a   Code   RO          757    .text.vApplicationGetIdleTaskMemory  tasks.o
    0x000039fa   0x000039fa   0x00000002   PAD
    0x000039fc   0x000039fc   0x0000002a   Code   RO          759    .text.vApplicationGetTimerTaskMemory  tasks.o
    0x00003a26   0x00003a26   0x00000002   PAD
    0x00003a28   0x00003a28   0x0000004e   Code   RO           32    .text.vApplicationIdleHook  main.o
    0x00003a76   0x00003a76   0x00000002   PAD
    0x00003a78   0x00003a78   0x0000000a   Code   RO          319    .text.vApplicationStackOverflowHook  cmsis_os2.o
    0x00003a82   0x00003a82   0x00000002   PAD
    0x00003a84   0x00003a84   0x00000014   Code   RO           28    .text.vDebounceTimerCallback  main.o
    0x00003a98   0x00003a98   0x00000170   Code   RO            6    .text.vDriverWindowElevateTask  main.o
    0x00003c08   0x00003c08   0x00000178   Code   RO            8    .text.vDriverWindowLowerTask  main.o
    0x00003d80   0x00003d80   0x0000036c   Code   RO           26    .text.vEncoderMonitorTask  main.o
    0x000040ec   0x000040ec   0x0000010a   Code   RO           22    .text.vLCDTask      main.o
    0x000041f6   0x000041f6   0x00000002   PAD
    0x000041f8   0x000041f8   0x0000002e   Code   RO          453    .text.vListInitialise  list.o
    0x00004226   0x00004226   0x00000002   PAD
    0x00004228   0x00004228   0x0000000e   Code   RO          455    .text.vListInitialiseItem  list.o
    0x00004236   0x00004236   0x00000002   PAD
    0x00004238   0x00004238   0x0000006a   Code   RO          459    .text.vListInsert   list.o
    0x000042a2   0x000042a2   0x00000002   PAD
    0x000042a4   0x000042a4   0x0000003a   Code   RO          457    .text.vListInsertEnd  list.o
    0x000042de   0x000042de   0x00000002   PAD
    0x000042e0   0x000042e0   0x000000b6   Code   RO           14    .text.vLockWindowsTask  main.o
    0x00004396   0x00004396   0x00000002   PAD
    0x00004398   0x00004398   0x000000f4   Code   RO           18    .text.vLowerLimitTask  main.o
    0x0000448c   0x0000448c   0x000000b4   Code   RO           20    .text.vObstacleDetection  main.o
    0x00004540   0x00004540   0x00000188   Code   RO           10    .text.vPassengerWindowElevateTask  main.o
    0x000046c8   0x000046c8   0x00000190   Code   RO           12    .text.vPassengerWindowLowerTask  main.o
    0x00004858   0x00004858   0x00000014   Code   RO          480    .text.vPortEnableVFP  port.o
    0x0000486c   0x0000486c   0x00000030   Code   RO          486    .text.vPortEnterCritical  port.o
    0x0000489c   0x0000489c   0x00000026   Code   RO          488    .text.vPortExitCritical  port.o
    0x000048c2   0x000048c2   0x00000002   PAD
    0x000048c4   0x000048c4   0x00000076   Code   RO          506    .text.vPortFree     heap_4.o
    0x0000493a   0x0000493a   0x00000002   PAD
    0x0000493c   0x0000493c   0x00000044   Code   RO          478    .text.vPortSetupTimerInterrupt  port.o
    0x00004980   0x00004980   0x00000022   Code   RO          598    .text.vQueueDelete  queue.o
    0x000049a2   0x000049a2   0x00000002   PAD
    0x000049a4   0x000049a4   0x00000064   Code   RO          614    .text.vQueueWaitForMessageRestricted  queue.o
    0x00004a08   0x00004a08   0x00000092   Code   RO           24    .text.vStatusProducerTask  main.o
    0x00004a9a   0x00004a9a   0x00000002   PAD
    0x00004a9c   0x00004a9c   0x0000004a   Code   RO          647    .text.vTaskDelay    tasks.o
    0x00004ae6   0x00004ae6   0x00000002   PAD
    0x00004ae8   0x00004ae8   0x00000024   Code   RO          711    .text.vTaskInternalSetTimeOutState  tasks.o
    0x00004b0c   0x00004b0c   0x0000000e   Code   RO          715    .text.vTaskMissedYield  tasks.o
    0x00004b1a   0x00004b1a   0x00000002   PAD
    0x00004b1c   0x00004b1c   0x00000026   Code   RO          699    .text.vTaskPlaceOnEventList  tasks.o
    0x00004b42   0x00004b42   0x00000002   PAD
    0x00004b44   0x00004b44   0x00000064   Code   RO          703    .text.vTaskPlaceOnEventListRestricted  tasks.o
    0x00004ba8   0x00004ba8   0x00000138   Code   RO          737    .text.vTaskPriorityDisinheritAfterTimeout  tasks.o
    0x00004ce0   0x00004ce0   0x00000108   Code   RO          665    .text.vTaskResume   tasks.o
    0x00004de8   0x00004de8   0x00000072   Code   RO          671    .text.vTaskStartScheduler  tasks.o
    0x00004e5a   0x00004e5a   0x00000002   PAD
    0x00004e5c   0x00004e5c   0x00000128   Code   RO          661    .text.vTaskSuspend  tasks.o
    0x00004f84   0x00004f84   0x00000010   Code   RO          641    .text.vTaskSuspendAll  tasks.o
    0x00004f94   0x00004f94   0x0000011c   Code   RO          663    .text.vTaskSwitchContext  tasks.o
    0x000050b0   0x000050b0   0x00000102   Code   RO           16    .text.vUpperLimitTask  main.o
    0x000051b2   0x000051b2   0x00000002   PAD
    0x000051b4   0x000051b4   0x00000040   Code   RO           84    .text.writeExp      lcd_i2c.o
    0x000051f4   0x000051f4   0x0000006c   Code   RO          476    .text.xPortStartScheduler  port.o
    0x00005260   0x00005260   0x0000003e   Code   RO          492    .text.xPortSysTickHandler  port.o
    0x0000529e   0x0000529e   0x00000002   PAD
    0x000052a0   0x000052a0   0x00000026   Code   RO          546    .text.xQueueCreateMutex  queue.o
    0x000052c6   0x000052c6   0x00000002   PAD
    0x000052c8   0x000052c8   0x00000032   Code   RO          550    .text.xQueueCreateMutexStatic  queue.o
    0x000052fa   0x000052fa   0x00000002   PAD
    0x000052fc   0x000052fc   0x00000086   Code   RO          544    .text.xQueueGenericCreate  queue.o
    0x00005382   0x00005382   0x00000002   PAD
    0x00005384   0x00005384   0x0000006c   Code   RO          538    .text.xQueueGenericCreateStatic  queue.o
    0x000053f0   0x000053f0   0x000000d0   Code   RO          536    .text.xQueueGenericReset  queue.o
    0x000054c0   0x000054c0   0x0000016a   Code   RO          558    .text.xQueueGenericSend  queue.o
    0x0000562a   0x0000562a   0x00000002   PAD
    0x0000562c   0x0000562c   0x000000d6   Code   RO          574    .text.xQueueGenericSendFromISR  queue.o
    0x00005702   0x00005702   0x00000002   PAD
    0x00005704   0x00005704   0x000000c6   Code   RO          576    .text.xQueueGiveFromISR  queue.o
    0x000057ca   0x000057ca   0x00000002   PAD
    0x000057cc   0x000057cc   0x00000152   Code   RO          578    .text.xQueueReceive  queue.o
    0x0000591e   0x0000591e   0x00000002   PAD
    0x00005920   0x00005920   0x0000019e   Code   RO          562    .text.xQueueSemaphoreTake  queue.o
    0x00005abe   0x00005abe   0x00000002   PAD
    0x00005ac0   0x00005ac0   0x000000c4   Code   RO          713    .text.xTaskCheckForTimeOut  tasks.o
    0x00005b84   0x00005b84   0x00000052   Code   RO          629    .text.xTaskCreate   tasks.o
    0x00005bd6   0x00005bd6   0x00000002   PAD
    0x00005bd8   0x00005bd8   0x0000005c   Code   RO          623    .text.xTaskCreateStatic  tasks.o
    0x00005c34   0x00005c34   0x00000038   Code   RO          731    .text.xTaskGetSchedulerState  tasks.o
    0x00005c6c   0x00005c6c   0x00000014   Code   RO          681    .text.xTaskGetTickCount  tasks.o
    0x00005c80   0x00005c80   0x00000018   Code   RO          683    .text.xTaskGetTickCountFromISR  tasks.o
    0x00005c98   0x00005c98   0x0000025e   Code   RO          679    .text.xTaskIncrementTick  tasks.o
    0x00005ef6   0x00005ef6   0x00000002   PAD
    0x00005ef8   0x00005ef8   0x000000f2   Code   RO          735    .text.xTaskPriorityDisinherit  tasks.o
    0x00005fea   0x00005fea   0x00000002   PAD
    0x00005fec   0x00005fec   0x0000015c   Code   RO          733    .text.xTaskPriorityInherit  tasks.o
    0x00006148   0x00006148   0x00000194   Code   RO          705    .text.xTaskRemoveFromEventList  tasks.o
    0x000062dc   0x000062dc   0x0000023e   Code   RO          645    .text.xTaskResumeAll  tasks.o
    0x0000651a   0x0000651a   0x00000002   PAD
    0x0000651c   0x0000651c   0x0000004a   Code   RO          809    .text.xTimerCreate  timers.o
    0x00006566   0x00006566   0x00000002   PAD
    0x00006568   0x00006568   0x00000078   Code   RO          803    .text.xTimerCreateTimerTask  timers.o
    0x000065e0   0x000065e0   0x00000058   Code   RO          817    .text.xTimerGenericCommandFromISR  timers.o
    0x00006638   0x00006638   0x0000003e   Code   RO         2296    CL$$btod_d2e        c_w.l(btod.o)
    0x00006676   0x00006676   0x00000046   Code   RO         2298    CL$$btod_d2e_denorm_low  c_w.l(btod.o)
    0x000066bc   0x000066bc   0x00000060   Code   RO         2297    CL$$btod_d2e_norm_op1  c_w.l(btod.o)
    0x0000671c   0x0000671c   0x00000338   Code   RO         2306    CL$$btod_div_common  c_w.l(btod.o)
    0x00006a54   0x00006a54   0x000000dc   Code   RO         2303    CL$$btod_e2e        c_w.l(btod.o)
    0x00006b30   0x00006b30   0x0000002a   Code   RO         2300    CL$$btod_ediv       c_w.l(btod.o)
    0x00006b5a   0x00006b5a   0x0000002a   Code   RO         2299    CL$$btod_emul       c_w.l(btod.o)
    0x00006b84   0x00006b84   0x00000244   Code   RO         2305    CL$$btod_mult_common  c_w.l(btod.o)
    0x00006dc8   0x00006dc8   0x00000028   Code   RO          888    i.GPIODirModeSet    driverlib.lib(gpio.o)
    0x00006df0   0x00006df0   0x00000006   Code   RO          889    i.GPIOIntClear      driverlib.lib(gpio.o)
    0x00006df6   0x00006df6   0x0000000e   Code   RO          891    i.GPIOIntEnable     driverlib.lib(gpio.o)
    0x00006e04   0x00006e04   0x00000058   Code   RO          892    i.GPIOIntRegister   driverlib.lib(gpio.o)
    0x00006e5c   0x00006e5c   0x0000000e   Code   RO          893    i.GPIOIntStatus     driverlib.lib(gpio.o)
    0x00006e6a   0x00006e6a   0x00000050   Code   RO          895    i.GPIOIntTypeSet    driverlib.lib(gpio.o)
    0x00006eba   0x00006eba   0x0000013a   Code   RO          898    i.GPIOPadConfigSet  driverlib.lib(gpio.o)
    0x00006ff4   0x00006ff4   0x00000048   Code   RO          899    i.GPIOPinConfigure  driverlib.lib(gpio.o)
    0x0000703c   0x0000703c   0x00000006   Code   RO          900    i.GPIOPinRead       driverlib.lib(gpio.o)
    0x00007042   0x00007042   0x0000001c   Code   RO          908    i.GPIOPinTypeGPIOInput  driverlib.lib(gpio.o)
    0x0000705e   0x0000705e   0x0000001c   Code   RO          909    i.GPIOPinTypeGPIOOutput  driverlib.lib(gpio.o)
    0x0000707a   0x0000707a   0x0000001c   Code   RO          911    i.GPIOPinTypeI2C    driverlib.lib(gpio.o)
    0x00007096   0x00007096   0x0000001c   Code   RO          912    i.GPIOPinTypeI2CSCL  driverlib.lib(gpio.o)
    0x000070b2   0x000070b2   0x0000001c   Code   RO          921    i.GPIOPinTypeQEI    driverlib.lib(gpio.o)
    0x000070ce   0x000070ce   0x00000006   Code   RO          930    i.GPIOPinWrite      driverlib.lib(gpio.o)
    0x000070d4   0x000070d4   0x0000000c   Code   RO         1220    i.I2CMasterBusy     driverlib.lib(i2c.o)
    0x000070e0   0x000070e0   0x00000004   Code   RO         1221    i.I2CMasterControl  driverlib.lib(i2c.o)
    0x000070e4   0x000070e4   0x00000004   Code   RO         1223    i.I2CMasterDataPut  driverlib.lib(i2c.o)
    0x000070e8   0x000070e8   0x00000054   Code   RO         1228    i.I2CMasterInitExpClk  driverlib.lib(i2c.o)
    0x0000713c   0x0000713c   0x00000008   Code   RO         1238    i.I2CMasterSlaveAddrSet  driverlib.lib(i2c.o)
    0x00007144   0x00007144   0x00000064   Code   RO         1542    i.IntEnable         driverlib.lib(interrupt.o)
    0x000071a8   0x000071a8   0x00000028   Code   RO         1553    i.IntPrioritySet    driverlib.lib(interrupt.o)
    0x000071d0   0x000071d0   0x00000034   Code   RO         1554    i.IntRegister       driverlib.lib(interrupt.o)
    0x00007204   0x00007204   0x0000000e   Code   RO         1657    i.QEIConfigure      driverlib.lib(qei.o)
    0x00007212   0x00007212   0x00000010   Code   RO         1658    i.QEIDirectionGet   driverlib.lib(qei.o)
    0x00007222   0x00007222   0x0000000a   Code   RO         1660    i.QEIEnable         driverlib.lib(qei.o)
    0x0000722c   0x0000722c   0x00000004   Code   RO         1668    i.QEIPositionGet    driverlib.lib(qei.o)
    0x00007230   0x00007230   0x00000004   Code   RO         1669    i.QEIPositionSet    driverlib.lib(qei.o)
    0x00007234   0x00007234   0x00000164   Code   RO         1774    i.SysCtlClockGet    driverlib.lib(sysctl.o)
    0x00007398   0x00007398   0x00000120   Code   RO         1776    i.SysCtlClockSet    driverlib.lib(sysctl.o)
    0x000074b8   0x000074b8   0x00000028   Code   RO         1805    i.SysCtlPeripheralEnable  driverlib.lib(sysctl.o)
    0x000074e0   0x000074e0   0x0000002c   Code   RO         1809    i.SysCtlPeripheralReady  driverlib.lib(sysctl.o)
    0x0000750c   0x0000750c   0x00000004   Code   RO         1819    i.SysCtlSleep       driverlib.lib(sysctl.o)
    0x00007510   0x00007510   0x00000030   Code   RO         2332    i.__ARM_fpclassify  m_wm.l(fpclassify.o)
    0x00007540   0x00007540   0x0000000e   Code   RO         2200    i._is_digit         c_w.l(__printf_wp.o)
    0x0000754e   0x0000754e   0x00000002   PAD
    0x00007550   0x00007550   0x0000002c   Code   RO         2321    locale$$code        c_w.l(lc_numeric_c.o)
    0x0000757c   0x0000757c   0x0000002c   Code   RO         2342    locale$$code        c_w.l(lc_ctype_c.o)
    0x000075a8   0x000075a8   0x0000001a   Code   RO         2139    x$fpl$fpinit        fz_wm.l(fpinit.o)
    0x000075c2   0x000075c2   0x00000004   Code   RO         2237    x$fpl$printf1       fz_wm.l(printf1.o)
    0x000075c6   0x000075c6   0x00000004   Code   RO         2239    x$fpl$printf2       fz_wm.l(printf2.o)
    0x000075ca   0x000075ca   0x00000000   Code   RO         2331    x$fpl$usenofp       fz_wm.l(usenofp.o)
    0x000075ca   0x000075ca   0x00000002   PAD
    0x000075cc   0x000075cc   0x00000210   Data   RO          931    .constdata          driverlib.lib(gpio.o)
    0x000077dc   0x000077dc   0x0000010c   Data   RO         1558    .constdata          driverlib.lib(interrupt.o)
    0x000078e8   0x000078e8   0x000001c4   Data   RO         1826    .constdata          driverlib.lib(sysctl.o)
    0x00007aac   0x00007aac   0x00000008   Data   RO         2159    .constdata          c_w.l(_printf_wctomb.o)
    0x00007ab4   0x00007ab4   0x00000028   Data   RO         2188    .constdata          c_w.l(_printf_hex_int_ll_ptr.o)
    0x00007adc   0x00007adc   0x00000011   Data   RO         2208    .constdata          c_w.l(__printf_flags_ss_wp.o)
    0x00007aed   0x00007aed   0x00000026   Data   RO         2269    .constdata          c_w.l(_printf_fp_hex.o)
    0x00007b13   0x00007b13   0x00000001   PAD
    0x00007b14   0x00007b14   0x00000094   Data   RO         2294    .constdata          c_w.l(bigflt0.o)
    0x00007ba8   0x00007ba8   0x00000004   Data   RO           90    .rodata.LCD_I2C_SetCursor.offsets  lcd_i2c.o
    0x00007bac   0x00007bac   0x00000008   Data   RO           52    .rodata.lockChar    main.o
    0x00007bb4   0x00007bb4   0x000000be   Data   RO           55    .rodata.str1.1      main.o
    0x00007c72   0x00007c72   0x00000005   Data   RO          795    .rodata.str1.1      tasks.o
    0x00007c77   0x00007c77   0x00000008   Data   RO          868    .rodata.str1.1      timers.o
    0x00007c7f   0x00007c7f   0x00000008   Data   RO           53    .rodata.unlockChar  main.o
    0x00007c87   0x00007c87   0x00000001   PAD
    0x00007c88   0x00007c88   0x00000004   Data   RO          786    .rodata.uxTopUsedPriority  tasks.o
    0x00007c8c   0x00007c8c   0x00000020   Data   RO         2475    Region$$Table       anon$$obj.o
    0x00007cac   0x00007cac   0x0000001c   Data   RO         2320    locale$$data        c_w.l(lc_numeric_c.o)
    0x00007cc8   0x00007cc8   0x00000110   Data   RO         2341    locale$$data        c_w.l(lc_ctype_c.o)


    Execution Region ER_RW (Exec base: 0x20000000, Load base: 0x00008000, Size: 0x0000066c, Max: 0xffffffff, ABSOLUTE, COMPRESSED[0x0000001c])

    Exec Addr    Load Addr    Size         Type   Attr      Idx    E Section Name        Object

    0x20000000   COMPRESSED   0x00000004   Data   RW          405    .data.SystemCoreClock  system_tm4c123.o
    0x20000004   COMPRESSED   0x00000004   Data   RW           61    .data.TOTAL_PULSES  main.o
    0x20000008   COMPRESSED   0x00000001   Data   RW          119    .data.last_task     helper_functions.o
    0x20000009   COMPRESSED   0x00000001   Data   RW          121    .data.operation     helper_functions.o
    0x2000000a   COMPRESSED   0x00000002   PAD
    0x2000000c   COMPRESSED   0x00000004   Data   RW          494    .data.uxCriticalNesting  port.o
    0x20000010   COMPRESSED   0x00000001   Data   RW          120    .data.window_state  helper_functions.o
    0x20000011   COMPRESSED   0x000003ef   PAD
    0x20000400   COMPRESSED   0x0000026c   Data   RW         1559    vtable              driverlib.lib(interrupt.o)


    Execution Region ER_ZI (Exec base: 0x20000670, Load base: 0x0000801c, Size: 0x00002e58, Max: 0xffffffff, ABSOLUTE)

    Exec Addr    Load Addr    Size         Type   Attr      Idx    E Section Name        Object

    0x20000670        -       0x00000060   Zero   RW         2335    .bss                c_w.l(libspace.o)
    0x200006d0        -       0x00000001   Zero   RW          124    .bss.autoMode       helper_functions.o
    0x200006d1   0x0000801c   0x00000003   PAD
    0x200006d4        -       0x00000190   Zero   RW          155    .bss.clib_mutex_cb  clib_os.o
    0x20000864        -       0x00000014   Zero   RW          154    .bss.clib_mutex_id  clib_os.o
    0x20000878        -       0x00000001   Zero   RW           34    .bss.debounce_in_progress  main.o
    0x20000879        -       0x00000001   Zero   RW          126    .bss.encoder_limit  helper_functions.o
    0x2000087a        -       0x00000001   Zero   RW           58    .bss.lock_state     main.o
    0x2000087b        -       0x00000001   Zero   RW          125    .bss.objDet         helper_functions.o
    0x2000087c        -       0x00000001   Zero   RW           59    .bss.passenger_elevate_button_state  main.o
    0x2000087d        -       0x00000001   Zero   RW           60    .bss.passenger_lower_button_state  main.o
    0x2000087e   0x0000801c   0x00000002   PAD
    0x20000880        -       0x00000004   Zero   RW          122    .bss.pos            helper_functions.o
    0x20000884        -       0x00000004   Zero   RW          123    .bss.prev_pos       helper_functions.o
    0x20000888        -       0x00000050   Zero   RW          876    .bss.prvCheckForValidListAndQueue.ucStaticTimerQueueStorage  timers.o
    0x200008d8        -       0x00000050   Zero   RW          875    .bss.prvCheckForValidListAndQueue.xStaticTimerQueue  timers.o
    0x20000928        -       0x00000004   Zero   RW          872    .bss.prvSampleTimeNow.xLastTime  timers.o
    0x2000092c        -       0x00000004   Zero   RW          769    .bss.pxCurrentTCB   tasks.o
    0x20000930        -       0x00000004   Zero   RW          870    .bss.pxCurrentTimerList  timers.o
    0x20000934        -       0x00000004   Zero   RW          776    .bss.pxDelayedTaskList  tasks.o
    0x20000938        -       0x00000004   Zero   RW          522    .bss.pxEnd          heap_4.o
    0x2000093c        -       0x00000004   Zero   RW          777    .bss.pxOverflowDelayedTaskList  tasks.o
    0x20000940        -       0x00000004   Zero   RW          871    .bss.pxOverflowTimerList  timers.o
    0x20000944        -       0x00000460   Zero   RW          780    .bss.pxReadyTasksLists  tasks.o
    0x20000da4        -       0x00002000   Zero   RW          528    .bss.ucHeap         heap_4.o
    0x20002da4        -       0x00000004   Zero   RW          774    .bss.uxCurrentNumberOfTasks  tasks.o
    0x20002da8        -       0x00000004   Zero   RW          773    .bss.uxDeletedTasksWaitingCleanUp  tasks.o
    0x20002dac        -       0x00000004   Zero   RW          782    .bss.uxSchedulerSuspended  tasks.o
    0x20002db0        -       0x00000004   Zero   RW          770    .bss.uxTaskNumber   tasks.o
    0x20002db4        -       0x00000004   Zero   RW          781    .bss.uxTopReadyPriority  tasks.o
    0x20002db8        -       0x00000200   Zero   RW          790    .bss.vApplicationGetIdleTaskMemory.uxIdleTaskStack  tasks.o
    0x20002fb8        -       0x0000005c   Zero   RW          789    .bss.vApplicationGetIdleTaskMemory.xIdleTaskTCB  tasks.o
    0x20003014        -       0x00000140   Zero   RW          792    .bss.vApplicationGetTimerTaskMemory.uxTimerTaskStack  tasks.o
    0x20003154        -       0x0000005c   Zero   RW          791    .bss.vApplicationGetTimerTaskMemory.xTimerTaskTCB  tasks.o
    0x200031b0        -       0x00000004   Zero   RW           35    .bss.windowPct      main.o
    0x200031b4        -       0x00000014   Zero   RW          873    .bss.xActiveTimerList1  timers.o
    0x200031c8        -       0x00000014   Zero   RW          874    .bss.xActiveTimerList2  timers.o
    0x200031dc        -       0x00000004   Zero   RW           56    .bss.xDebounceTimer  main.o
    0x200031e0        -       0x00000014   Zero   RW          793    .bss.xDelayedTaskList1  tasks.o
    0x200031f4        -       0x00000014   Zero   RW          794    .bss.xDelayedTaskList2  tasks.o
    0x20003208        -       0x00000004   Zero   RW           45    .bss.xDriverDownSem  main.o
    0x2000320c        -       0x00000004   Zero   RW           44    .bss.xDriverUpSem   main.o
    0x20003210        -       0x00000004   Zero   RW           36    .bss.xDriverWindowElevateTaskHandle  main.o
    0x20003214        -       0x00000004   Zero   RW           37    .bss.xDriverWindowLowerTaskHandle  main.o
    0x20003218        -       0x00000004   Zero   RW          523    .bss.xFreeBytesRemaining  heap_4.o
    0x2000321c        -       0x00000004   Zero   RW          785    .bss.xIdleTaskHandles  tasks.o
    0x20003220        -       0x00000004   Zero   RW           48    .bss.xLockWindowsSem  main.o
    0x20003224        -       0x00000004   Zero   RW           40    .bss.xLockWindowsTaskHandle  main.o
    0x20003228        -       0x00000004   Zero   RW           50    .bss.xLowerLimitSem  main.o
    0x2000322c        -       0x00000004   Zero   RW           42    .bss.xLowerLimitTaskHandle  main.o
    0x20003230        -       0x00000004   Zero   RW          525    .bss.xMinimumEverFreeBytesRemaining  heap_4.o
    0x20003234        -       0x00000004   Zero   RW          784    .bss.xNextTaskUnblockTime  tasks.o
    0x20003238        -       0x00000004   Zero   RW          788    .bss.xNumOfOverflows  tasks.o
    0x2000323c        -       0x00000004   Zero   RW          526    .bss.xNumberOfSuccessfulAllocations  heap_4.o
    0x20003240        -       0x00000004   Zero   RW          527    .bss.xNumberOfSuccessfulFrees  heap_4.o
    0x20003244        -       0x00000004   Zero   RW           43    .bss.xObstacleDetectionHandle  main.o
    0x20003248        -       0x00000004   Zero   RW           51    .bss.xObstacleDetectionSem  main.o
    0x2000324c        -       0x00000004   Zero   RW           47    .bss.xPassengerDownSem  main.o
    0x20003250        -       0x00000004   Zero   RW           46    .bss.xPassengerUpSem  main.o
    0x20003254        -       0x00000004   Zero   RW           38    .bss.xPassengerWindowElevateTaskHandle  main.o
    0x20003258        -       0x00000004   Zero   RW           39    .bss.xPassengerWindowLowerTaskHandle  main.o
    0x2000325c        -       0x00000004   Zero   RW          787    .bss.xPendedTicks   tasks.o
    0x20003260        -       0x00000014   Zero   RW          778    .bss.xPendingReadyList  tasks.o
    0x20003274        -       0x00000004   Zero   RW          771    .bss.xSchedulerRunning  tasks.o
    0x20003278        -       0x00000008   Zero   RW          524    .bss.xStart         heap_4.o
    0x20003280        -       0x00000004   Zero   RW           54    .bss.xStatusQueue   main.o
    0x20003284        -       0x00000014   Zero   RW          779    .bss.xSuspendedTaskList  tasks.o
    0x20003298        -       0x00000014   Zero   RW          772    .bss.xTasksWaitingTermination  tasks.o
    0x200032ac        -       0x00000004   Zero   RW          775    .bss.xTickCount     tasks.o
    0x200032b0        -       0x00000004   Zero   RW          867    .bss.xTimerQueue    timers.o
    0x200032b4        -       0x00000004   Zero   RW          869    .bss.xTimerTaskHandle  timers.o
    0x200032b8        -       0x00000004   Zero   RW           49    .bss.xUpperLimitSem  main.o
    0x200032bc        -       0x00000004   Zero   RW           41    .bss.xUpperLimitTaskHandle  main.o
    0x200032c0        -       0x00000004   Zero   RW          783    .bss.xYieldPendings  tasks.o
    0x200032c4   0x0000801c   0x00000004   PAD
    0x200032c8        -       0x00000000   Zero   RW          390    HEAP                startup_tm4c123.o
    0x200032c8        -       0x00000200   Zero   RW          389    STACK               startup_tm4c123.o


==============================================================================

Image component sizes


      Code (inc. data)   RO Data    RW Data    ZI Data      Debug   Object Name

       422          0          0          0        420       4424   clib_os.o
        40          0          0          0          0      30100   cmsis_os2.o
       942          0          0          0       8220       4647   heap_4.o
       230          0          0          3         11       1236   helper_functions.o
       554          0          4          0          0       2294   lcd_i2c.o
       296          0          0          0          0       2462   list.o
      5418          4        206          4         80       7585   main.o
       652         16          0          4          0       3069   port.o
       532          0          0          0          0       1082   port_config.o
      2882          0          0          0          0      15010   queue.o
       276         24        620          0        512       5600   startup_tm4c123.o
       268          0          0          4          0       6920   system_tm4c123.o
      6190          0          9          0       2296      27502   tasks.o
      1492         10          8          0        220      11328   timers.o

    ----------------------------------------------------------------------
     20344         54        880       1024      11768     123259   Object Totals
         0          0         32          0          0          0   (incl. Generated)
       150          0          1       1009          9          0   (incl. Padding)

    ----------------------------------------------------------------------

      Code (inc. data)   RO Data    RW Data    ZI Data      Debug   Library Member Name

        58          0          0          0          0          0   __dczerorl.o
         8          0          0          0          0         68   __main.o
       392          4         17          0          0         92   __printf_flags_ss_wp.o
        14          0          0          0          0         68   __printf_wp.o
         0          0          0          0          0          0   __rtentry.o
        20          0          0          0          0          0   __rtentry2.o
         6          0          0          0          0          0   __rtentry4.o
        52          8          0          0          0          0   __scatter.o
        28          0          0          0          0          0   __scatter_zi.o
        72          0          0          0          0         96   _c16rtomb.o
         6          0          0          0          0          0   _printf_a.o
         6          0          0          0          0          0   _printf_c.o
        44          0          0          0          0        108   _printf_char.o
        48          6          0          0          0         96   _printf_char_common.o
        40          0          0          0          0         68   _printf_charcount.o
         6          0          0          0          0          0   _printf_d.o
       120         16          0          0          0         92   _printf_dec.o
         6          0          0          0          0          0   _printf_e.o
         6          0          0          0          0          0   _printf_f.o
      1052          0          0          0          0        148   _printf_fp_dec.o
       764          8         38          0          0        100   _printf_fp_hex.o
       128         16          0          0          0         84   _printf_fp_infnan.o
         6          0          0          0          0          0   _printf_g.o
       148          4         40          0          0        160   _printf_hex_int_ll_ptr.o
         6          0          0          0          0          0   _printf_i.o
       178          0          0          0          0         88   _printf_intcommon.o
        10          0          0          0          0          0   _printf_l.o
         6          0          0          0          0          0   _printf_lc.o
        10          0          0          0          0          0   _printf_ll.o
         6          0          0          0          0          0   _printf_lld.o
         6          0          0          0          0          0   _printf_lli.o
         6          0          0          0          0          0   _printf_llo.o
         6          0          0          0          0          0   _printf_llu.o
         6          0          0          0          0          0   _printf_llx.o
       124         16          0          0          0         92   _printf_longlong_dec.o
         6          0          0          0          0          0   _printf_ls.o
         6          0          0          0          0          0   _printf_n.o
         6          0          0          0          0          0   _printf_o.o
       112          8          0          0          0        124   _printf_oct_int_ll.o
         6          0          0          0          0          0   _printf_p.o
        78          0          0          0          0        108   _printf_pad.o
         0          0          0          0          0          0   _printf_percent.o
         4          0          0          0          0          0   _printf_percent_end.o
         6          0          0          0          0          0   _printf_s.o
        82          0          0          0          0         80   _printf_str.o
        36          0          0          0          0         84   _printf_truncate.o
         6          0          0          0          0          0   _printf_u.o
        44          0          0          0          0        108   _printf_wchar.o
       188          6          8          0          0         92   _printf_wctomb.o
         6          0          0          0          0          0   _printf_x.o
        16          0          0          0          0         68   _snputc.o
        16          0          0          0          0         68   aeabi_memset4.o
       228          4        148          0          0         96   bigflt0.o
      1936        128          0          0          0        668   btod.o
        18          0          0          0          0         80   exit.o
         6          0          0          0          0        152   heapauxi.o
         0          0          0          0          0          0   indicate_semi.o
        44         10        272          0          0         76   lc_ctype_c.o
        44         10         28          0          0         76   lc_numeric_c.o
         2          0          0          0          0          0   libinit.o
        34          0          0          0          0          0   libinit2.o
         2          0          0          0          0          0   libshutdown.o
         2          0          0          0          0          0   libshutdown2.o
         8          4          0          0         96         68   libspace.o
       138          0          0          0          0         80   lludiv10.o
        16          4          0          0          0         76   rt_ctype_table.o
        10          0          0          0          0         76   rt_locale_twolibspace.o
        68          0          0          0          0         68   rt_memclr.o
        78          0          0          0          0         80   rt_memclr_w.o
       138          0          0          0          0         68   rt_memcpy_v6.o
       100          0          0          0          0         80   rt_memcpy_w.o
         2          0          0          0          0          0   rtexit.o
        10          0          0          0          0          0   rtexit2.o
        64          6          0          0          0         84   snprintf.o
       124          0          0          0          0         88   strcmpv7em.o
        12          4          0          0          0         68   sys_exit.o
        74          0          0          0          0         80   sys_stackheap_outer.o
         2          0          0          0          0         68   use_no_semi.o
        38          0          0          0          0        504   cpu.o
       780         26        528          0          0      12591   gpio.o
       112         12          0          0          0       3089   i2c.o
       192         20        268        620          0       2355   interrupt.o
        48          0          0          0          0       2123   qei.o
       738         68        452          0          0       4797   sysctl.o
        26          0          0          0          0        116   fpinit.o
         4          0          0          0          0        116   printf1.o
         4          0          0          0          0        116   printf2.o
         0          0          0          0          0          0   usenofp.o
        48          0          0          0          0        124   fpclassify.o

    ----------------------------------------------------------------------
      9192        388       1800        620         96      30155   Library Totals
        30          0          1          0          0          0   (incl. Padding)

    ----------------------------------------------------------------------

      Code (inc. data)   RO Data    RW Data    ZI Data      Debug   Library Name

      7172        262        551          0         96       4224   c_w.l
      1908        126       1248        620          0      25459   driverlib.lib
        34          0          0          0          0        348   fz_wm.l
        48          0          0          0          0        124   m_wm.l

    ----------------------------------------------------------------------
      9192        388       1800        620         96      30155   Library Totals

    ----------------------------------------------------------------------

==============================================================================


      Code (inc. data)   RO Data    RW Data    ZI Data      Debug   

     29536        442       2680       1644      11864     147686   Grand Totals
     29536        442       2680         28      11864     147686   ELF Image Totals (compressed)
     29536        442       2680         28          0          0   ROM Totals

==============================================================================

    Total RO  Size (Code + RO Data)                32216 (  31.46kB)
    Total RW  Size (RW Data + ZI Data)             13508 (  13.19kB)
    Total ROM Size (Code + RO Data + RW Data)      32244 (  31.49kB)

==============================================================================

